42.156.139.6 - - [27/Dec/2013:05:27:35 +0400] "GET / HTTP/1.1" 200 48852 "-" "YisouSpider" "-"
5.149.248.86 - - [27/Dec/2013:05:27:41 +0400] "POST /update.php HTTP/1.1" 200 58 "-" "Opera/9.00 (Windows NT 5.1; U; ru)" "-"
193.105.154.237 - - [27/Dec/2013:05:27:46 +0400] "POST /wp-login.php HTTP/1.1" 200 3500 "http://vozrast-schastya.ru/wp-login.php" "Mozilla/5.0 (Windows NT 6.1; WOW64) AppleWebKit/535.19 (KHTML, like Gecko) Chrome/18.0.1025.152 Safari/535.19" "-"
37.140.141.29 - - [27/Dec/2013:05:27:56 +0400] "GET /?q=sites/default/files/imagecache/product_full/img.jpg HTTP/1.1" 200 93644 "-" "Mozilla/5.0 (compatible; YandexImages/3.0; +http://yandex.com/bots)" "-"
5.149.248.86 - - [27/Dec/2013:05:27:58 +0400] "POST /update.php HTTP/1.1" 200 58 "-" "Opera/9.00 (Windows NT 5.1; U; ru)" "-"
188.190.99.21 - - [27/Dec/2013:05:28:05 +0400] "GET /wp-login.php HTTP/1.1" 404 297 "http://DANCEFLOORMASTERS.COM/wp-login.php" "Mozilla/5.0 (Windows; U; Windows NT 6.0; rv:15.0) Gecko/20121011 Firefox/15.0.2" "-"
37.140.141.29 - - [27/Dec/2013:05:28:06 +0400] "GET /?q=sites/default/files/imagecache/600-155-slider-img/5_3.jpg HTTP/1.1" 200 19148 "-" "Mozilla/5.0 (compatible; YandexImages/3.0; +http://yandex.com/bots)" "-"
5.10.83.14 - - [27/Dec/2013:05:28:10 +0400] "GET /event/2013/10/19/table/all/all/30 HTTP/1.1" 200 55658 "-" "Mozilla/5.0 (compatible; AhrefsBot/5.0; +http://ahrefs.com/robot/)" "-"
5.63.154.55 - - [27/Dec/2013:05:28:20 +0400] "POST /wp-cron.php?doing_wp_cron=1388107700.4572679996490478515625 HTTP/1.0" 302 298 "-" "WordPress/3.4.2; http://prof-emck.ru" "-"
193.105.154.237 - - [27/Dec/2013:05:28:20 +0400] "POST /wp-login.php HTTP/1.1" 200 3812 "http://prof-emck.ru/wp-login.php" "Mozilla/5.0 (Windows NT 6.1; WOW64) AppleWebKit/535.19 (KHTML, like Gecko) Chrome/18.0.1025.152 Safari/535.19" "-"
66.249.78.29 - - [27/Dec/2013:05:28:27 +0400] "GET /garderobnye-shkafy-kupe.php HTTP/1.1" 200 11840 "-" "Mozilla/5.0 (compatible; Googlebot/2.1; +http://www.google.com/bot.html)" "-"
131.253.24.4 - - [27/Dec/2013:05:28:30 +0400] "GET /robots.txt HTTP/1.1" 200 65 "-" "msnbot-media/1.1 (+http://search.msn.com/msnbot.htm)" "-"
5.10.83.14 - - [27/Dec/2013:05:28:37 +0400] "GET /node/4 HTTP/1.1" 200 56878 "-" "Mozilla/5.0 (compatible; AhrefsBot/5.0; +http://ahrefs.com/robot/)" "-"
37.140.141.29 - - [27/Dec/2013:05:28:39 +0400] "GET /?q=sites/default/files/imagecache/product_full/coast-of-paraiso_-dominican-republic1.jpg HTTP/1.1" 200 449617 "-" "Mozilla/5.0 (compatible; YandexImages/3.0; +http://yandex.com/bots)" "-"
66.249.78.189 - - [27/Dec/2013:05:28:41 +0400] "GET /robots.txt HTTP/1.1" 200 1584 "-" "Mozilla/5.0 (compatible; Googlebot/2.1; +http://www.google.com/bot.html)" "-"
5.149.248.86 - - [27/Dec/2013:05:28:43 +0400] "POST /update.php HTTP/1.1" 200 58 "-" "Opera/9.00 (Windows NT 5.1; U; ru)" "-"
199.30.20.107 - - [27/Dec/2013:05:28:44 +0400] "GET /robots.txt HTTP/1.1" 200 65 "-" "msnbot-media/1.1 (+http://search.msn.com/msnbot.htm)" "-"
65.55.215.108 - - [27/Dec/2013:05:28:52 +0400] "GET /robots.txt HTTP/1.1" 200 42 "-" "msnbot-media/1.1 (+http://search.msn.com/msnbot.htm)" "-"
66.249.78.189 - - [27/Dec/2013:05:28:53 +0400] "GET /kontakty HTTP/1.1" 200 29316 "-" "Mozilla/5.0 (iPhone; CPU iPhone OS 6_0 like Mac OS X) AppleWebKit/536.26 (KHTML, like Gecko) Version/6.0 Mobile/10A5376e Safari/8536.25 (compatible; Googlebot-Mobile/2.1; +http://www.google.com/bot.html)" "-"
179.43.141.167 - - [27/Dec/2013:05:28:55 +0400] "GET /wp-content/themes/twentyeleven/404.php HTTP/1.0" 302 304 "http://vashdoktormc.ru/wp-content/themes/twentyeleven/404.php" "Mozilla/4.0 (compatible; MSIE 6.0; Windows 98; Win 9x 4.90)" "-"
5.9.21.195 - - [27/Dec/2013:05:28:58 +0400] "POST /wp-cron.php?doing_wp_cron=1388107738.6187651157379150390625 HTTP/1.0" 302 304 "-" "WordPress/9419; http://vashdoktormc.ru" "-"
5.9.21.195 - - [27/Dec/2013:05:28:58 +0400] "POST /wp-cron.php?doing_wp_cron=1388107738.6187651157379150390625 HTTP/1.0" 302 304 "-" "WordPress/5567; http://vashdoktormc.ru" "-"
5.149.248.86 - - [27/Dec/2013:05:29:00 +0400] "POST /update.php HTTP/1.1" 200 58 "-" "Opera/9.00 (Windows NT 5.1; U; ru)" "-"
37.140.141.29 - - [27/Dec/2013:05:29:17 +0400] "GET /?q=sites/default/files/imagecache/55-75-gor/afx5IuYDny0.jpg HTTP/1.1" 200 1981 "-" "Mozilla/5.0 (compatible; YandexImages/3.0; +http://yandex.com/bots)" "-"
157.55.34.183 - - [27/Dec/2013:05:29:20 +0400] "GET /3mdmps.php HTTP/1.1" 200 11084 "-" "Mozilla/5.0 (compatible; bingbot/2.0; +http://www.bing.com/bingbot.htm)" "-"
157.55.34.183 - - [27/Dec/2013:05:29:21 +0400] "GET /41s.php HTTP/1.1" 200 10458 "-" "Mozilla/5.0 (compatible; bingbot/2.0; +http://www.bing.com/bingbot.htm)" "-"
115.238.253.114 - - [27/Dec/2013:05:29:35 +0400] "GET / HTTP/1.1" 302 296 "-" "Java/1.6.0_10" "-"
95.108.129.207 - - [27/Dec/2013:05:29:35 +0400] "GET / HTTP/1.1" 200 36873 "-" "Mozilla/5.0 (compatible; YandexMetrika/2.0; +http://yandex.com/bots mon1)" "-"
5.149.248.86 - - [27/Dec/2013:05:29:41 +0400] "POST /update.php HTTP/1.1" 200 58 "-" "Opera/9.00 (Windows NT 5.1; U; ru)" "-"
37.140.141.29 - - [27/Dec/2013:05:29:43 +0400] "GET /?q=sites/default/files/imagecache/55-75-gor/_%D0%BE%D1%82%D0%B5%D0%BB%D1%8F_Sunrise_Diamond_Beach_Resort%2C_%D0%A8%D0%B0%D1%80%D0%BC-%D1%8D%D0%BB%D1%8C-%D0%A8%D0%B5%D0%B9%D1%85.jpg HTTP/1.1" 200 1786 "-" "Mozilla/5.0 (compatible; YandexImages/3.0; +http://yandex.com/bots)" "-"
179.43.141.167 - - [27/Dec/2013:05:29:47 +0400] "GET /wp-content/themes/twentyeleven/404.php HTTP/1.0" 302 312 "http://vozrast-schastya.ru/wp-content/themes/twentyeleven/404.php" "Mozilla/4.0 (compatible; MSIE 6.0; Windows 98; Win 9x 4.90)" "-"
176.9.149.239 - - [27/Dec/2013:05:29:48 +0400] "GET / HTTP/1.1" 301 314 "-" "Opera/9.60 (Windows NT 5.1; U; en) Presto/2.1.1" "-"
176.9.149.239 - - [27/Dec/2013:05:29:49 +0400] "GET / HTTP/1.1" 200 14050 "-" "Opera/9.60 (Windows NT 5.1; U; en) Presto/2.1.1" "-"
176.9.149.239 - - [27/Dec/2013:05:29:49 +0400] "GET /dvery/demo_01.htm HTTP/1.1" 301 331 "-" "Mozilla/5.0 (Windows; U; Windows NT 5.1; ru; rv:1.9) Gecko/2008052906 Firefox/3.0" "-"
176.9.149.239 - - [27/Dec/2013:05:29:49 +0400] "GET /dvery/demo_01.htm HTTP/1.1" 200 3892 "-" "Mozilla/5.0 (Windows; U; Windows NT 5.1; ru; rv:1.9) Gecko/2008052906 Firefox/3.0" "-"
195.239.178.205 - - [27/Dec/2013:05:29:50 +0400] "GET / HTTP/1.0" 302 288 "-" "Mozilla/5.0 (compatible; Nigma.ru/3.0; crawler@nigma.ru)" "-"
37.140.141.29 - - [27/Dec/2013:05:29:57 +0400] "GET /?q=sites/default/files/imagecache/600-155-slider-img/_%D0%BE%D1%82%D0%B5%D0%BB%D1%8F_Sunrise_Diamond_Beach_Resort%2C_%D0%A8%D0%B0%D1%80%D0%BC-%D1%8D%D0%BB%D1%8C-%D0%A8%D0%B5%D0%B9%D1%85.jpg HTTP/1.1" 200 16181 "-" "Mozilla/5.0 (compatible; YandexImages/3.0; +http://yandex.com/bots)" "-"
5.149.248.86 - - [27/Dec/2013:05:29:59 +0400] "POST /update.php HTTP/1.1" 200 58 "-" "Opera/9.00 (Windows NT 5.1; U; ru)" "-"
66.249.78.210 - - [27/Dec/2013:05:30:30 +0400] "GET /event/2013/05/26/ical/all/all/30 HTTP/1.1" 200 2681 "-" "Mozilla/5.0 (compatible; Googlebot/2.1; +http://www.google.com/bot.html)" "-"
66.249.78.210 - - [27/Dec/2013:05:30:32 +0400] "GET /event/2013/06/25/table/all/all/30 HTTP/1.1" 200 56950 "-" "Mozilla/5.0 (compatible; Googlebot/2.1; +http://www.google.com/bot.html)" "-"
5.149.248.86 - - [27/Dec/2013:05:30:40 +0400] "POST /update.php HTTP/1.1" 200 58 "-" "Opera/9.00 (Windows NT 5.1; U; ru)" "-"
83.143.142.107 - - [27/Dec/2013:05:30:41 +0400] "GET / HTTP/1.1" 200 47946 "-" "Mozilla/5.0 (Windows NT 6.1; WOW64; rv:7.0.1) Gecko/20100101 Firefox/7.0.1" "-"
5.10.83.14 - - [27/Dec/2013:05:30:46 +0400] "GET /event/2012/12/13/day/ HTTP/1.1" 200 51317 "-" "Mozilla/5.0 (compatible; AhrefsBot/5.0; +http://ahrefs.com/robot/)" "-"
37.140.141.29 - - [27/Dec/2013:05:30:49 +0400] "GET /?q=sites/default/files/imagecache/600-155-slider-img/38987929.jpg HTTP/1.1" 200 15081 "-" "Mozilla/5.0 (compatible; YandexImages/3.0; +http://yandex.com/bots)" "-"
5.149.248.86 - - [27/Dec/2013:05:30:58 +0400] "POST /update.php HTTP/1.1" 200 58 "-" "Opera/9.00 (Windows NT 5.1; U; ru)" "-"
199.30.20.62 - - [27/Dec/2013:05:30:59 +0400] "GET /robots.txt HTTP/1.1" 200 72 "-" "msnbot-media/1.1 (+http://search.msn.com/msnbot.htm)" "-"
199.30.20.101 - - [27/Dec/2013:05:31:00 +0400] "GET /robots.txt HTTP/1.1" 200 42 "-" "msnbot-media/1.1 (+http://search.msn.com/msnbot.htm)" "-"
37.140.141.29 - - [27/Dec/2013:05:31:02 +0400] "GET /?q=sites/default/files/imagecache/product/_%D0%BE%D1%82%D0%B5%D0%BB%D1%8F_Sunrise_Diamond_Beach_Resort%2C_%D0%A8%D0%B0%D1%80%D0%BC-%D1%8D%D0%BB%D1%8C-%D0%A8%D0%B5%D0%B9%D1%85.jpg HTTP/1.1" 200 9886 "-" "Mozilla/5.0 (compatible; YandexImages/3.0; +http://yandex.com/bots)" "-"
5.10.83.14 - - [27/Dec/2013:05:31:07 +0400] "GET /event/2013/11/28/ical/all/all HTTP/1.1" 200 184 "-" "Mozilla/5.0 (compatible; AhrefsBot/5.0; +http://ahrefs.com/robot/)" "-"
66.249.78.68 - - [27/Dec/2013:05:31:26 +0400] "GET /log/kak-pochistit-raschesku.html HTTP/1.1" 404 307 "-" "Mozilla/5.0 (compatible; Googlebot/2.1; +http://www.google.com/bot.html)" "-"
37.140.141.29 - - [27/Dec/2013:05:31:28 +0400] "GET /?q=sites/default/files/imagecache/55-75-gor/img.jpg HTTP/1.1" 200 1830 "-" "Mozilla/5.0 (compatible; YandexImages/3.0; +http://yandex.com/bots)" "-"
178.154.163.30 - - [27/Dec/2013:05:31:35 +0400] "GET /catalog_7_412.html HTTP/1.1" 200 17826 "-" "Mozilla/5.0 (compatible; YandexBot/3.0; +http://yandex.com/bots)" "-"
5.149.248.86 - - [27/Dec/2013:05:31:42 +0400] "POST /update.php HTTP/1.1" 200 58 "-" "Opera/9.00 (Windows NT 5.1; U; ru)" "-"
199.30.20.59 - - [27/Dec/2013:05:31:51 +0400] "GET /robots.txt HTTP/1.1" 200 56 "-" "msnbot-media/1.1 (+http://search.msn.com/msnbot.htm)" "-"
5.63.154.55 - - [27/Dec/2013:05:31:58 +0400] "POST /wp-cron.php?doing_wp_cron=1388107918.5016720294952392578125 HTTP/1.0" 302 304 "-" "WordPress/5306; http://vashdoktormc.ru" "-"
193.105.154.237 - - [27/Dec/2013:05:31:58 +0400] "POST /wp-login.php HTTP/1.1" 200 4548 "http://vashdoktormc.ru/wp-login.php" "Mozilla/5.0 (Windows NT 6.1; WOW64) AppleWebKit/535.19 (KHTML, like Gecko) Chrome/18.0.1025.152 Safari/535.19" "-"
176.99.6.237 - - [27/Dec/2013:05:31:59 +0400] "GET / HTTP/1.1" 301 302 "-" "Mozilla/5.0 (Windows NT 5.1; rv:19.0) Gecko/20100101 Firefox/19.0" "-"
176.99.6.237 - - [27/Dec/2013:05:32:00 +0400] "GET / HTTP/1.1" 200 9344 "-" "Mozilla/5.0 (Windows NT 5.1; rv:19.0) Gecko/20100101 Firefox/19.0" "-"
176.99.6.237 - - [27/Dec/2013:05:32:00 +0400] "GET / HTTP/1.1" 200 9344 "http://www.maf39.ru/" "Mozilla/5.0 (Windows NT 5.1; rv:19.0) Gecko/20100101 Firefox/19.0" "-"
5.149.248.86 - - [27/Dec/2013:05:32:00 +0400] "POST /update.php HTTP/1.1" 200 58 "-" "Opera/9.00 (Windows NT 5.1; U; ru)" "-"
95.46.122.60 - - [27/Dec/2013:05:32:01 +0400] "GET /batuty.php HTTP/1.0" 200 7752 "-" "Mozilla/5.0 (Windows NT 5.1; rv:19.0) Gecko/20100101 Firefox/19.0" "-"
95.46.122.60 - - [27/Dec/2013:05:32:01 +0400] "GET / HTTP/1.0" 200 9324 "HTTP://www.maf39.ru/batuty.php" "Mozilla/4.0 (compatible; MSIE 7.0; Windows NT 6.0; Trident/5.0)" "-"
95.46.122.60 - - [27/Dec/2013:05:32:02 +0400] "GET /detskie-sportivnye-ploshhadki.php HTTP/1.0" 200 12370 "HTTP://www.maf39.ru/batuty.php" "Mozilla/4.0 (compatible; MSIE 7.0; Windows NT 6.0; Trident/5.0)" "-"
95.46.122.60 - - [27/Dec/2013:05:32:03 +0400] "GET /mebel-dlja-detskih-sadov-shkol-i-vuzov.php HTTP/1.0" 200 12391 "HTTP://www.maf39.ru/batuty.php" "Mozilla/4.0 (compatible; MSIE 7.0; Windows NT 6.0; Trident/5.0)" "-"
95.46.122.60 - - [27/Dec/2013:05:32:09 +0400] "GET /mjagkie-igrovye-moduli.php HTTP/1.0" 200 8127 "HTTP://www.maf39.ru/batuty.php" "Mozilla/4.0 (compatible; MSIE 7.0; Windows NT 6.0; Trident/5.0)" "-"
5.10.83.14 - - [27/Dec/2013:05:32:11 +0400] "GET /event/2013/01/28/month/all/all/1 HTTP/1.1" 200 55290 "-" "Mozilla/5.0 (compatible; AhrefsBot/5.0; +http://ahrefs.com/robot/)" "-"
65.55.24.238 - - [27/Dec/2013:05:32:13 +0400] "GET /robots.txt HTTP/1.1" 200 91 "-" "Mozilla/5.0 (compatible; bingbot/2.0; +http://www.bing.com/bingbot.htm)" "-"
65.55.215.67 - - [27/Dec/2013:05:32:16 +0400] "GET /robots.txt HTTP/1.1" 200 98 "-" "msnbot-media/1.1 (+http://search.msn.com/msnbot.htm)" "-"
5.149.248.86 - - [27/Dec/2013:05:32:41 +0400] "POST /update.php HTTP/1.1" 200 58 "-" "Opera/9.00 (Windows NT 5.1; U; ru)" "-"
37.140.141.29 - - [27/Dec/2013:05:32:46 +0400] "GET /?q=sites/default/files/imagecache/product/38987929.jpg HTTP/1.1" 200 9617 "-" "Mozilla/5.0 (compatible; YandexImages/3.0; +http://yandex.com/bots)" "-"
5.149.248.86 - - [27/Dec/2013:05:32:59 +0400] "POST /update.php HTTP/1.1" 200 58 "-" "Opera/9.00 (Windows NT 5.1; U; ru)" "-"
65.55.215.61 - - [27/Dec/2013:05:33:13 +0400] "GET /robots.txt HTTP/1.1" 200 42 "-" "msnbot-media/1.1 (+http://search.msn.com/msnbot.htm)" "-"
77.88.59.64 - - [27/Dec/2013:05:33:16 +0400] "GET / HTTP/1.1" 302 296 "-" "Yandex.Commerce.Pinger" "-"
37.140.141.29 - - [27/Dec/2013:05:33:18 +0400] "GET /?q=sites/default/files/imagecache/600-155-slider-img/163.jpeg HTTP/1.1" 200 24604 "-" "Mozilla/5.0 (compatible; YandexImages/3.0; +http://yandex.com/bots)" "-"
131.253.38.100 - - [27/Dec/2013:05:33:26 +0400] "GET /robots.txt HTTP/1.1" 200 42 "-" "msnbot-media/1.1 (+http://search.msn.com/msnbot.htm)" "-"
5.10.83.14 - - [27/Dec/2013:05:33:29 +0400] "GET /event/2012/11/16/month/ HTTP/1.1" 200 57742 "-" "Mozilla/5.0 (compatible; AhrefsBot/5.0; +http://ahrefs.com/robot/)" "-"
37.140.141.29 - - [27/Dec/2013:05:33:31 +0400] "GET /?q=sites/default/files/imagecache/55-75-gor/Berlin.jpg HTTP/1.1" 200 1861 "-" "Mozilla/5.0 (compatible; YandexImages/3.0; +http://yandex.com/bots)" "-"
65.55.24.238 - - [27/Dec/2013:05:33:33 +0400] "GET /information.html HTTP/1.1" 304 0 "-" "Mozilla/5.0 (compatible; bingbot/2.0; +http://www.bing.com/bingbot.htm)" "-"
207.182.143.146 - - [27/Dec/2013:05:33:35 +0400] "GET /content/daewoo-rn-271-npw HTTP/1.1" 200 33188 "-" "niki-bot" "-"
131.253.24.6 - - [27/Dec/2013:05:33:37 +0400] "GET /robots.txt HTTP/1.1" 404 7642 "-" "msnbot-media/1.1 (+http://search.msn.com/msnbot.htm)" "-"
5.149.248.86 - - [27/Dec/2013:05:33:41 +0400] "POST /update.php HTTP/1.1" 200 58 "-" "Opera/9.00 (Windows NT 5.1; U; ru)" "-"
65.55.215.72 - - [27/Dec/2013:05:33:44 +0400] "GET /robots.txt HTTP/1.1" 200 42 "-" "msnbot-media/1.1 (+http://search.msn.com/msnbot.htm)" "-"
131.253.24.6 - - [27/Dec/2013:05:33:48 +0400] "GET /robots.txt HTTP/1.1" 200 42 "-" "msnbot-media/1.1 (+http://search.msn.com/msnbot.htm)" "-"
5.149.248.86 - - [27/Dec/2013:05:33:59 +0400] "POST /update.php HTTP/1.1" 200 58 "-" "Opera/9.00 (Windows NT 5.1; U; ru)" "-"
37.140.141.29 - - [27/Dec/2013:05:34:00 +0400] "GET /?q=sites/default/files/imagecache/new-spec-170-50/%20%D0%BD%D0%B0%20%D1%81%D0%B0%D0%B9%D1%82.jpg HTTP/1.1" 200 2903 "-" "Mozilla/5.0 (compatible; YandexImages/3.0; +http://yandex.com/bots)" "-"
131.253.24.57 - - [27/Dec/2013:05:34:14 +0400] "-" 400 0 "-" "-" "-"
65.55.215.49 - - [27/Dec/2013:05:34:23 +0400] "GET /robots.txt HTTP/1.1" 200 65 "-" "msnbot-media/1.1 (+http://search.msn.com/msnbot.htm)" "-"
66.249.78.210 - - [27/Dec/2013:05:34:25 +0400] "GET /event/2013/02/08/table/ HTTP/1.1" 200 57521 "-" "Mozilla/5.0 (compatible; Googlebot/2.1; +http://www.google.com/bot.html)" "-"
66.249.78.37 - - [27/Dec/2013:05:34:25 +0400] "GET /dveri.html HTTP/1.1" 200 27922 "-" "Mozilla/5.0 (iPhone; CPU iPhone OS 6_0 like Mac OS X) AppleWebKit/536.26 (KHTML, like Gecko) Version/6.0 Mobile/10A5376e Safari/8536.25 (compatible; Googlebot-Mobile/2.1; +http://www.google.com/bot.html)" "-"
178.154.163.30 - - [27/Dec/2013:05:34:32 +0400] "GET /catalog_7_405.html HTTP/1.1" 200 17937 "-" "Mozilla/5.0 (compatible; YandexBot/3.0; +http://yandex.com/bots)" "-"
37.140.141.29 - - [27/Dec/2013:05:34:34 +0400] "GET /?q=sites/default/files/imagecache/600-155-slider-img/sw_lipka.jpg HTTP/1.1" 200 15806 "-" "Mozilla/5.0 (compatible; YandexImages/3.0; +http://yandex.com/bots)" "-"
5.149.248.86 - - [27/Dec/2013:05:34:41 +0400] "POST /update.php HTTP/1.1" 200 58 "-" "Opera/9.00 (Windows NT 5.1; U; ru)" "-"
199.30.20.29 - - [27/Dec/2013:05:34:41 +0400] "GET /robots.txt HTTP/1.1" 200 42 "-" "msnbot-media/1.1 (+http://search.msn.com/msnbot.htm)" "-"
5.10.83.14 - - [27/Dec/2013:05:34:48 +0400] "GET /node/205 HTTP/1.1" 200 51788 "-" "Mozilla/5.0 (compatible; AhrefsBot/5.0; +http://ahrefs.com/robot/)" "-"
5.149.248.86 - - [27/Dec/2013:05:34:59 +0400] "POST /update.php HTTP/1.1" 200 58 "-" "Opera/9.00 (Windows NT 5.1; U; ru)" "-"
207.182.143.146 - - [27/Dec/2013:05:35:10 +0400] "GET / HTTP/1.1" 200 28081 "-" "niki-bot" "-"
65.55.215.34 - - [27/Dec/2013:05:35:15 +0400] "GET /robots.txt HTTP/1.1" 200 42 "-" "msnbot-media/1.1 (+http://search.msn.com/msnbot.htm)" "-"
5.10.83.14 - - [27/Dec/2013:05:35:21 +0400] "GET /event/2013/04/12/month/all/all/1 HTTP/1.1" 200 54726 "-" "Mozilla/5.0 (compatible; AhrefsBot/5.0; +http://ahrefs.com/robot/)" "-"
37.140.141.29 - - [27/Dec/2013:05:35:24 +0400] "GET /?q=sites/default/files/imagecache/galleryformatter_slide/%20%D0%BA.jpg HTTP/1.1" 200 38053 "-" "Mozilla/5.0 (compatible; YandexImages/3.0; +http://yandex.com/bots)" "-"
78.46.96.169 - - [27/Dec/2013:05:35:30 +0400] "GET / HTTP/1.0" 200 19566 "-" "'Mozilla/4.0 (compatible; MSIE 6.1; Windows NT 5.2)'" "-"
157.56.229.87 - - [27/Dec/2013:05:35:33 +0400] "GET /new-products.php HTTP/1.0" 503 7968 "-" "Mozilla/5.0 (compatible; bingbot/2.0; +http://www.bing.com/bingbot.htm)" "-"
176.99.6.237 - - [27/Dec/2013:05:35:38 +0400] "GET / HTTP/1.1" 301 318 "-" "Mozilla/5.0 (Windows NT 5.1; rv:19.0) Gecko/20100101 Firefox/19.0" "-"
176.99.6.237 - - [27/Dec/2013:05:35:39 +0400] "GET / HTTP/1.1" 200 39989 "-" "Mozilla/5.0 (Windows NT 5.1; rv:19.0) Gecko/20100101 Firefox/19.0" "-"
176.99.6.237 - - [27/Dec/2013:05:35:39 +0400] "GET / HTTP/1.1" 200 39989 "http://www.centere-stone.ru/" "Mozilla/5.0 (Windows NT 5.1; rv:19.0) Gecko/20100101 Firefox/19.0" "-"
78.46.96.169 - - [27/Dec/2013:05:35:39 +0400] "GET /images/mnu_left_bg.png HTTP/1.0" 404 299 "http://www.steh39.ru/css/style.css" "'Mozilla/4.0 (compatible; MSIE 6.1; Windows NT 5.2)'" "-"
95.46.122.120 - - [27/Dec/2013:05:35:40 +0400] "GET /vannye-komnaty-iz-kvarcevogo-naturalnogo-kamnja.php HTTP/1.0" 200 11001 "-" "Mozilla/5.0 (Windows NT 5.1; rv:19.0) Gecko/20100101 Firefox/19.0" "-"
95.46.122.120 - - [27/Dec/2013:05:35:41 +0400] "GET /stojki-resepshn-iz-iskusstvennogo-kamnja.php HTTP/1.0" 200 9790 "HTTP://www.centere-stone.ru/vannye-komnaty-iz-kvarcevogo-naturalnogo-kamnja.php" "Mozilla/4.0 (compatible; MSIE 7.0; Windows NT 6.0; Trident/5.0)" "-"
78.46.96.169 - - [27/Dec/2013:05:35:41 +0400] "GET /uslugi.php HTTP/1.0" 200 16379 "http://www.steh39.ru/" "'Mozilla/4.0 (compatible; MSIE 6.1; Windows NT 5.2)'" "-"
95.46.122.120 - - [27/Dec/2013:05:35:42 +0400] "GET /podokonniki-iz-iskusstvennogo-kamnja.php HTTP/1.0" 200 10701 "HTTP://www.centere-stone.ru/vannye-komnaty-iz-kvarcevogo-naturalnogo-kamnja.php" "Mozilla/4.0 (compatible; MSIE 7.0; Windows NT 6.0; Trident/5.0)" "-"
78.46.96.169 - - [27/Dec/2013:05:35:42 +0400] "GET /object.php HTTP/1.0" 200 20778 "http://www.steh39.ru/" "'Mozilla/4.0 (compatible; MSIE 6.1; Windows NT 5.2)'" "-"
5.149.248.86 - - [27/Dec/2013:05:35:42 +0400] "POST /update.php HTTP/1.1" 200 58 "-" "Opera/9.00 (Windows NT 5.1; U; ru)" "-"
95.46.122.120 - - [27/Dec/2013:05:35:43 +0400] "GET /kuhonnye-mojki-rakoviny-iz-iskusstvennogo-kamnja.php HTTP/1.0" 200 18687 "HTTP://www.centere-stone.ru/vannye-komnaty-iz-kvarcevogo-naturalnogo-kamnja.php" "Mozilla/4.0 (compatible; MSIE 7.0; Windows NT 6.0; Trident/5.0)" "-"
95.46.122.120 - - [27/Dec/2013:05:35:44 +0400] "GET /kuhonnye-stoleshnicy-iz-kvarcevogo-naturalnogo-kamnja.php HTTP/1.0" 200 13708 "HTTP://www.centere-stone.ru/vannye-komnaty-iz-kvarcevogo-naturalnogo-kamnja.php" "Mozilla/4.0 (compatible; MSIE 7.0; Windows NT 6.0; Trident/5.0)" "-"
178.154.163.30 - - [27/Dec/2013:05:35:44 +0400] "GET / HTTP/1.1" 200 12769 "-" "Mozilla/5.0 (compatible; YandexCatalog/3.0; +http://yandex.com/bots)" "-"
95.46.122.120 - - [27/Dec/2013:05:35:45 +0400] "GET /barnye-stojki-iz-kvarcevogo-naturalnogo-kamnja.php HTTP/1.0" 200 9906 "HTTP://www.centere-stone.ru/vannye-komnaty-iz-kvarcevogo-naturalnogo-kamnja.php" "Mozilla/4.0 (compatible; MSIE 7.0; Windows NT 6.0; Trident/5.0)" "-"
78.46.96.169 - - [27/Dec/2013:05:35:46 +0400] "GET /kak-zakazat.php HTTP/1.0" 200 19553 "http://www.steh39.ru/" "'Mozilla/4.0 (compatible; MSIE 6.1; Windows NT 5.2)'" "-"
95.46.122.120 - - [27/Dec/2013:05:35:47 +0400] "GET /iskusstvennyj-kamen-montelli.php HTTP/1.0" 200 23231 "HTTP://www.centere-stone.ru/vannye-komnaty-iz-kvarcevogo-naturalnogo-kamnja.php" "Mozilla/4.0 (compatible; MSIE 7.0; Windows NT 6.0; Trident/5.0)" "-"
78.46.96.169 - - [27/Dec/2013:05:35:47 +0400] "GET /price-list.php HTTP/1.0" 200 18331 "http://www.steh39.ru/" "'Mozilla/4.0 (compatible; MSIE 6.1; Windows NT 5.2)'" "-"
95.46.122.120 - - [27/Dec/2013:05:35:48 +0400] "GET /iskusstvennyj-kamen-bienstone.php HTTP/1.0" 200 14861 "HTTP://www.centere-stone.ru/vannye-komnaty-iz-kvarcevogo-naturalnogo-kamnja.php" "Mozilla/4.0 (compatible; MSIE 7.0; Windows NT 6.0; Trident/5.0)" "-"
78.46.96.169 - - [27/Dec/2013:05:35:48 +0400] "GET /mi-prodaem.php HTTP/1.0" 200 21842 "http://www.steh39.ru/" "'Mozilla/4.0 (compatible; MSIE 6.1; Windows NT 5.2)'" "-"
95.46.122.120 - - [27/Dec/2013:05:35:49 +0400] "GET /iskusstvennyj-kamen-corian.php HTTP/1.0" 200 19308 "HTTP://www.centere-stone.ru/vannye-komnaty-iz-kvarcevogo-naturalnogo-kamnja.php" "Mozilla/4.0 (compatible; MSIE 7.0; Windows NT 6.0; Trident/5.0)" "-"
95.46.122.120 - - [27/Dec/2013:05:35:50 +0400] "GET /iskusstvennyj-akrilovyj-kamen-staron.php HTTP/1.0" 200 25974 "HTTP://www.centere-stone.ru/vannye-komnaty-iz-kvarcevogo-naturalnogo-kamnja.php" "Mozilla/4.0 (compatible; MSIE 7.0; Windows NT 6.0; Trident/5.0)" "-"
78.46.96.169 - - [27/Dec/2013:05:35:51 +0400] "GET /contacts.php HTTP/1.0" 200 18028 "http://www.steh39.ru/" "'Mozilla/4.0 (compatible; MSIE 6.1; Windows NT 5.2)'" "-"
95.46.122.120 - - [27/Dec/2013:05:35:51 +0400] "GET /podokonniki-iz-kvarcevogo-naturalnogo-kamnja.php HTTP/1.0" 200 10011 "HTTP://www.centere-stone.ru/vannye-komnaty-iz-kvarcevogo-naturalnogo-kamnja.php" "Mozilla/4.0 (compatible; MSIE 7.0; Windows NT 6.0; Trident/5.0)" "-"
199.30.20.85 - - [27/Dec/2013:05:35:53 +0400] "GET /robots.txt HTTP/1.1" 200 42 "-" "msnbot-media/1.1 (+http://search.msn.com/msnbot.htm)" "-"
95.46.122.120 - - [27/Dec/2013:05:35:53 +0400] "GET /stojki-resepshn-iz-kvarcevogo-naturalnogo-kamnja.php HTTP/1.0" 200 10437 "HTTP://www.centere-stone.ru/vannye-komnaty-iz-kvarcevogo-naturalnogo-kamnja.php" "Mozilla/4.0 (compatible; MSIE 7.0; Windows NT 6.0; Trident/5.0)" "-"
37.140.141.29 - - [27/Dec/2013:05:35:54 +0400] "GET /?q=sites/default/files/imagecache/55-75-gor/12105187_2.jpg HTTP/1.1" 404 0 "-" "Mozilla/5.0 (compatible; YandexImages/3.0; +http://yandex.com/bots)" "-"
95.46.122.120 - - [27/Dec/2013:05:35:54 +0400] "GET /kuhonnye-stoleshnicy-iz-iskusstvennogo-kamnja.php HTTP/1.0" 200 19347 "HTTP://www.centere-stone.ru/vannye-komnaty-iz-kvarcevogo-naturalnogo-kamnja.php" "Mozilla/4.0 (compatible; MSIE 7.0; Windows NT 6.0; Trident/5.0)" "-"
78.46.96.169 - - [27/Dec/2013:05:35:55 +0400] "GET /jekskavator-pogruzchik-jcb-super.php HTTP/1.0" 200 25123 "http://www.steh39.ru/" "'Mozilla/4.0 (compatible; MSIE 6.1; Windows NT 5.2)'" "-"
95.46.122.120 - - [27/Dec/2013:05:35:56 +0400] "GET /barnye-stojki-iz-iskusstvennogo-kamnja.php HTTP/1.0" 200 9397 "HTTP://www.centere-stone.ru/vannye-komnaty-iz-kvarcevogo-naturalnogo-kamnja.php" "Mozilla/4.0 (compatible; MSIE 7.0; Windows NT 6.0; Trident/5.0)" "-"
184.22.136.110 - - [27/Dec/2013:05:35:56 +0400] "GET /user HTTP/1.0" 200 26193 "-" "Mozilla/5.0 (Windows NT 6.2; WOW64) AppleWebKit/537.36 (KHTML, like Gecko) Chrome/30.0.1599.17 Safari/537.36" "-"
95.46.122.120 - - [27/Dec/2013:05:35:57 +0400] "GET / HTTP/1.0" 200 39960 "HTTP://www.centere-stone.ru/vannye-komnaty-iz-kvarcevogo-naturalnogo-kamnja.php" "Mozilla/4.0 (compatible; MSIE 7.0; Windows NT 6.0; Trident/5.0)" "-"
184.22.136.110 - - [27/Dec/2013:05:35:57 +0400] "POST /user HTTP/1.0" 200 26374 "http://PRAVGIMNAZIA-KLGD.ru/user" "Mozilla/5.0 (Windows NT 6.2; WOW64) AppleWebKit/537.36 (KHTML, like Gecko) Chrome/30.0.1599.17 Safari/537.36" "-"
78.46.96.169 - - [27/Dec/2013:05:35:58 +0400] "GET /pogruzchik-jcb-3-cx.php HTTP/1.0" 200 24450 "http://www.steh39.ru/" "'Mozilla/4.0 (compatible; MSIE 6.1; Windows NT 5.2)'" "-"
78.46.96.169 - - [27/Dec/2013:05:35:59 +0400] "GET /jekskavator-pogruzchik-new-holland.php HTTP/1.0" 200 25470 "http://www.steh39.ru/" "'Mozilla/4.0 (compatible; MSIE 6.1; Windows NT 5.2)'" "-"
5.149.248.86 - - [27/Dec/2013:05:36:00 +0400] "POST /update.php HTTP/1.1" 200 58 "-" "Opera/9.00 (Windows NT 5.1; U; ru)" "-"
199.30.20.44 - - [27/Dec/2013:05:36:00 +0400] "GET /robots.txt HTTP/1.1" 200 1580 "-" "msnbot-media/1.1 (+http://search.msn.com/msnbot.htm)" "-"
78.46.96.169 - - [27/Dec/2013:05:36:01 +0400] "GET /jekskavator-planirovwik-terex.php HTTP/1.0" 200 24640 "http://www.steh39.ru/" "'Mozilla/4.0 (compatible; MSIE 6.1; Windows NT 5.2)'" "-"
199.30.20.44 - - [27/Dec/2013:05:36:01 +0400] "GET /node/155 HTTP/1.1" 200 27802 "-" "msnbot-media/1.1 (+http://search.msn.com/msnbot.htm)" "-"
78.46.96.169 - - [27/Dec/2013:05:36:03 +0400] "GET /kolesnyj-jekskavator-atlas-1304.php HTTP/1.0" 200 24348 "http://www.steh39.ru/" "'Mozilla/4.0 (compatible; MSIE 6.1; Windows NT 5.2)'" "-"
37.140.141.29 - - [27/Dec/2013:05:36:05 +0400] "GET /?q=sites/default/files/imagecache/600-155-slider-img/4.jpg HTTP/1.1" 200 15128 "-" "Mozilla/5.0 (compatible; YandexImages/3.0; +http://yandex.com/bots)" "-"
78.46.96.169 - - [27/Dec/2013:05:36:06 +0400] "GET /minijekskavator-5-5-t-kubota.php HTTP/1.0" 200 25174 "http://www.steh39.ru/" "'Mozilla/4.0 (compatible; MSIE 6.1; Windows NT 5.2)'" "-"
78.46.96.169 - - [27/Dec/2013:05:36:08 +0400] "GET /minijekskavator-4-5-t-cat.php HTTP/1.0" 200 25130 "http://www.steh39.ru/" "'Mozilla/4.0 (compatible; MSIE 6.1; Windows NT 5.2)'" "-"
78.46.96.169 - - [27/Dec/2013:05:36:11 +0400] "GET /minijekskavator-3-8-t-komatsu-pc-35-mr-2.php HTTP/1.0" 200 24834 "http://www.steh39.ru/" "'Mozilla/4.0 (compatible; MSIE 6.1; Windows NT 5.2)'" "-"
78.46.96.169 - - [27/Dec/2013:05:36:13 +0400] "GET /minijekskavator-2-8-t-takeuchi-tb125.php HTTP/1.0" 200 24957 "http://www.steh39.ru/" "'Mozilla/4.0 (compatible; MSIE 6.1; Windows NT 5.2)'" "-"
78.46.96.169 - - [27/Dec/2013:05:36:15 +0400] "GET /gusenichnyj-minijekskavator-komatsu-pc-20-mr-2-galeou.php HTTP/1.0" 200 24692 "http://www.steh39.ru/" "'Mozilla/4.0 (compatible; MSIE 6.1; Windows NT 5.2)'" "-"
78.46.96.169 - - [27/Dec/2013:05:36:17 +0400] "GET /stancija-progreva-betona-ktpto.php HTTP/1.0" 200 21860 "http://www.steh39.ru/" "'Mozilla/4.0 (compatible; MSIE 6.1; Windows NT 5.2)'" "-"
78.46.96.169 - - [27/Dec/2013:05:36:19 +0400] "GET /sitemap.xml HTTP/1.0" 200 1338 "http://www.steh39.ru/" "'Mozilla/4.0 (compatible; MSIE 6.1; Windows NT 5.2)'" "-"
37.140.141.29 - - [27/Dec/2013:05:36:19 +0400] "GET /?q=sites/default/files/imagecache/product/%20%D0%BD%D0%B0%20%D1%81%D0%B0%D0%B9%D1%82.jpg HTTP/1.1" 200 7811 "-" "Mozilla/5.0 (compatible; YandexImages/3.0; +http://yandex.com/bots)" "-"
78.46.96.169 - - [27/Dec/2013:05:36:20 +0400] "GET /vikopat_kotlovan.php HTTP/1.0" 200 17802 "http://www.steh39.ru/" "'Mozilla/4.0 (compatible; MSIE 6.1; Windows NT 5.2)'" "-"
78.46.96.169 - - [27/Dec/2013:05:36:21 +0400] "GET /vyryt_transheyu.php HTTP/1.0" 200 17111 "http://www.steh39.ru/" "'Mozilla/4.0 (compatible; MSIE 6.1; Windows NT 5.2)'" "-"
78.46.96.169 - - [27/Dec/2013:05:36:23 +0400] "GET /zasypka_fundamenta.php HTTP/1.0" 200 17136 "http://www.steh39.ru/" "'Mozilla/4.0 (compatible; MSIE 6.1; Windows NT 5.2)'" "-"
5.63.154.55 - - [27/Dec/2013:05:36:26 +0400] "POST /wp-cron.php?doing_wp_cron=1388108186.6098289489746093750000 HTTP/1.0" 302 312 "-" "WordPress/3.5.1; http://vozrast-schastya.ru" "-"
193.105.154.237 - - [27/Dec/2013:05:36:26 +0400] "POST /wp-login.php HTTP/1.1" 200 3500 "http://vozrast-schastya.ru/wp-login.php" "Mozilla/5.0 (Windows NT 6.1; WOW64) AppleWebKit/535.19 (KHTML, like Gecko) Chrome/18.0.1025.152 Safari/535.19" "-"
78.46.96.169 - - [27/Dec/2013:05:36:28 +0400] "GET /pogruzka_grunta.php HTTP/1.0" 200 16942 "http://www.steh39.ru/" "'Mozilla/4.0 (compatible; MSIE 6.1; Windows NT 5.2)'" "-"
78.46.96.169 - - [27/Dec/2013:05:36:29 +0400] "GET /blagoustroistvo.php HTTP/1.0" 200 17083 "http://www.steh39.ru/" "'Mozilla/4.0 (compatible; MSIE 6.1; Windows NT 5.2)'" "-"
78.46.96.169 - - [27/Dec/2013:05:36:30 +0400] "GET /prolozhit_communikacii.php HTTP/1.0" 200 17535 "http://www.steh39.ru/" "'Mozilla/4.0 (compatible; MSIE 6.1; Windows NT 5.2)'" "-"
37.140.141.29 - - [27/Dec/2013:05:36:33 +0400] "GET /?q=sites/default/files/imagecache/product_full/sw_lipka.jpg HTTP/1.1" 200 44043 "-" "Mozilla/5.0 (compatible; YandexImages/3.0; +http://yandex.com/bots)" "-"
78.46.96.169 - - [27/Dec/2013:05:36:35 +0400] "GET /chistka_kuvetov.php HTTP/1.0" 200 17024 "http://www.steh39.ru/" "'Mozilla/4.0 (compatible; MSIE 6.1; Windows NT 5.2)'" "-"
78.46.96.169 - - [27/Dec/2013:05:36:36 +0400] "GET /smontirovat_septic.php HTTP/1.0" 200 17649 "http://www.steh39.ru/" "'Mozilla/4.0 (compatible; MSIE 6.1; Windows NT 5.2)'" "-"
146.0.74.234 - - [27/Dec/2013:05:36:36 +0400] "GET /administrator/index.php?option=com_login HTTP/1.1" 302 298 "-" "Mozilla/4.0" "-"
78.46.96.169 - - [27/Dec/2013:05:36:38 +0400] "GET /prolozhit_drenazhi_i_drenazhnye_kanavy.php HTTP/1.0" 200 19077 "http://www.steh39.ru/" "'Mozilla/4.0 (compatible; MSIE 6.1; Windows NT 5.2)'" "-"
65.55.215.60 - - [27/Dec/2013:05:36:40 +0400] "GET /robots.txt HTTP/1.1" 200 91 "-" "msnbot-media/1.1 (+http://search.msn.com/msnbot.htm)" "-"
5.149.248.86 - - [27/Dec/2013:05:36:41 +0400] "POST /update.php HTTP/1.1" 200 58 "-" "Opera/9.00 (Windows NT 5.1; U; ru)" "-"
5.10.83.52 - - [27/Dec/2013:05:36:47 +0400] "GET /oil/maslo-tad-17 HTTP/1.1" 200 50507 "-" "Mozilla/5.0 (compatible; AhrefsBot/5.0; +http://ahrefs.com/robot/)" "-"
5.63.154.55 - - [27/Dec/2013:05:36:52 +0400] "POST /wp-cron.php?doing_wp_cron=1388108212.2832798957824707031250 HTTP/1.0" 302 304 "-" "WordPress/6508; http://vashdoktormc.ru" "-"
178.154.224.114 - - [27/Dec/2013:05:36:53 +0400] "GET / HTTP/1.1" 200 30521 "-" "Mozilla/5.0 (compatible; YandexMetrika/2.0; +http://yandex.com/bots TEST)" "-"
37.140.141.29 - - [27/Dec/2013:05:36:54 +0400] "GET /?q=sites/default/files/imagecache/product/img.jpg HTTP/1.1" 200 14878 "-" "Mozilla/5.0 (compatible; YandexImages/3.0; +http://yandex.com/bots)" "-"
5.63.154.55 - - [27/Dec/2013:05:36:59 +0400] "POST /wp-cron.php?doing_wp_cron=1388108219.0736749172210693359375 HTTP/1.0" 302 298 "-" "WordPress/3.4.2; http://prof-emck.ru" "-"
193.105.154.237 - - [27/Dec/2013:05:36:59 +0400] "POST /wp-login.php HTTP/1.1" 200 3812 "http://prof-emck.ru/wp-login.php" "Mozilla/5.0 (Windows NT 6.1; WOW64) AppleWebKit/535.19 (KHTML, like Gecko) Chrome/18.0.1025.152 Safari/535.19" "-"
5.149.248.86 - - [27/Dec/2013:05:37:01 +0400] "POST /update.php HTTP/1.1" 200 58 "-" "Opera/9.00 (Windows NT 5.1; U; ru)" "-"
5.10.83.14 - - [27/Dec/2013:05:37:08 +0400] "GET /event/2012/10/25 HTTP/1.1" 200 52954 "-" "Mozilla/5.0 (compatible; AhrefsBot/5.0; +http://ahrefs.com/robot/)" "-"
66.249.78.68 - - [27/Dec/2013:05:37:23 +0400] "GET /new_details.php?id=885 HTTP/1.1" 200 1326 "-" "Mozilla/5.0 (compatible; Googlebot/2.1; +http://www.google.com/bot.html)" "-"
184.22.136.110 - - [27/Dec/2013:05:37:27 +0400] "POST /wp-login.php HTTP/1.0" 200 3794 "-" "Mozilla/5.0 (Windows NT 6.2; WOW64) AppleWebKit/537.36 (KHTML, like Gecko) Chrome/30.0.1599.17 Safari/537.36" "-"
5.149.248.86 - - [27/Dec/2013:05:37:41 +0400] "POST /update.php HTTP/1.1" 200 58 "-" "Opera/9.00 (Windows NT 5.1; U; ru)" "-"
157.55.35.106 - - [27/Dec/2013:05:37:45 +0400] "GET /robots.txt HTTP/1.1" 200 50 "-" "Mozilla/5.0 (compatible; bingbot/2.0; +http://www.bing.com/bingbot.htm)" "-"
37.140.141.29 - - [27/Dec/2013:05:37:55 +0400] "GET /?q=sites/default/files/imagecache/product/akva%20lt.jpg HTTP/1.1" 200 10870 "-" "Mozilla/5.0 (compatible; YandexImages/3.0; +http://yandex.com/bots)" "-"
5.63.154.55 - - [27/Dec/2013:05:37:59 +0400] "POST /wp-cron.php?doing_wp_cron=1388108279.2372739315032958984375 HTTP/1.0" 302 304 "-" "WordPress/8332; http://vashdoktormc.ru" "-"
178.154.163.30 - - [27/Dec/2013:05:37:59 +0400] "GET /diagnostika/reografiya-sosudov-ekg/reg HTTP/1.1" 200 25805 "-" "Mozilla/5.0 (compatible; YandexBot/3.0; +http://yandex.com/bots)" "-"
5.149.248.86 - - [27/Dec/2013:05:38:01 +0400] "POST /update.php HTTP/1.1" 200 58 "-" "Opera/9.00 (Windows NT 5.1; U; ru)" "-"
178.154.163.30 - - [27/Dec/2013:05:38:02 +0400] "GET /analizy/gepatity HTTP/1.1" 200 25819 "-" "Mozilla/5.0 (compatible; YandexBot/3.0; +http://yandex.com/bots)" "-"
5.10.83.14 - - [27/Dec/2013:05:38:03 +0400] "GET /event/2013/11/21/ical/all/all HTTP/1.1" 200 184 "-" "Mozilla/5.0 (compatible; AhrefsBot/5.0; +http://ahrefs.com/robot/)" "-"
178.154.163.30 - - [27/Dec/2013:05:38:04 +0400] "GET /lechenie/medksenon HTTP/1.1" 200 36402 "-" "Mozilla/5.0 (compatible; YandexBot/3.0; +http://yandex.com/bots)" "-"
178.154.163.30 - - [27/Dec/2013:05:38:07 +0400] "GET /analizy/obshhij-analiz-krovi-i-mochi HTTP/1.1" 200 26879 "-" "Mozilla/5.0 (compatible; YandexBot/3.0; +http://yandex.com/bots)" "-"
37.140.141.29 - - [27/Dec/2013:05:38:08 +0400] "GET /?q=sites/default/files/imagecache/product_full/%20%D0%BD%D0%B0%20%D1%81%D0%B0%D0%B9%D1%82.jpg HTTP/1.1" 200 29761 "-" "Mozilla/5.0 (compatible; YandexImages/3.0; +http://yandex.com/bots)" "-"
157.55.35.106 - - [27/Dec/2013:05:38:13 +0400] "GET /meg/demo_01.htm HTTP/1.1" 304 0 "-" "Mozilla/5.0 (compatible; bingbot/2.0; +http://www.bing.com/bingbot.htm)" "-"
5.10.83.14 - - [27/Dec/2013:05:38:20 +0400] "GET /event/2012/10/29/month/ HTTP/1.1" 200 61264 "-" "Mozilla/5.0 (compatible; AhrefsBot/5.0; +http://ahrefs.com/robot/)" "-"
37.140.141.29 - - [27/Dec/2013:05:38:33 +0400] "GET /?q=sites/default/files/imagecache/600-155-slider-img/savoy-westend.jpg HTTP/1.1" 200 23026 "-" "Mozilla/5.0 (compatible; YandexImages/3.0; +http://yandex.com/bots)" "-"
178.154.163.30 - - [27/Dec/2013:05:38:34 +0400] "GET /tribune/64/prof/ HTTP/1.1" 200 20151 "-" "Mozilla/5.0 (compatible; YandexBot/3.0; +http://yandex.com/bots)" "-"
178.154.163.30 - - [27/Dec/2013:05:38:35 +0400] "GET /documents.php HTTP/1.1" 200 3517 "-" "Mozilla/5.0 (compatible; YandexBot/3.0; +http://yandex.com/bots)" "-"
178.154.163.30 - - [27/Dec/2013:05:38:35 +0400] "GET /tovary-dlja-doma.php HTTP/1.1" 200 22733 "-" "Mozilla/5.0 (compatible; YandexBot/3.0; +http://yandex.com/bots)" "-"
178.154.163.30 - - [27/Dec/2013:05:38:36 +0400] "GET / HTTP/1.1" 200 13765 "-" "Mozilla/5.0 (compatible; YandexBot/3.0; +http://yandex.com/bots)" "-"
178.154.163.30 - - [27/Dec/2013:05:38:37 +0400] "GET /robots.txt HTTP/1.1" 200 72 "-" "Mozilla/5.0 (compatible; YandexBot/3.0; +http://yandex.com/bots)" "-"
178.154.163.30 - - [27/Dec/2013:05:38:37 +0400] "GET /documents.php HTTP/1.1" 200 9850 "-" "Mozilla/5.0 (compatible; YandexBot/3.0; +http://yandex.com/bots)" "-"
178.154.163.30 - - [27/Dec/2013:05:38:38 +0400] "GET /stojki-resepshn-iz-iskusstvennogo-kamnja.php HTTP/1.1" 200 9810 "-" "Mozilla/5.0 (compatible; YandexBot/3.0; +http://yandex.com/bots)" "-"
178.154.163.30 - - [27/Dec/2013:05:38:38 +0400] "GET /color_hi-macs.php HTTP/1.1" 200 82134 "-" "Mozilla/5.0 (compatible; YandexBot/3.0; +http://yandex.com/bots)" "-"
178.154.163.30 - - [27/Dec/2013:05:38:39 +0400] "GET /10dsh.php HTTP/1.1" 200 11465 "-" "Mozilla/5.0 (compatible; YandexBot/3.0; +http://yandex.com/bots)" "-"
5.149.248.86 - - [27/Dec/2013:05:38:40 +0400] "POST /update.php HTTP/1.1" 200 58 "-" "Opera/9.00 (Windows NT 5.1; U; ru)" "-"
178.154.163.30 - - [27/Dec/2013:05:38:41 +0400] "GET /country.php?id=26 HTTP/1.1" 200 5274 "-" "Mozilla/5.0 (compatible; YandexBot/3.0; +http://yandex.com/bots)" "-"
178.154.163.30 - - [27/Dec/2013:05:38:41 +0400] "GET /istoriya-kompanii HTTP/1.1" 303 325 "-" "Mozilla/5.0 (compatible; YandexBot/3.0; +http://yandex.com/bots)" "-"
178.154.163.30 - - [27/Dec/2013:05:38:42 +0400] "GET /content/hotpoint-ariston-td-640-smr-ixha HTTP/1.1" 200 33683 "-" "Mozilla/5.0 (compatible; YandexBot/3.0; +http://yandex.com/bots)" "-"
178.154.163.30 - - [27/Dec/2013:05:38:42 +0400] "GET /?type=525&cat=24 HTTP/1.1" 200 19439 "-" "Mozilla/5.0 (compatible; YandexBot/3.0; +http://yandex.com/bots)" "-"
178.154.163.30 - - [27/Dec/2013:05:38:42 +0400] "GET /node/176 HTTP/1.1" 200 25113 "-" "Mozilla/5.0 (compatible; YandexBot/3.0; +http://yandex.com/bots)" "-"
178.154.163.30 - - [27/Dec/2013:05:38:43 +0400] "GET /17vp.php HTTP/1.1" 200 11512 "-" "Mozilla/5.0 (compatible; YandexBot/3.0; +http://yandex.com/bots)" "-"
178.154.163.30 - - [27/Dec/2013:05:38:44 +0400] "GET /country.php?id=5 HTTP/1.1" 200 4504 "-" "Mozilla/5.0 (compatible; YandexBot/3.0; +http://yandex.com/bots)" "-"
178.154.163.30 - - [27/Dec/2013:05:38:47 +0400] "GET / HTTP/1.1" 200 49072 "-" "Mozilla/5.0 (compatible; YandexCatalog/3.0; +http://yandex.com/bots)" "-"
178.154.163.30 - - [27/Dec/2013:05:38:48 +0400] "GET /?type=525&cat=22 HTTP/1.1" 200 19454 "-" "Mozilla/5.0 (compatible; YandexBot/3.0; +http://yandex.com/bots)" "-"
178.154.163.30 - - [27/Dec/2013:05:38:48 +0400] "GET /2vp.php HTTP/1.1" 200 11294 "-" "Mozilla/5.0 (compatible; YandexBot/3.0; +http://yandex.com/bots)" "-"
178.154.163.30 - - [27/Dec/2013:05:38:50 +0400] "GET /index.php?type=559&idNews=20 HTTP/1.1" 200 19454 "-" "Mozilla/5.0 (compatible; YandexBot/3.0; +http://yandex.com/bots)" "-"
178.154.163.30 - - [27/Dec/2013:05:38:52 +0400] "GET /index.php?type=559&idNews=13 HTTP/1.1" 200 19454 "-" "Mozilla/5.0 (compatible; YandexBot/3.0; +http://yandex.com/bots)" "-"
178.154.163.30 - - [27/Dec/2013:05:38:53 +0400] "GET /20kv.php HTTP/1.1" 200 11589 "-" "Mozilla/5.0 (compatible; YandexBot/3.0; +http://yandex.com/bots)" "-"
178.154.163.30 - - [27/Dec/2013:05:38:53 +0400] "GET /details.php?id=896 HTTP/1.1" 200 10123 "-" "Mozilla/5.0 (compatible; YandexBot/3.0; +http://yandex.com/bots)" "-"
178.154.163.30 - - [27/Dec/2013:05:38:54 +0400] "GET /index.php?type=559&idNews=12 HTTP/1.1" 200 19439 "-" "Mozilla/5.0 (compatible; YandexBot/3.0; +http://yandex.com/bots)" "-"
178.154.163.30 - - [27/Dec/2013:05:38:54 +0400] "GET /content/electrolux-esf-45050-wr HTTP/1.1" 200 33620 "-" "Mozilla/5.0 (compatible; YandexBot/3.0; +http://yandex.com/bots)" "-"
178.154.163.30 - - [27/Dec/2013:05:38:58 +0400] "GET /lizingovaya-kompaniya-prussiya HTTP/1.1" 200 49132 "-" "Mozilla/5.0 (compatible; YandexCatalog/3.0; +http://yandex.com/bots)" "-"
5.149.248.86 - - [27/Dec/2013:05:39:00 +0400] "POST /update.php HTTP/1.1" 200 58 "-" "Opera/9.00 (Windows NT 5.1; U; ru)" "-"
157.55.33.30 - - [27/Dec/2013:05:39:02 +0400] "GET /robots.txt HTTP/1.1" 200 55 "-" "Mozilla/5.0 (compatible; bingbot/2.0; +http://www.bing.com/bingbot.htm)" "-"
199.30.20.37 - - [27/Dec/2013:05:39:07 +0400] "GET /robots.txt HTTP/1.1" 200 42 "-" "msnbot-media/1.1 (+http://search.msn.com/msnbot.htm)" "-"
37.140.141.29 - - [27/Dec/2013:05:39:19 +0400] "GET /?q=sites/default/files/imagecache/product_full/_%D0%BE%D1%82%D0%B5%D0%BB%D1%8F_Sunrise_Diamond_Beach_Resort%2C_%D0%A8%D0%B0%D1%80%D0%BC-%D1%8D%D0%BB%D1%8C-%D0%A8%D0%B5%D0%B9%D1%85.jpg HTTP/1.1" 200 35048 "-" "Mozilla/5.0 (compatible; YandexImages/3.0; +http://yandex.com/bots)" "-"
199.30.20.26 - - [27/Dec/2013:05:39:23 +0400] "GET /robots.txt HTTP/1.1" 200 45 "-" "msnbot-media/1.1 (+http://search.msn.com/msnbot.htm)" "-"
37.140.141.29 - - [27/Dec/2013:05:39:29 +0400] "GET /img/c/17-medium.jpg HTTP/1.1" 503 8133 "-" "Mozilla/5.0 (compatible; YandexImages/3.0; +http://yandex.com/bots)" "-"
37.140.141.29 - - [27/Dec/2013:05:39:33 +0400] "GET /?q=sites/default/files/imagecache/55-75-gor/saloniki-3.jpg HTTP/1.1" 404 0 "-" "Mozilla/5.0 (compatible; YandexImages/3.0; +http://yandex.com/bots)" "-"
157.56.93.38 - - [27/Dec/2013:05:39:39 +0400] "GET /robots.txt HTTP/1.1" 200 1561 "-" "Mozilla/5.0 (compatible; bingbot/2.0; +http://www.bing.com/bingbot.htm)" "-"
195.239.178.205 - - [27/Dec/2013:05:39:41 +0400] "GET / HTTP/1.0" 302 294 "-" "Mozilla/5.0 (compatible; Nigma.ru/3.0; crawler@nigma.ru)" "-"
5.149.248.86 - - [27/Dec/2013:05:39:42 +0400] "POST /update.php HTTP/1.1" 200 58 "-" "Opera/9.00 (Windows NT 5.1; U; ru)" "-"
213.149.27.89 - - [27/Dec/2013:05:39:55 +0400] "GET /contact.php HTTP/1.1" 301 325 "-" "Mozilla/5.0 (Windows NT 6.2; WOW64; rv:26.0) Gecko/20100101 Firefox/26.0" "-"
213.149.27.89 - - [27/Dec/2013:05:39:56 +0400] "GET /contact.php HTTP/1.1" 200 13031 "-" "Mozilla/5.0 (Windows NT 6.2; WOW64; rv:26.0) Gecko/20100101 Firefox/26.0" "-"
5.149.248.86 - - [27/Dec/2013:05:39:59 +0400] "POST /update.php HTTP/1.1" 200 58 "-" "Opera/9.00 (Windows NT 5.1; U; ru)" "-"
199.30.16.33 - - [27/Dec/2013:05:39:59 +0400] "GET /robots.txt HTTP/1.1" 404 7636 "-" "msnbot-media/1.1 (+http://search.msn.com/msnbot.htm)" "-"
5.63.154.55 - - [27/Dec/2013:05:40:01 +0400] "POST /wp-cron.php?doing_wp_cron=1388108401.5600769519805908203125 HTTP/1.0" 302 304 "-" "WordPress/9060; http://vashdoktormc.ru" "-"
193.105.154.237 - - [27/Dec/2013:05:40:01 +0400] "POST /wp-login.php HTTP/1.1" 200 4548 "http://vashdoktormc.ru/wp-login.php" "Mozilla/5.0 (Windows NT 6.1; WOW64) AppleWebKit/535.19 (KHTML, like Gecko) Chrome/18.0.1025.152 Safari/535.19" "-"
66.249.78.49 - - [27/Dec/2013:05:40:09 +0400] "GET /novogodnie_tury.php HTTP/1.1" 200 4382 "-" "Mozilla/5.0 (iPhone; CPU iPhone OS 6_0 like Mac OS X) AppleWebKit/536.26 (KHTML, like Gecko) Version/6.0 Mobile/10A5376e Safari/8536.25 (compatible; Googlebot-Mobile/2.1; +http://www.google.com/bot.html)" "-"
37.140.141.29 - - [27/Dec/2013:05:40:16 +0400] "GET /sites/default/files/jpg_16. HTTP/1.1" 304 0 "-" "Mozilla/5.0 (compatible; YandexImages/3.0; +http://yandex.com/bots)" "-"
5.63.154.55 - - [27/Dec/2013:05:40:22 +0400] "POST /wp-cron.php?doing_wp_cron HTTP/1.0" 302 294 "-" "WordPress/3.1.1; http://janneta.ru" "-"
66.249.78.148 - - [27/Dec/2013:05:40:22 +0400] "GET /?attachment_id=530 HTTP/1.1" 200 8593 "-" "Mozilla/5.0 (compatible; Googlebot/2.1; +http://www.google.com/bot.html)" "-"
65.55.24.236 - - [27/Dec/2013:05:40:23 +0400] "GET /?q=node/178 HTTP/1.1" 200 24281 "-" "Mozilla/5.0 (compatible; bingbot/2.0; +http://www.bing.com/bingbot.htm)" "-"
178.154.163.30 - - [27/Dec/2013:05:40:27 +0400] "GET /3mp.php HTTP/1.1" 200 10893 "-" "Mozilla/5.0 (compatible; YandexBot/3.0; +http://yandex.com/bots)" "-"
178.154.163.30 - - [27/Dec/2013:05:40:28 +0400] "GET /content/samsung-ue-32es5530w HTTP/1.1" 200 35743 "-" "Mozilla/5.0 (compatible; YandexBot/3.0; +http://yandex.com/bots)" "-"
178.154.163.30 - - [27/Dec/2013:05:40:28 +0400] "GET /details.php?id=849 HTTP/1.1" 200 7208 "-" "Mozilla/5.0 (compatible; YandexBot/3.0; +http://yandex.com/bots)" "-"
184.22.136.110 - - [27/Dec/2013:05:40:41 +0400] "GET /user HTTP/1.0" 200 44556 "-" "Mozilla/5.0 (compatible; MSIE 10.6; Windows NT 6.1; Trident/5.0; InfoPath.2; SLCC1; .NET CLR 3.0.4506.2152; .NET CLR 3.5.30729; .NET CLR 2.0.50727) 3gpp-gba UNTRUSTED/1.0" "-"
5.149.248.86 - - [27/Dec/2013:05:40:42 +0400] "POST /update.php HTTP/1.1" 200 58 "-" "Opera/9.00 (Windows NT 5.1; U; ru)" "-"
184.22.136.110 - - [27/Dec/2013:05:40:43 +0400] "POST /user HTTP/1.0" 200 44737 "http://RAMIRA.ru/user" "Mozilla/5.0 (compatible; MSIE 10.6; Windows NT 6.1; Trident/5.0; InfoPath.2; SLCC1; .NET CLR 3.0.4506.2152; .NET CLR 3.5.30729; .NET CLR 2.0.50727) 3gpp-gba UNTRUSTED/1.0" "-"
37.140.141.29 - - [27/Dec/2013:05:40:51 +0400] "GET /?q=sites/default/files/imagecache/55-75-gor/13067861971.jpg HTTP/1.1" 200 1794 "-" "Mozilla/5.0 (compatible; YandexImages/3.0; +http://yandex.com/bots)" "-"
157.56.93.38 - - [27/Dec/2013:05:41:00 +0400] "GET /new-products.php HTTP/1.1" 503 7981 "-" "Mozilla/5.0 (compatible; bingbot/2.0; +http://www.bing.com/bingbot.htm)" "-"
5.149.248.86 - - [27/Dec/2013:05:41:02 +0400] "POST /update.php HTTP/1.1" 200 58 "-" "Opera/9.00 (Windows NT 5.1; U; ru)" "-"
89.208.17.22 - - [27/Dec/2013:05:41:07 +0400] "GET / HTTP/1.1" 302 296 "http://vspark39.ru/" "Mozilla/5.0 (compatible; U; AnyEvent-HTTP/2.15; +http://software.schmorp.de/pkg/AnyEvent)" "-"
199.30.20.42 - - [27/Dec/2013:05:41:10 +0400] "GET /robots.txt HTTP/1.1" 200 45 "-" "msnbot-media/1.1 (+http://search.msn.com/msnbot.htm)" "-"
5.149.248.86 - - [27/Dec/2013:05:41:41 +0400] "POST /update.php HTTP/1.1" 200 58 "-" "Opera/9.00 (Windows NT 5.1; U; ru)" "-"
178.154.163.30 - - [27/Dec/2013:05:41:44 +0400] "GET /content/electrolux-eob-32000-x HTTP/1.1" 200 34949 "-" "Mozilla/5.0 (compatible; YandexBot/3.0; +http://yandex.com/bots)" "-"
157.56.92.161 - - [27/Dec/2013:05:41:51 +0400] "GET /robots.txt HTTP/1.1" 200 1082 "-" "Mozilla/5.0 (compatible; bingbot/2.0; +http://www.bing.com/bingbot.htm)" "-"
157.55.32.54 - - [27/Dec/2013:05:41:59 +0400] "GET /robots.txt HTTP/1.1" 200 416 "-" "Mozilla/5.0 (compatible; bingbot/2.0; +http://www.bing.com/bingbot.htm)" "-"
5.149.248.86 - - [27/Dec/2013:05:42:00 +0400] "POST /update.php HTTP/1.1" 200 58 "-" "Opera/9.00 (Windows NT 5.1; U; ru)" "-"
195.239.178.205 - - [27/Dec/2013:05:42:02 +0400] "GET / HTTP/1.0" 302 304 "-" "Mozilla/5.0 (compatible; Nigma.ru/3.0; crawler@nigma.ru)" "-"
65.55.215.40 - - [27/Dec/2013:05:42:05 +0400] "GET /robots.txt HTTP/1.1" 200 42 "-" "msnbot-media/1.1 (+http://search.msn.com/msnbot.htm)" "-"
66.249.78.210 - - [27/Dec/2013:05:42:11 +0400] "GET /event/2013/01/09/table/all/all/30 HTTP/1.1" 200 56626 "-" "Mozilla/5.0 (compatible; Googlebot/2.1; +http://www.google.com/bot.html)" "-"
66.249.78.210 - - [27/Dec/2013:05:42:11 +0400] "GET /event/2013/02/08/ical/all/all/30 HTTP/1.1" 200 1851 "-" "Mozilla/5.0 (compatible; Googlebot/2.1; +http://www.google.com/bot.html)" "-"
5.10.83.88 - - [27/Dec/2013:05:42:15 +0400] "GET /kazhdyy-lizing-unikalen HTTP/1.1" 200 40824 "-" "Mozilla/5.0 (compatible; AhrefsBot/5.0; +http://ahrefs.com/robot/)" "-"
5.63.154.55 - - [27/Dec/2013:05:42:23 +0400] "POST /wp-cron.php?doing_wp_cron HTTP/1.0" 302 294 "-" "WordPress/3.1.1; http://janneta.ru" "-"
37.9.53.103 - - [27/Dec/2013:05:42:24 +0400] "POST /wp-login.php HTTP/1.0" 200 4390 "janneta.ru/wp-login.php" "Mozilla/5.0 (Windows NT 6.1; rv:19.0) Gecko/20100101 Firefox/19.0" "-"
65.55.215.57 - - [27/Dec/2013:05:42:35 +0400] "GET /robots.txt HTTP/1.1" 200 42 "-" "msnbot-media/1.1 (+http://search.msn.com/msnbot.htm)" "-"
5.10.83.14 - - [27/Dec/2013:05:42:38 +0400] "GET /event/2012/06/24/table/all/all/30 HTTP/1.1" 200 59135 "-" "Mozilla/5.0 (compatible; AhrefsBot/5.0; +http://ahrefs.com/robot/)" "-"
178.154.163.30 - - [27/Dec/2013:05:42:39 +0400] "GET /content/whirlpool-wbe-3111aw?page=3 HTTP/1.1" 200 28386 "-" "Mozilla/5.0 (compatible; YandexBot/3.0; +http://yandex.com/bots)" "-"
5.149.248.86 - - [27/Dec/2013:05:42:40 +0400] "POST /update.php HTTP/1.1" 200 58 "-" "Opera/9.00 (Windows NT 5.1; U; ru)" "-"
195.239.178.205 - - [27/Dec/2013:05:42:42 +0400] "GET / HTTP/1.0" 302 298 "-" "Mozilla/5.0 (compatible; Nigma.ru/3.0; crawler@nigma.ru)" "-"
199.30.20.43 - - [27/Dec/2013:05:42:45 +0400] "GET /robots.txt HTTP/1.1" 200 56 "-" "msnbot-media/1.1 (+http://search.msn.com/msnbot.htm)" "-"
65.55.24.236 - - [27/Dec/2013:05:42:49 +0400] "GET /?q=taxonomy/term/47 HTTP/1.1" 200 18756 "-" "Mozilla/5.0 (compatible; bingbot/2.0; +http://www.bing.com/bingbot.htm)" "-"
5.149.248.86 - - [27/Dec/2013:05:43:02 +0400] "POST /update.php HTTP/1.1" 200 58 "-" "Opera/9.00 (Windows NT 5.1; U; ru)" "-"
65.55.215.100 - - [27/Dec/2013:05:43:06 +0400] "GET /robots.txt HTTP/1.1" 404 7642 "-" "msnbot-media/1.1 (+http://search.msn.com/msnbot.htm)" "-"
66.249.78.205 - - [27/Dec/2013:05:43:20 +0400] "GET /?q=node/4 HTTP/1.1" 200 20695 "-" "Mozilla/5.0 (compatible; Googlebot/2.1; +http://www.google.com/bot.html)" "-"
5.10.83.82 - - [27/Dec/2013:05:43:22 +0400] "GET /?page_id=1215 HTTP/1.1" 200 209796 "-" "Mozilla/5.0 (compatible; AhrefsBot/5.0; +http://ahrefs.com/robot/)" "-"
65.55.215.81 - - [27/Dec/2013:05:43:31 +0400] "GET /robots.txt HTTP/1.1" 200 98 "-" "msnbot-media/1.1 (+http://search.msn.com/msnbot.htm)" "-"
5.149.248.86 - - [27/Dec/2013:05:43:38 +0400] "POST /update.php HTTP/1.1" 200 58 "-" "Opera/9.00 (Windows NT 5.1; U; ru)" "-"
157.55.33.106 - - [27/Dec/2013:05:43:41 +0400] "GET /1.html HTTP/1.1" 304 0 "-" "Mozilla/5.0 (compatible; bingbot/2.0; +http://www.bing.com/bingbot.htm)" "-"
124.248.200.149 - - [27/Dec/2013:05:43:48 +0400] "GET /FileManagerData/note.gif HTTP/1.1" 302 300 "-" "-" "-"
124.248.200.149 - - [27/Dec/2013:05:43:50 +0400] "GET /FileManager/FileManagerData/note.gif HTTP/1.1" 302 300 "-" "-" "-"
65.55.215.45 - - [27/Dec/2013:05:43:50 +0400] "GET /robots.txt HTTP/1.1" 200 114 "-" "msnbot-media/1.1 (+http://search.msn.com/msnbot.htm)" "-"
37.140.141.29 - - [27/Dec/2013:05:43:51 +0400] "GET /?q=sites/default/files/imagecache/product_full/163.jpeg HTTP/1.1" 200 140022 "-" "Mozilla/5.0 (compatible; YandexImages/3.0; +http://yandex.com/bots)" "-"
5.149.248.86 - - [27/Dec/2013:05:44:00 +0400] "POST /update.php HTTP/1.1" 200 58 "-" "Opera/9.00 (Windows NT 5.1; U; ru)" "-"
178.154.163.30 - - [27/Dec/2013:05:44:00 +0400] "GET /robots.txt HTTP/1.1" 301 324 "-" "Mozilla/5.0 (compatible; YandexBot/3.0; +http://yandex.com/bots)" "-"
5.10.83.14 - - [27/Dec/2013:05:44:00 +0400] "GET /event/2013/07/16/month HTTP/1.1" 200 54433 "-" "Mozilla/5.0 (compatible; AhrefsBot/5.0; +http://ahrefs.com/robot/)" "-"
178.154.163.30 - - [27/Dec/2013:05:44:00 +0400] "GET /robots.txt HTTP/1.1" 301 324 "-" "Mozilla/5.0 (compatible; YandexBot/3.0; +http://yandex.com/bots)" "-"
5.63.154.55 - - [27/Dec/2013:05:44:01 +0400] "POST /wp-cron.php?doing_wp_cron=1388108641.0175499916076660156250 HTTP/1.0" 302 312 "-" "WordPress/3.5.1; http://vozrast-schastya.ru" "-"
193.105.154.237 - - [27/Dec/2013:05:44:01 +0400] "POST /wp-login.php HTTP/1.1" 200 3500 "http://vozrast-schastya.ru/wp-login.php" "Mozilla/5.0 (Windows NT 6.1; WOW64) AppleWebKit/535.19 (KHTML, like Gecko) Chrome/18.0.1025.152 Safari/535.19" "-"
