157.55.32.107 - - [27/Dec/2013:05:08:56 +0400] "GET / HTTP/1.1" 304 0 "-" "Mozilla/5.0 (compatible; bingbot/2.0; +http://www.bing.com/bingbot.htm)" "-"
199.30.16.28 - - [27/Dec/2013:05:08:59 +0400] "GET /robots.txt HTTP/1.1" 200 42 "-" "msnbot-media/1.1 (+http://search.msn.com/msnbot.htm)" "-"
5.149.248.86 - - [27/Dec/2013:05:09:00 +0400] "POST /update.php HTTP/1.1" 200 58 "-" "Opera/9.00 (Windows NT 5.1; U; ru)" "-"
157.55.32.59 - - [27/Dec/2013:05:09:05 +0400] "GET /krasjashhie-veshhestva-fruitmax.php HTTP/1.1" 200 4417 "-" "Mozilla/5.0 (compatible; bingbot/2.0; +http://www.bing.com/bingbot.htm)" "-"
5.10.83.68 - - [27/Dec/2013:05:09:07 +0400] "GET /online_test.php HTTP/1.1" 200 7951 "-" "Mozilla/5.0 (compatible; AhrefsBot/5.0; +http://ahrefs.com/robot/)" "-"
5.10.83.88 - - [27/Dec/2013:05:09:13 +0400] "GET /vesoizmeritelnaya-kompaniya-tenzo-m HTTP/1.1" 200 40746 "-" "Mozilla/5.0 (compatible; AhrefsBot/5.0; +http://ahrefs.com/robot/)" "-"
213.180.206.197 - - [27/Dec/2013:05:09:23 +0400] "GET / HTTP/1.1" 200 36873 "-" "Mozilla/5.0 (compatible; YandexMetrika/2.0; +http://yandex.com/bots mon2)" "-"
5.149.248.86 - - [27/Dec/2013:05:09:40 +0400] "POST /update.php HTTP/1.1" 200 58 "-" "Opera/9.00 (Windows NT 5.1; U; ru)" "-"
117.78.13.17 - - [27/Dec/2013:05:09:49 +0400] "GET /robots.txt HTTP/1.0" 302 302 "-" "nutch-1.4/Nutch-1.4" "-"
193.242.177.208 - - [27/Dec/2013:05:09:51 +0400] "GET /oil/maslo-tnk-m-10dm HTTP/1.1" 200 47843 "https://www.google.ru/" "Mozilla/5.0 (Windows NT 5.1) AppleWebKit/537.36 (KHTML, like Gecko) Chrome/31.0.1650.63 Safari/537.36" "-"
117.78.13.17 - - [27/Dec/2013:05:09:52 +0400] "GET / HTTP/1.0" 302 302 "-" "nutch-1.4/Nutch-1.4" "-"
193.242.177.208 - - [27/Dec/2013:05:09:53 +0400] "GET /sites/all/themes/new/css/nivo-slider.css HTTP/1.1" 404 10105 "http://ramira.ru/oil/maslo-tnk-m-10dm" "Mozilla/5.0 (Windows NT 5.1) AppleWebKit/537.36 (KHTML, like Gecko) Chrome/31.0.1650.63 Safari/537.36" "-"
193.242.177.208 - - [27/Dec/2013:05:09:53 +0400] "GET /sites/all/themes/new/css/styles.css HTTP/1.1" 404 10100 "http://ramira.ru/oil/maslo-tnk-m-10dm" "Mozilla/5.0 (Windows NT 5.1) AppleWebKit/537.36 (KHTML, like Gecko) Chrome/31.0.1650.63 Safari/537.36" "-"
193.242.177.208 - - [27/Dec/2013:05:09:53 +0400] "GET /oil/css_pirobox/style_5/style.css HTTP/1.1" 404 10105 "http://ramira.ru/oil/maslo-tnk-m-10dm" "Mozilla/5.0 (Windows NT 5.1) AppleWebKit/537.36 (KHTML, like Gecko) Chrome/31.0.1650.63 Safari/537.36" "-"
193.242.177.208 - - [27/Dec/2013:05:09:54 +0400] "GET /oil/images/google_analytics.jpg HTTP/1.1" 404 10096 "http://ramira.ru/oil/maslo-tnk-m-10dm" "Mozilla/5.0 (Windows NT 5.1) AppleWebKit/537.36 (KHTML, like Gecko) Chrome/31.0.1650.63 Safari/537.36" "-"
193.242.177.208 - - [27/Dec/2013:05:09:55 +0400] "GET /oil/images/google_analytics.jpg HTTP/1.1" 404 10103 "http://ramira.ru/oil/maslo-tnk-m-10dm" "Mozilla/5.0 (Windows NT 5.1) AppleWebKit/537.36 (KHTML, like Gecko) Chrome/31.0.1650.63 Safari/537.36" "-"
193.242.177.208 - - [27/Dec/2013:05:09:55 +0400] "GET /sites/all/themes/new/new_skin_top.png HTTP/1.1" 404 10109 "http://ramira.ru/oil/maslo-tnk-m-10dm" "Mozilla/5.0 (Windows NT 5.1) AppleWebKit/537.36 (KHTML, like Gecko) Chrome/31.0.1650.63 Safari/537.36" "-"
193.242.177.208 - - [27/Dec/2013:05:09:56 +0400] "GET /sites/all/themes/new/new_skin.png HTTP/1.1" 404 10105 "http://ramira.ru/oil/maslo-tnk-m-10dm" "Mozilla/5.0 (Windows NT 5.1) AppleWebKit/537.36 (KHTML, like Gecko) Chrome/31.0.1650.63 Safari/537.36" "-"
193.242.177.208 - - [27/Dec/2013:05:09:56 +0400] "GET /sites/all/themes/new/new_skin_left.png HTTP/1.1" 404 10110 "http://ramira.ru/oil/maslo-tnk-m-10dm" "Mozilla/5.0 (Windows NT 5.1) AppleWebKit/537.36 (KHTML, like Gecko) Chrome/31.0.1650.63 Safari/537.36" "-"
193.242.177.208 - - [27/Dec/2013:05:09:56 +0400] "GET /sites/all/themes/new/bottom_nav.png HTTP/1.1" 404 10107 "http://ramira.ru/oil/maslo-tnk-m-10dm" "Mozilla/5.0 (Windows NT 5.1) AppleWebKit/537.36 (KHTML, like Gecko) Chrome/31.0.1650.63 Safari/537.36" "-"
193.242.177.208 - - [27/Dec/2013:05:09:56 +0400] "GET /sites/all/themes/new/prev.png HTTP/1.1" 404 10094 "http://ramira.ru/oil/maslo-tnk-m-10dm" "Mozilla/5.0 (Windows NT 5.1) AppleWebKit/537.36 (KHTML, like Gecko) Chrome/31.0.1650.63 Safari/537.36" "-"
193.242.177.208 - - [27/Dec/2013:05:09:56 +0400] "GET /sites/all/themes/new/next.png HTTP/1.1" 404 10101 "http://ramira.ru/oil/maslo-tnk-m-10dm" "Mozilla/5.0 (Windows NT 5.1) AppleWebKit/537.36 (KHTML, like Gecko) Chrome/31.0.1650.63 Safari/537.36" "-"
193.242.177.208 - - [27/Dec/2013:05:09:56 +0400] "GET /sites/all/themes/new/prev_fake.png HTTP/1.1" 404 10106 "http://ramira.ru/oil/maslo-tnk-m-10dm" "Mozilla/5.0 (Windows NT 5.1) AppleWebKit/537.36 (KHTML, like Gecko) Chrome/31.0.1650.63 Safari/537.36" "-"
193.242.177.208 - - [27/Dec/2013:05:09:56 +0400] "GET /sites/all/themes/new/next_fake.png HTTP/1.1" 404 10099 "http://ramira.ru/oil/maslo-tnk-m-10dm" "Mozilla/5.0 (Windows NT 5.1) AppleWebKit/537.36 (KHTML, like Gecko) Chrome/31.0.1650.63 Safari/537.36" "-"
193.242.177.208 - - [27/Dec/2013:05:09:56 +0400] "GET /sites/all/themes/new/close.png HTTP/1.1" 404 10095 "http://ramira.ru/oil/maslo-tnk-m-10dm" "Mozilla/5.0 (Windows NT 5.1) AppleWebKit/537.36 (KHTML, like Gecko) Chrome/31.0.1650.63 Safari/537.36" "-"
193.242.177.208 - - [27/Dec/2013:05:09:57 +0400] "GET /sites/all/themes/new/loadinfo.gif HTTP/1.1" 404 10098 "http://ramira.ru/oil/maslo-tnk-m-10dm" "Mozilla/5.0 (Windows NT 5.1) AppleWebKit/537.36 (KHTML, like Gecko) Chrome/31.0.1650.63 Safari/537.36" "-"
193.242.177.208 - - [27/Dec/2013:05:09:57 +0400] "GET /sites/all/themes/new/loader_nav.png HTTP/1.1" 404 10107 "http://ramira.ru/oil/maslo-tnk-m-10dm" "Mozilla/5.0 (Windows NT 5.1) AppleWebKit/537.36 (KHTML, like Gecko) Chrome/31.0.1650.63 Safari/537.36" "-"
65.55.215.91 - - [27/Dec/2013:05:09:57 +0400] "GET /robots.txt HTTP/1.1" 200 42 "-" "msnbot-media/1.1 (+http://search.msn.com/msnbot.htm)" "-"
193.242.177.208 - - [27/Dec/2013:05:09:57 +0400] "GET /misc/favicon.ico HTTP/1.1" 200 5430 "-" "Mozilla/5.0 (Windows NT 5.1) AppleWebKit/537.36 (KHTML, like Gecko) Chrome/31.0.1650.63 Safari/537.36" "-"
5.149.248.86 - - [27/Dec/2013:05:09:58 +0400] "POST /update.php HTTP/1.1" 200 58 "-" "Opera/9.00 (Windows NT 5.1; U; ru)" "-"
65.55.215.62 - - [27/Dec/2013:05:10:01 +0400] "GET /robots.txt HTTP/1.1" 200 94 "-" "msnbot-media/1.1 (+http://search.msn.com/msnbot.htm)" "-"
5.63.154.55 - - [27/Dec/2013:05:10:27 +0400] "POST /wp-cron.php?doing_wp_cron=1388106627.5342528820037841796875 HTTP/1.0" 302 304 "-" "WordPress/8109; http://vashdoktormc.ru" "-"
213.180.206.197 - - [27/Dec/2013:05:10:27 +0400] "GET / HTTP/1.1" 200 30519 "-" "Mozilla/5.0 (compatible; YandexMetrika/2.0; +http://yandex.com/bots mon2)" "-"
5.63.154.55 - - [27/Dec/2013:05:10:32 +0400] "POST /wp-cron.php?doing_wp_cron=1388106632.3659219741821289062500 HTTP/1.0" 302 312 "-" "WordPress/3.5.1; http://vozrast-schastya.ru" "-"
193.105.154.237 - - [27/Dec/2013:05:10:32 +0400] "POST /wp-login.php HTTP/1.1" 200 3500 "http://vozrast-schastya.ru/wp-login.php" "Mozilla/5.0 (Windows NT 6.1; WOW64) AppleWebKit/535.19 (KHTML, like Gecko) Chrome/18.0.1025.152 Safari/535.19" "-"
65.55.215.64 - - [27/Dec/2013:05:10:32 +0400] "GET /robots.txt HTTP/1.1" 200 42 "-" "msnbot-media/1.1 (+http://search.msn.com/msnbot.htm)" "-"
66.249.78.34 - - [27/Dec/2013:05:10:36 +0400] "GET /korpusnaia.html HTTP/1.1" 200 10430 "-" "Mozilla/5.0 (compatible; Googlebot/2.1; +http://www.google.com/bot.html)" "-"
5.149.248.86 - - [27/Dec/2013:05:10:40 +0400] "POST /update.php HTTP/1.1" 200 58 "-" "Opera/9.00 (Windows NT 5.1; U; ru)" "-"
195.239.178.205 - - [27/Dec/2013:05:10:58 +0400] "GET / HTTP/1.0" 302 314 "-" "Mozilla/5.0 (compatible; Nigma.ru/3.0; crawler@nigma.ru)" "-"
5.149.248.86 - - [27/Dec/2013:05:11:00 +0400] "POST /update.php HTTP/1.1" 200 58 "-" "Opera/9.00 (Windows NT 5.1; U; ru)" "-"
179.43.141.167 - - [27/Dec/2013:05:11:08 +0400] "GET /wp-content/themes/twentyeleven/404.php HTTP/1.0" 302 306 "http://goldfish-svtl.ru/wp-content/themes/twentyeleven/404.php" "Mozilla/4.0 (compatible; MSIE 6.0; Windows 98; Win 9x 4.90)" "-"
5.63.154.55 - - [27/Dec/2013:05:11:10 +0400] "POST /wp-cron.php?doing_wp_cron=1388106670.0182039737701416015625 HTTP/1.0" 302 298 "-" "WordPress/3.4.2; http://prof-emck.ru" "-"
193.105.154.237 - - [27/Dec/2013:05:11:10 +0400] "POST /wp-login.php HTTP/1.1" 200 3806 "http://prof-emck.ru/wp-login.php" "Mozilla/5.0 (Windows NT 6.1; WOW64) AppleWebKit/535.19 (KHTML, like Gecko) Chrome/18.0.1025.152 Safari/535.19" "-"
195.239.178.205 - - [27/Dec/2013:05:11:26 +0400] "GET / HTTP/1.0" 302 298 "-" "Mozilla/5.0 (compatible; Nigma.ru/3.0; crawler@nigma.ru)" "-"
195.239.178.205 - - [27/Dec/2013:05:11:27 +0400] "GET / HTTP/1.0" 302 308 "-" "Mozilla/5.0 (compatible; Nigma.ru/3.0; crawler@nigma.ru)" "-"
66.249.78.182 - - [27/Dec/2013:05:11:29 +0400] "GET /blog HTTP/1.1" 200 23435 "-" "Mozilla/5.0 (iPhone; CPU iPhone OS 6_0 like Mac OS X) AppleWebKit/536.26 (KHTML, like Gecko) Version/6.0 Mobile/10A5376e Safari/8536.25 (compatible; Googlebot-Mobile/2.1; +http://www.google.com/bot.html)" "-"
199.30.20.90 - - [27/Dec/2013:05:11:41 +0400] "GET /robots.txt HTTP/1.1" 200 42 "-" "msnbot-media/1.1 (+http://search.msn.com/msnbot.htm)" "-"
5.149.248.86 - - [27/Dec/2013:05:11:42 +0400] "POST /update.php HTTP/1.1" 200 58 "-" "Opera/9.00 (Windows NT 5.1; U; ru)" "-"
5.63.154.55 - - [27/Dec/2013:05:11:53 +0400] "POST /wp-cron.php?doing_wp_cron=1388106713.9436109066009521484375 HTTP/1.0" 302 304 "-" "WordPress/5798; http://vashdoktormc.ru" "-"
95.108.139.54 - - [27/Dec/2013:05:11:54 +0400] "GET / HTTP/1.1" 200 30503 "-" "Yandex.Commerce.Pinger" "-"
5.149.248.86 - - [27/Dec/2013:05:12:00 +0400] "POST /update.php HTTP/1.1" 200 58 "-" "Opera/9.00 (Windows NT 5.1; U; ru)" "-"
65.55.215.70 - - [27/Dec/2013:05:12:03 +0400] "GET /robots.txt HTTP/1.1" 200 56 "-" "msnbot-media/1.1 (+http://search.msn.com/msnbot.htm)" "-"
91.211.52.123 - - [27/Dec/2013:05:12:09 +0400] "GET / HTTP/1.0" 200 10071 "-" "Wget/1.11.4" "-"
91.211.52.123 - - [27/Dec/2013:05:12:09 +0400] "GET /robots.txt HTTP/1.0" 200 45 "-" "Wget/1.11.4" "-"
91.211.52.123 - - [27/Dec/2013:05:12:09 +0400] "GET /favicon.ico HTTP/1.0" 200 145 "http://www.b-f-m.ru/" "Wget/1.11.4" "-"
91.211.52.123 - - [27/Dec/2013:05:12:09 +0400] "GET /images/favicon.ico HTTP/1.0" 404 294 "http://www.b-f-m.ru/" "Wget/1.11.4" "-"
5.10.83.14 - - [27/Dec/2013:05:12:11 +0400] "GET /node/168 HTTP/1.1" 200 50492 "-" "Mozilla/5.0 (compatible; AhrefsBot/5.0; +http://ahrefs.com/robot/)" "-"
91.211.52.123 - - [27/Dec/2013:05:12:11 +0400] "GET /akcii.php HTTP/1.0" 200 8564 "http://www.b-f-m.ru/" "Wget/1.11.4" "-"
91.211.52.123 - - [27/Dec/2013:05:12:11 +0400] "GET /history.php HTTP/1.0" 200 9127 "http://www.b-f-m.ru/" "Wget/1.11.4" "-"
91.211.52.123 - - [27/Dec/2013:05:12:12 +0400] "GET /gallery.php HTTP/1.0" 200 33564 "http://www.b-f-m.ru/" "Wget/1.11.4" "-"
5.10.83.14 - - [27/Dec/2013:05:12:12 +0400] "GET /zasypka_fundamenta.php HTTP/1.1" 200 17149 "-" "Mozilla/5.0 (compatible; AhrefsBot/5.0; +http://ahrefs.com/robot/)" "-"
91.211.52.123 - - [27/Dec/2013:05:12:12 +0400] "GET /info.php HTTP/1.0" 200 5627 "http://www.b-f-m.ru/" "Wget/1.11.4" "-"
91.211.52.123 - - [27/Dec/2013:05:12:12 +0400] "GET /contacts.php HTTP/1.0" 200 11079 "http://www.b-f-m.ru/" "Wget/1.11.4" "-"
91.211.52.123 - - [27/Dec/2013:05:12:14 +0400] "GET /interery-jekstra-klassa.php HTTP/1.0" 200 10556 "http://www.b-f-m.ru/" "Wget/1.11.4" "-"
5.63.154.55 - - [27/Dec/2013:05:12:16 +0400] "POST /wp-cron.php?doing_wp_cron=1388106736.4541609287261962890625 HTTP/1.0" 302 312 "-" "WordPress/3.5.1; http://vozrast-schastya.ru" "-"
93.115.84.195 - - [27/Dec/2013:05:12:16 +0400] "POST /wp-login.php HTTP/1.0" 200 3488 "http://vozrast-schastya.ru/wp-login.php" "Opera/9.80 (Windows NT 6.1; U; ru) Presto/2.8.131 Version/11.10" "-"
93.158.155.137 - - [27/Dec/2013:05:12:17 +0400] "GET / HTTP/1.1" 200 12776 "-" "Mozilla/5.0 (compatible; YandexMetrika/2.0; +http://yandex.com/bots)" "-"
65.55.215.107 - - [27/Dec/2013:05:12:19 +0400] "GET /robots.txt HTTP/1.1" 200 65 "-" "msnbot-media/1.1 (+http://search.msn.com/msnbot.htm)" "-"
146.0.74.204 - - [27/Dec/2013:05:12:23 +0400] "GET /wp-login.php HTTP/1.1" 302 294 "-" "Mozilla/4.0" "-"
193.242.177.208 - - [27/Dec/2013:05:12:36 +0400] "GET /oil/maslo-lukoyil-m-10g2k HTTP/1.1" 200 49231 "http://ramira.ru/oil/maslo-tnk-m-10dm" "Mozilla/5.0 (Windows NT 5.1) AppleWebKit/537.36 (KHTML, like Gecko) Chrome/31.0.1650.63 Safari/537.36" "-"
193.242.177.208 - - [27/Dec/2013:05:12:37 +0400] "GET /sites/all/themes/new/css/styles.css HTTP/1.1" 404 10100 "http://ramira.ru/oil/maslo-lukoyil-m-10g2k" "Mozilla/5.0 (Windows NT 5.1) AppleWebKit/537.36 (KHTML, like Gecko) Chrome/31.0.1650.63 Safari/537.36" "-"
193.242.177.208 - - [27/Dec/2013:05:12:37 +0400] "GET /sites/all/themes/new/css/nivo-slider.css HTTP/1.1" 404 10105 "http://ramira.ru/oil/maslo-lukoyil-m-10g2k" "Mozilla/5.0 (Windows NT 5.1) AppleWebKit/537.36 (KHTML, like Gecko) Chrome/31.0.1650.63 Safari/537.36" "-"
193.242.177.208 - - [27/Dec/2013:05:12:37 +0400] "GET /oil/css_pirobox/style_5/style.css HTTP/1.1" 404 10098 "http://ramira.ru/oil/maslo-lukoyil-m-10g2k" "Mozilla/5.0 (Windows NT 5.1) AppleWebKit/537.36 (KHTML, like Gecko) Chrome/31.0.1650.63 Safari/537.36" "-"
193.242.177.208 - - [27/Dec/2013:05:12:37 +0400] "GET /oil/images/google_analytics.jpg HTTP/1.1" 404 10096 "http://ramira.ru/oil/maslo-lukoyil-m-10g2k" "Mozilla/5.0 (Windows NT 5.1) AppleWebKit/537.36 (KHTML, like Gecko) Chrome/31.0.1650.63 Safari/537.36" "-"
5.149.248.86 - - [27/Dec/2013:05:12:42 +0400] "POST /update.php HTTP/1.1" 200 58 "-" "Opera/9.00 (Windows NT 5.1; U; ru)" "-"
65.55.215.37 - - [27/Dec/2013:05:12:46 +0400] "GET /robots.txt HTTP/1.1" 200 42 "-" "msnbot-media/1.1 (+http://search.msn.com/msnbot.htm)" "-"
5.149.248.86 - - [27/Dec/2013:05:12:58 +0400] "POST /update.php HTTP/1.1" 200 58 "-" "Opera/9.00 (Windows NT 5.1; U; ru)" "-"
5.10.83.14 - - [27/Dec/2013:05:13:02 +0400] "GET /event/2012/06/09/day/ HTTP/1.1" 200 50758 "-" "Mozilla/5.0 (compatible; AhrefsBot/5.0; +http://ahrefs.com/robot/)" "-"
199.30.20.103 - - [27/Dec/2013:05:13:32 +0400] "GET /robots.txt HTTP/1.1" 200 72 "-" "msnbot-media/1.1 (+http://search.msn.com/msnbot.htm)" "-"
157.55.33.106 - - [27/Dec/2013:05:13:35 +0400] "GET /robots.txt HTTP/1.1" 404 291 "-" "Mozilla/5.0 (compatible; bingbot/2.0; +http://www.bing.com/bingbot.htm)" "-"
66.249.78.210 - - [27/Dec/2013:05:13:35 +0400] "GET /event/2013/06/25/table/ HTTP/1.1" 200 56908 "-" "Mozilla/5.0 (compatible; Googlebot/2.1; +http://www.google.com/bot.html)" "-"
5.149.248.86 - - [27/Dec/2013:05:13:40 +0400] "POST /update.php HTTP/1.1" 200 58 "-" "Opera/9.00 (Windows NT 5.1; U; ru)" "-"
195.239.178.205 - - [27/Dec/2013:05:13:58 +0400] "GET / HTTP/1.0" 302 304 "-" "Mozilla/5.0 (compatible; Nigma.ru/3.0; crawler@nigma.ru)" "-"
5.149.248.86 - - [27/Dec/2013:05:13:59 +0400] "POST /update.php HTTP/1.1" 200 58 "-" "Opera/9.00 (Windows NT 5.1; U; ru)" "-"
199.30.20.27 - - [27/Dec/2013:05:14:01 +0400] "GET /robots.txt HTTP/1.1" 200 42 "-" "msnbot-media/1.1 (+http://search.msn.com/msnbot.htm)" "-"
5.10.83.14 - - [27/Dec/2013:05:14:02 +0400] "GET /event/2013/09/30/table/ HTTP/1.1" 200 55671 "-" "Mozilla/5.0 (compatible; AhrefsBot/5.0; +http://ahrefs.com/robot/)" "-"
178.154.163.30 - - [27/Dec/2013:05:14:12 +0400] "GET /istorija-mirovogo-uspeha-kompanii-franke.php HTTP/1.1" 200 14462 "-" "Mozilla/5.0 (compatible; YandexBot/3.0; +http://yandex.com/bots)" "-"
178.154.163.30 - - [27/Dec/2013:05:14:12 +0400] "GET /?type=525&cat=25 HTTP/1.1" 200 19454 "-" "Mozilla/5.0 (compatible; YandexBot/3.0; +http://yandex.com/bots)" "-"
65.55.215.54 - - [27/Dec/2013:05:14:18 +0400] "GET /robots.txt HTTP/1.1" 200 42 "-" "msnbot-media/1.1 (+http://search.msn.com/msnbot.htm)" "-"
5.10.83.14 - - [27/Dec/2013:05:14:34 +0400] "GET /event/2013/11/09/month/all/all/1 HTTP/1.1" 200 53587 "-" "Mozilla/5.0 (compatible; AhrefsBot/5.0; +http://ahrefs.com/robot/)" "-"
5.149.248.86 - - [27/Dec/2013:05:14:41 +0400] "POST /update.php HTTP/1.1" 200 58 "-" "Opera/9.00 (Windows NT 5.1; U; ru)" "-"
5.63.154.55 - - [27/Dec/2013:05:14:42 +0400] "POST /wp-cron.php?doing_wp_cron=1388106882.9405510425567626953125 HTTP/1.0" 302 304 "-" "WordPress/9668; http://vashdoktormc.ru" "-"
193.105.154.237 - - [27/Dec/2013:05:14:43 +0400] "POST /wp-login.php HTTP/1.1" 200 4548 "http://vashdoktormc.ru/wp-login.php" "Mozilla/5.0 (Windows NT 6.1; WOW64) AppleWebKit/535.19 (KHTML, like Gecko) Chrome/18.0.1025.152 Safari/535.19" "-"
5.10.83.88 - - [27/Dec/2013:05:14:49 +0400] "GET /federalnyy-zakon-o-lizinge-no-164 HTTP/1.1" 200 89416 "-" "Mozilla/5.0 (compatible; AhrefsBot/5.0; +http://ahrefs.com/robot/)" "-"
5.149.248.86 - - [27/Dec/2013:05:15:00 +0400] "POST /update.php HTTP/1.1" 200 58 "-" "Opera/9.00 (Windows NT 5.1; U; ru)" "-"
68.180.224.172 - - [27/Dec/2013:05:15:07 +0400] "GET /oil/maslo-tnk-revolux-d2-10w40-cgsf-4 HTTP/1.1" 302 292 "-" "Mozilla/5.0 (compatible; Yahoo! Slurp; http://help.yahoo.com/help/us/ysearch/slurp)" "68.180.224.167"
31.221.71.132 - - [27/Dec/2013:05:15:16 +0400] "GET /administrator/index.php/ HTTP/1.1" 200 4635 "-" "Mozilla/5.0 (Windows NT 6.1) AppleWebKit/537.1 (KHTML, like Gecko) Chrome/24.0.1290.1 Safari/537.13" "-"
31.221.71.132 - - [27/Dec/2013:05:15:20 +0400] "POST /administrator/index.php HTTP/1.1" 200 4938 "-" "Mozilla/5.0 (Windows NT 6.1) AppleWebKit/537.1 (KHTML, like Gecko) Chrome/24.0.1290.1 Safari/537.13" "-"
179.43.141.167 - - [27/Dec/2013:05:15:20 +0400] "GET /wp-content/themes/twentyeleven/404.php HTTP/1.0" 302 300 "http://lady50plus.ru/wp-content/themes/twentyeleven/404.php" "Mozilla/4.0 (compatible; MSIE 6.0; Windows 98; Win 9x 4.90)" "-"
157.55.35.83 - - [27/Dec/2013:05:15:25 +0400] "GET /robots.txt HTTP/1.1" 302 285 "-" "Mozilla/5.0 (compatible; bingbot/2.0; +http://www.bing.com/bingbot.htm)" "-"
89.208.17.22 - - [27/Dec/2013:05:15:28 +0400] "GET / HTTP/1.1" 302 312 "http://vozrast-schastya.ru/" "Mozilla/5.0 (compatible; U; AnyEvent-HTTP/2.15; +http://software.schmorp.de/pkg/AnyEvent)" "-"
66.249.78.12 - - [27/Dec/2013:05:15:33 +0400] "GET /images/gallery-img6.jpg HTTP/1.1" 404 299 "-" "Googlebot-Image/1.0" "-"
95.108.139.54 - - [27/Dec/2013:05:15:37 +0400] "GET / HTTP/1.1" 200 12130 "-" "Yandex.Commerce.Pinger" "-"
5.10.83.51 - - [27/Dec/2013:05:15:40 +0400] "GET /vikopat_kotlovan.php HTTP/1.1" 200 17830 "-" "Mozilla/5.0 (compatible; AhrefsBot/5.0; +http://ahrefs.com/robot/)" "-"
5.10.83.14 - - [27/Dec/2013:05:15:41 +0400] "GET /event/2012/09/09/month/all/all/1 HTTP/1.1" 200 57987 "-" "Mozilla/5.0 (compatible; AhrefsBot/5.0; +http://ahrefs.com/robot/)" "-"
5.149.248.86 - - [27/Dec/2013:05:15:41 +0400] "POST /update.php HTTP/1.1" 200 58 "-" "Opera/9.00 (Windows NT 5.1; U; ru)" "-"
213.180.206.197 - - [27/Dec/2013:05:15:50 +0400] "GET / HTTP/1.1" 200 18700 "-" "Mozilla/5.0 (compatible; YandexMetrika/2.0; +http://yandex.com/bots mon2)" "-"
5.10.83.14 - - [27/Dec/2013:05:15:50 +0400] "GET /event/2012/08/17/day/ HTTP/1.1" 200 51037 "-" "Mozilla/5.0 (compatible; AhrefsBot/5.0; +http://ahrefs.com/robot/)" "-"
5.149.248.86 - - [27/Dec/2013:05:16:00 +0400] "POST /update.php HTTP/1.1" 200 58 "-" "Opera/9.00 (Windows NT 5.1; U; ru)" "-"
199.30.20.94 - - [27/Dec/2013:05:16:00 +0400] "GET /robots.txt HTTP/1.1" 200 42 "-" "msnbot-media/1.1 (+http://search.msn.com/msnbot.htm)" "-"
66.249.78.105 - - [27/Dec/2013:05:16:34 +0400] "GET /index.php?option=com_content&view=frontpage HTTP/1.1" 200 19800 "-" "Mozilla/5.0 (compatible; Googlebot/2.1; +http://www.google.com/bot.html)" "-"
5.149.248.86 - - [27/Dec/2013:05:16:41 +0400] "POST /update.php HTTP/1.1" 200 58 "-" "Opera/9.00 (Windows NT 5.1; U; ru)" "-"
157.55.35.87 - - [27/Dec/2013:05:16:51 +0400] "GET /robots.txt HTTP/1.1" 200 46 "-" "Mozilla/5.0 (compatible; bingbot/2.0; +http://www.bing.com/bingbot.htm)" "-"
89.253.229.226 - - [27/Dec/2013:05:16:57 +0400] "GET /administrator/components/com_cropimage/admin.cropcanvas.php?cropimagedir=http://www.google.com/humans.txt? HTTP/1.1" 499 0 "http://studia-uyta.ru/" "Mozilla/5.0 (Windows NT 5.1; rv:11.0) Gecko Firefox/11.0" "-"
89.253.229.226 - - [27/Dec/2013:05:16:57 +0400] "GET /administrator/components/com_dadamail/config.dadamail.php?GLOBALS[mosConfig_absolute_path]=http://www.google.com/humans.txt? HTTP/1.1" 499 0 "http://studia-uyta.ru/" "Mozilla/5.0 (Windows NT 5.1; rv:11.0) Gecko Firefox/11.0" "-"
89.253.229.226 - - [27/Dec/2013:05:16:57 +0400] "GET /administrator/components/com_cropimage/admin.cropcanvas.php?cropimagedir=http://www.google.com/humans.txt? HTTP/1.1" 499 0 "http://studia-yuta.ru/" "Mozilla/5.0 (Windows NT 5.1; rv:11.0) Gecko Firefox/11.0" "-"
89.253.229.226 - - [27/Dec/2013:05:16:57 +0400] "GET /administrator/components/com_dbquery/classes/DBQ/admin/common.class.php?mosConfig_absolute_path=http://www.google.com/humans.txt? HTTP/1.1" 499 0 "http://studia-uyta.ru/" "Mozilla/5.0 (Windows NT 5.1; rv:11.0) Gecko Firefox/11.0" "-"
89.253.229.226 - - [27/Dec/2013:05:16:57 +0400] "GET /administrator/components/com_dadamail/config.dadamail.php?GLOBALS[mosConfig_absolute_path]=http://www.google.com/humans.txt? HTTP/1.1" 499 0 "http://studia-yuta.ru/" "Mozilla/5.0 (Windows NT 5.1; rv:11.0) Gecko Firefox/11.0" "-"
89.253.229.226 - - [27/Dec/2013:05:16:57 +0400] "GET /administrator/components/com_events/admin.events.php?mosConfig_absolute_path=http://www.google.com/humans.txt? HTTP/1.1" 499 0 "http://studia-uyta.ru/" "Mozilla/5.0 (Windows NT 5.1; rv:11.0) Gecko Firefox/11.0" "-"
89.253.229.226 - - [27/Dec/2013:05:16:57 +0400] "GET /administrator/components/com_dbquery/classes/DBQ/admin/common.class.php?mosConfig_absolute_path=http://www.google.com/humans.txt? HTTP/1.1" 499 0 "http://studia-yuta.ru/" "Mozilla/5.0 (Windows NT 5.1; rv:11.0) Gecko Firefox/11.0" "-"
89.253.229.226 - - [27/Dec/2013:05:16:57 +0400] "GET /administrator/components/com_extcalendar/admin_settings.php?CONFIG_EXT[ADMIN_PATH]=http://www.google.com/humans.txt? HTTP/1.1" 499 0 "http://studia-uyta.ru/" "Mozilla/5.0 (Windows NT 5.1; rv:11.0) Gecko Firefox/11.0" "-"
89.253.229.226 - - [27/Dec/2013:05:16:58 +0400] "GET /administrator/components/com_extended_registration/admin.extended_registration.php?mosConfig_absolute_path=http://www.google.com/humans.txt? HTTP/1.1" 499 0 "http://studia-uyta.ru/" "Mozilla/5.0 (Windows NT 5.1; rv:11.0) Gecko Firefox/11.0" "-"
89.253.229.226 - - [27/Dec/2013:05:16:58 +0400] "GET /administrator/components/com_events/admin.events.php?mosConfig_absolute_path=http://www.google.com/humans.txt? HTTP/1.1" 499 0 "http://studia-yuta.ru/" "Mozilla/5.0 (Windows NT 5.1; rv:11.0) Gecko Firefox/11.0" "-"
89.253.229.226 - - [27/Dec/2013:05:16:58 +0400] "GET /administrator/components/com_feederator/includes/tmsp/add_tmsp.php?mosConfig_absolute_path=http://www.google.com/humans.txt? HTTP/1.1" 499 0 "http://studia-uyta.ru/" "Mozilla/5.0 (Windows NT 5.1; rv:11.0) Gecko Firefox/11.0" "-"
89.253.229.226 - - [27/Dec/2013:05:16:58 +0400] "GET /administrator/components/com_extcalendar/admin_settings.php?CONFIG_EXT[ADMIN_PATH]=http://www.google.com/humans.txt? HTTP/1.1" 499 0 "http://studia-yuta.ru/" "Mozilla/5.0 (Windows NT 5.1; rv:11.0) Gecko Firefox/11.0" "-"
89.253.229.226 - - [27/Dec/2013:05:16:58 +0400] "GET /administrator/components/com_feederator/includes/tmsp/edit_tmsp.php?mosConfig_absolute_path=http://www.google.com/humans.txt? HTTP/1.1" 499 0 "http://studia-uyta.ru/" "Mozilla/5.0 (Windows NT 5.1; rv:11.0) Gecko Firefox/11.0" "-"
89.253.229.226 - - [27/Dec/2013:05:16:58 +0400] "GET /administrator/components/com_extended_registration/admin.extended_registration.php?mosConfig_absolute_path=http://www.google.com/humans.txt? HTTP/1.1" 499 0 "http://studia-yuta.ru/" "Mozilla/5.0 (Windows NT 5.1; rv:11.0) Gecko Firefox/11.0" "-"
89.253.229.226 - - [27/Dec/2013:05:16:58 +0400] "GET /administrator/components/com_feederator/includes/tmsp/subscription.php?GLOBALS[mosConfig_absolute_path]=http://www.google.com/humans.txt? HTTP/1.1" 499 0 "http://studia-uyta.ru/" "Mozilla/5.0 (Windows NT 5.1; rv:11.0) Gecko Firefox/11.0" "-"
89.253.229.226 - - [27/Dec/2013:05:16:58 +0400] "GET /administrator/components/com_feederator/includes/tmsp/add_tmsp.php?mosConfig_absolute_path=http://www.google.com/humans.txt? HTTP/1.1" 499 0 "http://studia-yuta.ru/" "Mozilla/5.0 (Windows NT 5.1; rv:11.0) Gecko Firefox/11.0" "-"
89.253.229.226 - - [27/Dec/2013:05:16:58 +0400] "GET /administrator/components/com_feederator/includes/tmsp/tmsp.php?mosConfig_absolute_path=http://www.google.com/humans.txt? HTTP/1.1" 499 0 "http://studia-uyta.ru/" "Mozilla/5.0 (Windows NT 5.1; rv:11.0) Gecko Firefox/11.0" "-"
89.253.229.226 - - [27/Dec/2013:05:16:59 +0400] "GET /administrator/components/com_feederator/includes/tmsp/edit_tmsp.php?mosConfig_absolute_path=http://www.google.com/humans.txt? HTTP/1.1" 499 0 "http://studia-yuta.ru/" "Mozilla/5.0 (Windows NT 5.1; rv:11.0) Gecko Firefox/11.0" "-"
89.253.229.226 - - [27/Dec/2013:05:16:59 +0400] "GET /image.php?url=http://www.google.com/humans.txt??? HTTP/1.1" 499 0 "http://studia-uyta.ru/" "Mozilla/5.0 (Windows NT 5.1; rv:11.0) Gecko Firefox/11.0" "-"
89.253.229.226 - - [27/Dec/2013:05:16:59 +0400] "GET /administrator/components/com_feederator/includes/tmsp/subscription.php?GLOBALS[mosConfig_absolute_path]=http://www.google.com/humans.txt? HTTP/1.1" 499 0 "http://studia-yuta.ru/" "Mozilla/5.0 (Windows NT 5.1; rv:11.0) Gecko Firefox/11.0" "-"
89.253.229.226 - - [27/Dec/2013:05:16:59 +0400] "GET /administrator/components/com_feederator/includes/tmsp/tmsp.php?mosConfig_absolute_path=http://www.google.com/humans.txt? HTTP/1.1" 499 0 "http://studia-yuta.ru/" "Mozilla/5.0 (Windows NT 5.1; rv:11.0) Gecko Firefox/11.0" "-"
89.253.229.226 - - [27/Dec/2013:05:16:59 +0400] "GET /image.php?url=http://www.google.com/humans.txt??? HTTP/1.1" 499 0 "http://studia-yuta.ru/" "Mozilla/5.0 (Windows NT 5.1; rv:11.0) Gecko Firefox/11.0" "-"
5.63.154.55 - - [27/Dec/2013:05:17:01 +0400] "POST /wp-cron.php?doing_wp_cron HTTP/1.0" 302 294 "-" "WordPress/3.1.1; http://janneta.ru" "-"
185.24.218.83 - - [27/Dec/2013:05:17:01 +0400] "POST /wp-login.php HTTP/1.0" 200 4105 "http://janneta.ru/wp-login.php" "Opera/9.80 (Windows NT 6.1; U; ru) Presto/2.8.131 Version/11.10" "-"
5.149.248.86 - - [27/Dec/2013:05:17:02 +0400] "POST /update.php HTTP/1.1" 200 58 "-" "Opera/9.00 (Windows NT 5.1; U; ru)" "-"
66.249.78.63 - - [27/Dec/2013:05:17:12 +0400] "GET /oil/maslo-lukoyil-super-10w40-sgcd-ps HTTP/1.1" 200 48931 "-" "Mozilla/5.0 (iPhone; CPU iPhone OS 6_0 like Mac OS X) AppleWebKit/536.26 (KHTML, like Gecko) Version/6.0 Mobile/10A5376e Safari/8536.25 (compatible; Googlebot-Mobile/2.1; +http://www.google.com/bot.html)" "-"
157.55.33.181 - - [27/Dec/2013:05:17:29 +0400] "GET /tribune/77/mol/ HTTP/1.1" 200 25537 "-" "Mozilla/5.0 (compatible; bingbot/2.0; +http://www.bing.com/bingbot.htm)" "-"
67.202.49.215 - - [27/Dec/2013:05:17:35 +0400] "-" 400 0 "-" "-" "-"
5.149.248.86 - - [27/Dec/2013:05:17:42 +0400] "POST /update.php HTTP/1.1" 200 58 "-" "Opera/9.00 (Windows NT 5.1; U; ru)" "-"
157.55.35.83 - - [27/Dec/2013:05:17:49 +0400] "GET /partners/ HTTP/1.1" 200 4464 "-" "Mozilla/5.0 (compatible; bingbot/2.0; +http://www.bing.com/bingbot.htm)" "-"
199.30.20.56 - - [27/Dec/2013:05:17:49 +0400] "GET /robots.txt HTTP/1.1" 200 42 "-" "msnbot-media/1.1 (+http://search.msn.com/msnbot.htm)" "-"
5.149.248.86 - - [27/Dec/2013:05:18:01 +0400] "POST /update.php HTTP/1.1" 200 58 "-" "Opera/9.00 (Windows NT 5.1; U; ru)" "-"
195.239.178.205 - - [27/Dec/2013:05:18:04 +0400] "GET / HTTP/1.0" 302 292 "-" "Mozilla/5.0 (compatible; Nigma.ru/3.0; crawler@nigma.ru)" "-"
77.88.59.64 - - [27/Dec/2013:05:18:07 +0400] "GET / HTTP/1.1" 200 48852 "-" "Yandex.Commerce.Pinger" "-"
5.63.154.55 - - [27/Dec/2013:05:18:16 +0400] "POST /wp-cron.php?doing_wp_cron HTTP/1.0" 302 294 "-" "WordPress/3.1.1; http://janneta.ru" "-"
91.207.61.224 - - [27/Dec/2013:05:18:16 +0400] "POST /wp-login.php HTTP/1.0" 200 4067 "http://janneta.ru/wp-login.php" "Opera/9.80 (Windows NT 6.1; U; ru) Presto/2.8.131 Version/11.10" "-"
37.140.141.29 - - [27/Dec/2013:05:18:27 +0400] "GET /img/c/17-medium.jpg HTTP/1.1" 503 8140 "-" "Mozilla/5.0 (compatible; YandexImages/3.0; +http://yandex.com/bots)" "-"
37.140.141.29 - - [27/Dec/2013:05:18:29 +0400] "GET /robots.txt HTTP/1.1" 200 1550 "-" "Mozilla/5.0 (compatible; YandexImages/3.0; +http://yandex.com/bots)" "-"
5.149.248.86 - - [27/Dec/2013:05:18:39 +0400] "POST /update.php HTTP/1.1" 200 58 "-" "Opera/9.00 (Windows NT 5.1; U; ru)" "-"
37.140.141.29 - - [27/Dec/2013:05:18:55 +0400] "GET /?q=sites/default/files/imagecache/600-155-slider-img/2%20%281%29.jpg HTTP/1.1" 200 17940 "-" "Mozilla/5.0 (compatible; YandexImages/3.0; +http://yandex.com/bots)" "-"
5.149.248.86 - - [27/Dec/2013:05:18:59 +0400] "POST /update.php HTTP/1.1" 200 58 "-" "Opera/9.00 (Windows NT 5.1; U; ru)" "-"
5.187.3.246 - - [27/Dec/2013:05:19:01 +0400] "GET / HTTP/1.1" 200 9565 "-" "Mozilla/5.0 (Windows; U; Windows NT 6.1; en-US; rv:1.9.1.2) Gecko/20090729 Firefox/3.5.2 GTB5" "-"
66.249.78.210 - - [27/Dec/2013:05:19:02 +0400] "GET /event/2013/05/26/table/all/all/30 HTTP/1.1" 200 58715 "-" "Mozilla/5.0 (compatible; Googlebot/2.1; +http://www.google.com/bot.html)" "-"
66.249.78.210 - - [27/Dec/2013:05:19:03 +0400] "GET /event/2013/07/25/table/all/all/30 HTTP/1.1" 200 55717 "-" "Mozilla/5.0 (compatible; Googlebot/2.1; +http://www.google.com/bot.html)" "-"
37.140.141.29 - - [27/Dec/2013:05:19:08 +0400] "GET /?q=sites/default/files/imagecache/600-155-slider-img/de1e143e2bb3846cddb3c97c50e54ac0.jpg HTTP/1.1" 200 21917 "-" "Mozilla/5.0 (compatible; YandexImages/3.0; +http://yandex.com/bots)" "-"
5.63.154.55 - - [27/Dec/2013:05:19:10 +0400] "POST /wp-cron.php?doing_wp_cron=1388107150.9601728916168212890625 HTTP/1.0" 302 312 "-" "WordPress/3.5.1; http://vozrast-schastya.ru" "-"
193.105.154.237 - - [27/Dec/2013:05:19:11 +0400] "POST /wp-login.php HTTP/1.1" 200 3500 "http://vozrast-schastya.ru/wp-login.php" "Mozilla/5.0 (Windows NT 6.1; WOW64) AppleWebKit/535.19 (KHTML, like Gecko) Chrome/18.0.1025.152 Safari/535.19" "-"
199.30.20.135 - - [27/Dec/2013:05:19:21 +0400] "GET /robots.txt HTTP/1.1" 200 42 "-" "msnbot-media/1.1 (+http://search.msn.com/msnbot.htm)" "-"
157.55.35.79 - - [27/Dec/2013:05:19:24 +0400] "GET / HTTP/1.1" 200 6773 "-" "Mozilla/5.0 (compatible; bingbot/2.0; +http://www.bing.com/bingbot.htm)" "-"
66.249.78.205 - - [27/Dec/2013:05:19:33 +0400] "GET /?q=node/240 HTTP/1.1" 200 25748 "-" "Mozilla/5.0 (compatible; Googlebot/2.1; +http://www.google.com/bot.html)" "-"
37.140.141.29 - - [27/Dec/2013:05:19:34 +0400] "GET /?q=sites/default/files/imagecache/product/afx5IuYDny0.jpg HTTP/1.1" 200 11405 "-" "Mozilla/5.0 (compatible; YandexImages/3.0; +http://yandex.com/bots)" "-"
157.55.36.50 - - [27/Dec/2013:05:19:37 +0400] "GET /order.php?step=1 HTTP/1.0" 503 8120 "-" "Mozilla/5.0 (compatible; bingbot/2.0; +http://www.bing.com/bingbot.htm)" "-"
5.10.83.88 - - [27/Dec/2013:05:19:42 +0400] "GET /novye-lizingovye-programmy-k-uborke-urozhaya HTTP/1.1" 200 41187 "-" "Mozilla/5.0 (compatible; AhrefsBot/5.0; +http://ahrefs.com/robot/)" "-"
5.149.248.86 - - [27/Dec/2013:05:19:42 +0400] "POST /update.php HTTP/1.1" 200 58 "-" "Opera/9.00 (Windows NT 5.1; U; ru)" "-"
5.63.154.55 - - [27/Dec/2013:05:19:47 +0400] "POST /wp-cron.php?doing_wp_cron=1388107187.4035999774932861328125 HTTP/1.0" 302 298 "-" "WordPress/3.4.2; http://prof-emck.ru" "-"
193.105.154.237 - - [27/Dec/2013:05:19:47 +0400] "POST /wp-login.php HTTP/1.1" 200 3806 "http://prof-emck.ru/wp-login.php" "Mozilla/5.0 (Windows NT 6.1; WOW64) AppleWebKit/535.19 (KHTML, like Gecko) Chrome/18.0.1025.152 Safari/535.19" "-"
5.149.248.86 - - [27/Dec/2013:05:19:58 +0400] "POST /update.php HTTP/1.1" 200 58 "-" "Opera/9.00 (Windows NT 5.1; U; ru)" "-"
157.55.33.17 - - [27/Dec/2013:05:20:05 +0400] "GET /robots.txt HTTP/1.1" 200 56 "-" "Mozilla/5.0 (compatible; bingbot/2.0; +http://www.bing.com/bingbot.htm)" "-"
37.140.141.29 - - [27/Dec/2013:05:20:09 +0400] "GET /?q=sites/default/files/imagecache/55-75-gor/kolobrzeg_zima%20%D1%80%D1%80.jpg HTTP/1.1" 200 1979 "-" "Mozilla/5.0 (compatible; YandexImages/3.0; +http://yandex.com/bots)" "-"
37.140.141.29 - - [27/Dec/2013:05:20:24 +0400] "GET /?q=sites/default/files/imagecache/55-75-gor/sw_lipka.jpg HTTP/1.1" 200 2052 "-" "Mozilla/5.0 (compatible; YandexImages/3.0; +http://yandex.com/bots)" "-"
5.10.83.55 - - [27/Dec/2013:05:20:35 +0400] "GET /gallery.php?page=7 HTTP/1.1" 200 29361 "-" "Mozilla/5.0 (compatible; AhrefsBot/5.0; +http://ahrefs.com/robot/)" "-"
37.140.141.29 - - [27/Dec/2013:05:20:39 +0400] "GET /?q=sites/default/files/imagecache/product_full/6.jpg HTTP/1.1" 200 216604 "-" "Mozilla/5.0 (compatible; YandexImages/3.0; +http://yandex.com/bots)" "-"
5.149.248.86 - - [27/Dec/2013:05:20:41 +0400] "POST /update.php HTTP/1.1" 200 58 "-" "Opera/9.00 (Windows NT 5.1; U; ru)" "-"
157.55.35.87 - - [27/Dec/2013:05:20:54 +0400] "GET / HTTP/1.1" 200 49413 "-" "Mozilla/5.0 (compatible; bingbot/2.0; +http://www.bing.com/bingbot.htm)" "-"
5.149.248.86 - - [27/Dec/2013:05:21:00 +0400] "POST /update.php HTTP/1.1" 200 58 "-" "Opera/9.00 (Windows NT 5.1; U; ru)" "-"
37.140.141.29 - - [27/Dec/2013:05:21:02 +0400] "GET /?q=sites/default/files/imagecache/product_full/savoy-westend.jpg HTTP/1.1" 200 98986 "-" "Mozilla/5.0 (compatible; YandexImages/3.0; +http://yandex.com/bots)" "-"
37.140.141.29 - - [27/Dec/2013:05:21:16 +0400] "GET /?q=sites/default/files/imagecache/galleryformatter_slide/IMG_5325.JPG HTTP/1.1" 200 34327 "-" "Mozilla/5.0 (compatible; YandexImages/3.0; +http://yandex.com/bots)" "-"
65.55.52.117 - - [27/Dec/2013:05:21:16 +0400] "GET / HTTP/1.1" 200 18282 "-" "Mozilla/5.0 (compatible; bingbot/2.0; +http://www.bing.com/bingbot.htm)" "-"
37.140.141.29 - - [27/Dec/2013:05:21:28 +0400] "GET /?q=sites/default/files/imagecache/product/kolobrzeg_zima%20%D1%80%D1%80.jpg HTTP/1.1" 200 7776 "-" "Mozilla/5.0 (compatible; YandexImages/3.0; +http://yandex.com/bots)" "-"
216.244.87.171 - - [27/Dec/2013:05:21:30 +0400] "GET /phpbb3/posting.php?mode=post&f=2 HTTP/1.0" 404 299 "http://33-health-life.ru/phpbb3/posting.php?mode=post&f=2" "Mozilla/5.0 (Windows; U; Windows NT 6.1; en-US) AppleWebKit/533.4 (KHTML, like Gecko) Iron/5.0.381.0 Chrome/5.0.381 Safari/533.4" "-"
216.244.87.171 - - [27/Dec/2013:05:21:30 +0400] "GET / HTTP/1.0" 200 12529 "http://33-health-life.ru/" "Mozilla/5.0 (Windows; U; Windows NT 6.1; en-US) AppleWebKit/533.4 (KHTML, like Gecko) Iron/5.0.381.0 Chrome/5.0.381 Safari/533.4" "-"
216.244.87.171 - - [27/Dec/2013:05:21:31 +0400] "GET /phpBB3/ HTTP/1.0" 503 2007 "http://33-health-life.ru/phpBB3/" "Mozilla/5.0 (Windows; U; Windows NT 6.1; en-US) AppleWebKit/533.4 (KHTML, like Gecko) Iron/5.0.381.0 Chrome/5.0.381 Safari/533.4" "-"
216.244.87.171 - - [27/Dec/2013:05:21:32 +0400] "GET /phpBB3/index.php HTTP/1.0" 503 2007 "http://33-health-life.ru/index.php" "Mozilla/5.0 (Windows; U; Windows NT 6.1; en-US) AppleWebKit/533.4 (KHTML, like Gecko) Iron/5.0.381.0 Chrome/5.0.381 Safari/533.4" "-"
199.30.20.33 - - [27/Dec/2013:05:21:35 +0400] "GET /robots.txt HTTP/1.1" 200 42 "-" "msnbot-media/1.1 (+http://search.msn.com/msnbot.htm)" "-"
199.30.20.10 - - [27/Dec/2013:05:21:39 +0400] "GET /robots.txt HTTP/1.1" 200 42 "-" "msnbot-media/1.1 (+http://search.msn.com/msnbot.htm)" "-"
5.149.248.86 - - [27/Dec/2013:05:21:40 +0400] "POST /update.php HTTP/1.1" 200 58 "-" "Opera/9.00 (Windows NT 5.1; U; ru)" "-"
179.43.141.167 - - [27/Dec/2013:05:21:41 +0400] "GET /wp-content/themes/twentyeleven/404.php HTTP/1.0" 302 314 "http://pravgimnazia-klgd.ru/wp-content/themes/twentyeleven/404.php" "Mozilla/4.0 (compatible; MSIE 6.0; Windows 98; Win 9x 4.90)" "-"
178.68.55.4 - - [27/Dec/2013:05:21:42 +0400] "GET / HTTP/1.1" 302 304 "http://kaliningrad.zoon.ru/medical/klinika_vash_doktor_v_tsentralnom/?action=redirect" "Mozilla/5.0 (Linux; Android 4.1.2; GT-I9300 Build/JZO54K) AppleWebKit/537.36 (KHTML, like Gecko) Chrome/31.0.1650.59 Mobile Safari/537.36" "-"
178.154.163.30 - - [27/Dec/2013:05:21:46 +0400] "GET /article_34.html HTTP/1.1" 200 15169 "-" "Mozilla/5.0 (compatible; YandexBot/3.0; +http://yandex.com/bots)" "-"
178.154.163.30 - - [27/Dec/2013:05:21:48 +0400] "GET /forum.php?action=download/NDY3OA==/%D1%81%D0%B2%D0%B5%D0%B6%D0%B8%D0%B9_%D0%B4%D1%80%D0%B0%D0%B9%D0%B2%D0%B5%D1%80_geforce_8500_gt HTTP/1.1" 200 24382 "-" "Mozilla/5.0 (compatible; YandexBot/3.0; +http://yandex.com/bots)" "-"
37.140.141.29 - - [27/Dec/2013:05:21:50 +0400] "GET /?q=sites/default/files/imagecache/55-75-gor/tatry.jpg HTTP/1.1" 200 1687 "-" "Mozilla/5.0 (compatible; YandexImages/3.0; +http://yandex.com/bots)" "-"
178.154.163.30 - - [27/Dec/2013:05:21:50 +0400] "GET /catalog_7.html HTTP/1.1" 200 8432 "-" "Mozilla/5.0 (compatible; YandexBot/3.0; +http://yandex.com/bots)" "-"
178.68.55.4 - - [27/Dec/2013:05:21:52 +0400] "GET / HTTP/1.1" 302 304 "http://kaliningrad.zoon.ru/medical/klinika_vash_doktor_v_tsentralnom/?action=redirect" "Mozilla/5.0 (Linux; Android 4.1.2; GT-I9300 Build/JZO54K) AppleWebKit/537.36 (KHTML, like Gecko) Chrome/31.0.1650.59 Mobile Safari/537.36" "-"
157.56.92.156 - - [27/Dec/2013:05:21:59 +0400] "GET /finish_object_kuhni.php?page=3 HTTP/1.1" 200 12594 "-" "Mozilla/5.0 (compatible; bingbot/2.0; +http://www.bing.com/bingbot.htm)" "-"
5.149.248.86 - - [27/Dec/2013:05:22:00 +0400] "POST /update.php HTTP/1.1" 200 58 "-" "Opera/9.00 (Windows NT 5.1; U; ru)" "-"
178.68.55.4 - - [27/Dec/2013:05:22:01 +0400] "GET / HTTP/1.1" 302 304 "http://kaliningrad.zoon.ru/medical/klinika_vash_doktor_v_tsentralnom/?action=redirect" "Mozilla/5.0 (Linux; Android 4.1.2; GT-I9300 Build/JZO54K) AppleWebKit/537.36 (KHTML, like Gecko) Chrome/31.0.1650.59 Mobile Safari/537.36" "-"
37.140.141.29 - - [27/Dec/2013:05:22:04 +0400] "GET /?q=sites/default/files/imagecache/55-75-gor/the%20city.jpg HTTP/1.1" 200 2125 "-" "Mozilla/5.0 (compatible; YandexImages/3.0; +http://yandex.com/bots)" "-"
66.249.78.126 - - [27/Dec/2013:05:22:04 +0400] "GET /vozdushnye-shary-iz-folgi-figurnie.php HTTP/1.1" 200 17466 "-" "SAMSUNG-SGH-E250/1.0 Profile/MIDP-2.0 Configuration/CLDC-1.1 UP.Browser/6.2.3.3.c.1.101 (GUI) MMP/2.0 (compatible; Googlebot-Mobile/2.1; +http://www.google.com/bot.html)" "-"
184.22.136.110 - - [27/Dec/2013:05:22:19 +0400] "GET /user HTTP/1.0" 200 17770 "-" "Mozilla/5.0 (Windows NT 5.2; RW; rv:7.0a1) Gecko/20091211 SeaMonkey/9.23a1pre" "-"
184.22.136.110 - - [27/Dec/2013:05:22:21 +0400] "POST /user HTTP/1.0" 200 17968 "http://NIKATOUR-KLD.ru/user" "Mozilla/5.0 (Windows NT 5.2; RW; rv:7.0a1) Gecko/20091211 SeaMonkey/9.23a1pre" "-"
5.63.154.55 - - [27/Dec/2013:05:22:31 +0400] "POST /wp-cron.php?doing_wp_cron=1388107351.7829899787902832031250 HTTP/1.0" 302 300 "-" "WordPress/3.8; http://lady50plus.ru" "-"
66.249.78.15 - - [27/Dec/2013:05:22:31 +0400] "GET /2013/03/30/ HTTP/1.1" 200 218 "-" "Mozilla/5.0 (compatible; Googlebot/2.1; +http://www.google.com/bot.html)" "-"
5.149.248.86 - - [27/Dec/2013:05:22:42 +0400] "POST /update.php HTTP/1.1" 200 58 "-" "Opera/9.00 (Windows NT 5.1; U; ru)" "-"
65.55.215.92 - - [27/Dec/2013:05:22:42 +0400] "GET /robots.txt HTTP/1.1" 200 42 "-" "msnbot-media/1.1 (+http://search.msn.com/msnbot.htm)" "-"
37.140.141.29 - - [27/Dec/2013:05:22:43 +0400] "GET /?q=sites/default/files/imagecache/600-155-slider-img/12105187_2.jpg HTTP/1.1" 404 0 "-" "Mozilla/5.0 (compatible; YandexImages/3.0; +http://yandex.com/bots)" "-"
66.249.78.190 - - [27/Dec/2013:05:22:57 +0400] "GET /robots.txt HTTP/1.1" 200 46 "-" "Mozilla/5.0 (compatible; Googlebot/2.1; +http://www.google.com/bot.html)" "-"
66.249.78.190 - - [27/Dec/2013:05:22:57 +0400] "GET / HTTP/1.1" 200 15856 "-" "Mozilla/5.0 (iPhone; CPU iPhone OS 6_0 like Mac OS X) AppleWebKit/536.26 (KHTML, like Gecko) Version/6.0 Mobile/10A5376e Safari/8536.25 (compatible; Googlebot-Mobile/2.1; +http://www.google.com/bot.html)" "-"
37.140.141.29 - - [27/Dec/2013:05:22:59 +0400] "GET /?q=sites/default/files/imagecache/600-155-slider-img/kolobrzeg_zima%20%D1%80%D1%80.jpg HTTP/1.1" 200 22028 "-" "Mozilla/5.0 (compatible; YandexImages/3.0; +http://yandex.com/bots)" "-"
5.149.248.86 - - [27/Dec/2013:05:23:00 +0400] "POST /update.php HTTP/1.1" 200 58 "-" "Opera/9.00 (Windows NT 5.1; U; ru)" "-"
5.63.154.55 - - [27/Dec/2013:05:23:20 +0400] "POST /wp-cron.php?doing_wp_cron HTTP/1.0" 302 294 "-" "WordPress/3.1.1; http://janneta.ru" "-"
37.9.53.103 - - [27/Dec/2013:05:23:20 +0400] "POST /wp-login.php HTTP/1.0" 200 4390 "janneta.ru/wp-login.php" "Mozilla/5.0 (Windows NT 6.1; rv:19.0) Gecko/20100101 Firefox/19.0" "-"
5.63.154.55 - - [27/Dec/2013:05:23:22 +0400] "POST /wp-cron.php?doing_wp_cron=1388107402.6106638908386230468750 HTTP/1.0" 302 304 "-" "WordPress/837; http://vashdoktormc.ru" "-"
193.105.154.237 - - [27/Dec/2013:05:23:22 +0400] "POST /wp-login.php HTTP/1.1" 200 4542 "http://vashdoktormc.ru/wp-login.php" "Mozilla/5.0 (Windows NT 6.1; WOW64) AppleWebKit/535.19 (KHTML, like Gecko) Chrome/18.0.1025.152 Safari/535.19" "-"
202.46.63.75 - - [27/Dec/2013:05:23:25 +0400] "GET / HTTP/1.1" 200 8563 "-" "Mozilla/4.0 (compatible; MSIE 7.0; Windows NT 6.0)" "-"
199.30.20.75 - - [27/Dec/2013:05:23:27 +0400] "GET /robots.txt HTTP/1.1" 200 527 "-" "msnbot-media/1.1 (+http://search.msn.com/msnbot.htm)" "-"
144.76.22.2 - - [27/Dec/2013:05:23:28 +0400] "GET /robots.txt HTTP/1.1" 200 48 "-" "Mozilla/5.0 (Windows; U; Windows NT 6.0; en-GB; rv:1.0; trendictionbot0.5.0; trendiction search; http://www.trendiction.de/bot; please let us know of any problems; web at trendiction.com) Gecko/20071127 Firefox/3.0.0.11" "-"
5.10.83.14 - - [27/Dec/2013:05:23:29 +0400] "GET /event/2012/08/20/week/all/all/1 HTTP/1.1" 200 53380 "-" "Mozilla/5.0 (compatible; AhrefsBot/5.0; +http://ahrefs.com/robot/)" "-"
5.149.248.86 - - [27/Dec/2013:05:23:40 +0400] "POST /update.php HTTP/1.1" 200 58 "-" "Opera/9.00 (Windows NT 5.1; U; ru)" "-"
5.63.154.55 - - [27/Dec/2013:05:23:48 +0400] "POST /wp-cron.php?doing_wp_cron=1388107428.1880450248718261718750 HTTP/1.0" 302 298 "-" "WordPress/3.4.2; http://prof-emck.ru" "-"
91.207.61.224 - - [27/Dec/2013:05:23:48 +0400] "POST /wp-login.php HTTP/1.0" 200 3794 "http://prof-emck.ru/wp-login.php" "Opera/9.80 (Windows NT 6.1; U; ru) Presto/2.8.131 Version/11.10" "-"
5.149.248.86 - - [27/Dec/2013:05:23:59 +0400] "POST /update.php HTTP/1.1" 200 58 "-" "Opera/9.00 (Windows NT 5.1; U; ru)" "-"
178.154.224.114 - - [27/Dec/2013:05:23:59 +0400] "GET / HTTP/1.1" 200 11749 "-" "Mozilla/5.0 (compatible; YandexMetrika/2.0; +http://yandex.com/bots TEST)" "-"
37.140.141.29 - - [27/Dec/2013:05:24:06 +0400] "GET /?q=sites/default/files/imagecache/product_full/basket.jpg HTTP/1.1" 200 39681 "-" "Mozilla/5.0 (compatible; YandexImages/3.0; +http://yandex.com/bots)" "-"
213.180.206.197 - - [27/Dec/2013:05:24:27 +0400] "GET / HTTP/1.1" 200 10747 "-" "Mozilla/5.0 (compatible; YandexMetrika/2.0; +http://yandex.com/bots mon2)" "-"
95.108.129.207 - - [27/Dec/2013:05:24:28 +0400] "GET / HTTP/1.1" 200 11749 "-" "Mozilla/5.0 (compatible; YandexMetrika/2.0; +http://yandex.com/bots mon1)" "-"
5.149.248.86 - - [27/Dec/2013:05:24:41 +0400] "POST /update.php HTTP/1.1" 200 58 "-" "Opera/9.00 (Windows NT 5.1; U; ru)" "-"
37.140.141.29 - - [27/Dec/2013:05:24:51 +0400] "GET /?q=sites/default/files/imagecache/product_full/12105187_2.jpg HTTP/1.1" 404 0 "-" "Mozilla/5.0 (compatible; YandexImages/3.0; +http://yandex.com/bots)" "-"
195.239.178.205 - - [27/Dec/2013:05:24:59 +0400] "GET / HTTP/1.0" 302 294 "-" "Mozilla/5.0 (compatible; Nigma.ru/3.0; crawler@nigma.ru)" "-"
66.249.75.206 - - [27/Dec/2013:05:25:01 +0400] "GET /tours.html HTTP/1.1" 200 8798 "-" "DoCoMo/2.0 N905i(c100;TB;W24H16) (compatible; Googlebot-Mobile/2.1; +http://www.google.com/bot.html)" "-"
5.149.248.86 - - [27/Dec/2013:05:25:02 +0400] "POST /update.php HTTP/1.1" 200 58 "-" "Opera/9.00 (Windows NT 5.1; U; ru)" "-"
5.63.154.55 - - [27/Dec/2013:05:25:03 +0400] "POST /wp-cron.php?doing_wp_cron=1388107503.0029649734497070312500 HTTP/1.0" 302 304 "-" "WordPress/7660; http://vashdoktormc.ru" "-"
93.77.14.44 - - [27/Dec/2013:05:25:03 +0400] "GET /about HTTP/1.1" 200 28290 "-" "Mozilla/5.0 (X11; Linux x86_64; rv:15.0) Gecko/20100101 Firefox/15.0 Iceweasel/15.0" "-"
178.154.163.30 - - [27/Dec/2013:05:25:08 +0400] "GET /robots.txt HTTP/1.1" 200 56 "-" "Mozilla/5.0 (compatible; YandexBot/3.0; +http://yandex.com/bots)" "-"
119.63.193.130 - - [27/Dec/2013:05:25:08 +0400] "GET / HTTP/1.1" 200 8563 "-" "Mozilla/4.0 (compatible; MSIE 7.0; Windows NT 6.0)" "-"
66.249.78.17 - - [27/Dec/2013:05:25:28 +0400] "GET /gorki.php HTTP/1.1" 200 11663 "-" "Mozilla/5.0 (compatible; Googlebot/2.1; +http://www.google.com/bot.html)" "-"
37.140.141.29 - - [27/Dec/2013:05:25:40 +0400] "GET /?q=sites/default/files/imagecache/product_full/afx5IuYDny0.jpg HTTP/1.1" 200 51151 "-" "Mozilla/5.0 (compatible; YandexImages/3.0; +http://yandex.com/bots)" "-"
5.149.248.86 - - [27/Dec/2013:05:25:42 +0400] "POST /update.php HTTP/1.1" 200 58 "-" "Opera/9.00 (Windows NT 5.1; U; ru)" "-"
5.149.248.86 - - [27/Dec/2013:05:26:00 +0400] "POST /update.php HTTP/1.1" 200 58 "-" "Opera/9.00 (Windows NT 5.1; U; ru)" "-"
176.9.149.239 - - [27/Dec/2013:05:26:04 +0400] "GET / HTTP/1.1" 200 28369 "-" "Mozilla/5.0 (Macintosh; U; PPC Max OS X Mach-O; en-US; rv:1.8.0.7) Gecko/200609211 Camino/1.0.3" "-"
176.9.149.239 - - [27/Dec/2013:05:26:05 +0400] "GET /?q=taxonomy/term/88 HTTP/1.1" 200 24918 "-" "Mozilla/5.0 (Windows; U; Windows NT 5.1; ru; rv:1.9.0.7) Gecko/2009021910 Firefox/3.0.7" "-"
37.140.141.29 - - [27/Dec/2013:05:26:07 +0400] "GET /?q=sites/default/files/imagecache/product/163.jpeg HTTP/1.1" 200 14512 "-" "Mozilla/5.0 (compatible; YandexImages/3.0; +http://yandex.com/bots)" "-"
178.154.163.30 - - [27/Dec/2013:05:26:18 +0400] "GET /poleznaja-informacija.php HTTP/1.1" 200 12919 "-" "Mozilla/5.0 (compatible; YandexBot/3.0; +http://yandex.com/bots)" "-"
178.154.163.30 - - [27/Dec/2013:05:26:19 +0400] "GET /robots.txt HTTP/1.1" 404 287 "-" "Mozilla/5.0 (compatible; YandexBot/3.0; +http://yandex.com/bots)" "-"
178.154.163.30 - - [27/Dec/2013:05:26:19 +0400] "GET /robots.txt HTTP/1.1" 404 288 "-" "Mozilla/5.0 (compatible; YandexBot/3.0; +http://yandex.com/bots)" "-"
199.30.20.21 - - [27/Dec/2013:05:26:20 +0400] "GET /robots.txt HTTP/1.1" 200 42 "-" "msnbot-media/1.1 (+http://search.msn.com/msnbot.htm)" "-"
178.154.163.30 - - [27/Dec/2013:05:26:20 +0400] "GET /minijekskavator-3-5-t-jcb.php HTTP/1.1" 200 24957 "-" "Mozilla/5.0 (compatible; YandexBot/3.0; +http://yandex.com/bots)" "-"
178.154.163.30 - - [27/Dec/2013:05:26:21 +0400] "GET /event/2013/11/27/day/all/all/1 HTTP/1.1" 200 50710 "-" "Mozilla/5.0 (compatible; YandexBot/3.0; +http://yandex.com/bots)" "-"
178.154.163.30 - - [27/Dec/2013:05:26:21 +0400] "GET /lizingbeznds HTTP/1.1" 303 320 "-" "Mozilla/5.0 (compatible; YandexBot/3.0; +http://yandex.com/bots)" "-"
37.140.141.29 - - [27/Dec/2013:05:26:24 +0400] "GET /?q=sites/default/files/imagecache/product/612457.jpg HTTP/1.1" 404 0 "-" "Mozilla/5.0 (compatible; YandexImages/3.0; +http://yandex.com/bots)" "-"
37.140.141.29 - - [27/Dec/2013:05:26:30 +0400] "GET /img/c/17-medium.jpg HTTP/1.1" 503 8133 "-" "Mozilla/5.0 (compatible; YandexImages/3.0; +http://yandex.com/bots)" "-"
157.55.35.40 - - [27/Dec/2013:05:26:34 +0400] "GET / HTTP/1.1" 200 14769 "-" "Mozilla/5.0 (compatible; bingbot/2.0; +http://www.bing.com/bingbot.htm)" "-"
65.55.215.42 - - [27/Dec/2013:05:26:34 +0400] "GET /robots.txt HTTP/1.1" 200 42 "-" "msnbot-media/1.1 (+http://search.msn.com/msnbot.htm)" "-"
5.149.248.86 - - [27/Dec/2013:05:26:41 +0400] "POST /update.php HTTP/1.1" 200 58 "-" "Opera/9.00 (Windows NT 5.1; U; ru)" "-"
37.140.141.29 - - [27/Dec/2013:05:26:48 +0400] "GET /?q=sites/default/files/imagecache/55-75-gor/%20%D0%BD%D0%B0%20%D1%81%D0%B0%D0%B9%D1%82.jpg HTTP/1.1" 200 1893 "-" "Mozilla/5.0 (compatible; YandexImages/3.0; +http://yandex.com/bots)" "-"
5.149.248.86 - - [27/Dec/2013:05:26:59 +0400] "POST /update.php HTTP/1.1" 200 58 "-" "Opera/9.00 (Windows NT 5.1; U; ru)" "-"
199.30.16.22 - - [27/Dec/2013:05:27:12 +0400] "GET /robots.txt HTTP/1.1" 200 42 "-" "msnbot-media/1.1 (+http://search.msn.com/msnbot.htm)" "-"
5.10.83.14 - - [27/Dec/2013:05:27:14 +0400] "GET /node/110 HTTP/1.1" 200 49617 "-" "Mozilla/5.0 (compatible; AhrefsBot/5.0; +http://ahrefs.com/robot/)" "-"
178.154.163.30 - - [27/Dec/2013:05:27:14 +0400] "GET /robots.txt HTTP/1.1" 200 42 "-" "Mozilla/5.0 (compatible; YandexBot/3.0; +http://yandex.com/bots)" "-"
65.55.24.236 - - [27/Dec/2013:05:27:16 +0400] "GET /robots.txt HTTP/1.1" 200 1550 "-" "Mozilla/5.0 (compatible; bingbot/2.0; +http://www.bing.com/bingbot.htm)" "-"
5.63.154.55 - - [27/Dec/2013:05:27:16 +0400] "POST /wp-cron.php?doing_wp_cron HTTP/1.0" 302 294 "-" "WordPress/3.1.1; http://janneta.ru" "-"
178.154.163.30 - - [27/Dec/2013:05:27:17 +0400] "GET / HTTP/1.1" 200 11977 "-" "Mozilla/5.0 (compatible; YandexBot/3.0; +http://yandex.com/bots)" "-"
178.154.163.30 - - [27/Dec/2013:05:27:18 +0400] "GET / HTTP/1.1" 301 0 "-" "Mozilla/5.0 (compatible; YandexBot/3.0; +http://yandex.com/bots)" "-"
178.154.163.30 - - [27/Dec/2013:05:27:22 +0400] "GET / HTTP/1.1" 200 11977 "-" "Mozilla/5.0 (compatible; YandexBot/3.0; +http://yandex.com/bots)" "-"
5.63.154.55 - - [27/Dec/2013:05:27:27 +0400] "POST /wp-cron.php?doing_wp_cron=1388107647.8725919723510742187500 HTTP/1.0" 302 312 "-" "WordPress/3.5.1; http://vozrast-schastya.ru" "-"
89.96.237.235 - - [27/Dec/2013:05:27:27 +0400] "POST /wp-login.php HTTP/1.0" 200 3449 "http://vozrast-schastya.ru/wp-login.php" "Opera/9.80 (Windows NT 6.1; U; ru) Presto/2.8.131 Version/11.10" "-"
5.10.83.14 - - [27/Dec/2013:05:27:29 +0400] "GET /event/2012/10/30/week/all/all/1 HTTP/1.1" 200 55900 "-" "Mozilla/5.0 (compatible; AhrefsBot/5.0; +http://ahrefs.com/robot/)" "-"
178.154.163.30 - - [27/Dec/2013:05:27:30 +0400] "GET / HTTP/1.1" 200 36873 "-" "Mozilla/5.0 (compatible; YandexCatalog/3.0; +http://yandex.com/bots)" "-"
