217.147.84.173 - - [27/Dec/2013:06:23:41 +0400] "GET /wp-login.php HTTP/1.0" 301 338 "-" "Mozilla/5.0 (Windows; U; Windows NT 5.1; en-US; rv:1.7.7) Gecko/20050414" "-"
5.149.248.86 - - [27/Dec/2013:06:23:42 +0400] "POST /update.php HTTP/1.1" 200 58 "-" "Opera/9.00 (Windows NT 5.1; U; ru)" "-"
5.149.248.86 - - [27/Dec/2013:06:24:00 +0400] "POST /update.php HTTP/1.1" 200 58 "-" "Opera/9.00 (Windows NT 5.1; U; ru)" "-"
131.253.24.14 - - [27/Dec/2013:06:24:11 +0400] "GET /robots.txt HTTP/1.1" 404 294 "-" "msnbot-media/1.1 (+http://search.msn.com/msnbot.htm)" "-"
208.43.225.84 - - [27/Dec/2013:06:24:26 +0400] "GET /robots.txt HTTP/1.1" 404 7636 "-" "Mozilla/5.0 (compatible; SiteExplorer/1.0b; +http://siteexplorer.info/)" "-"
213.248.32.214 - - [27/Dec/2013:06:24:28 +0400] "GET /robots.txt HTTP/1.1" 302 314 "-" "SeopultContentAnalyzer/1.0" "-"
213.248.32.214 - - [27/Dec/2013:06:24:29 +0400] "GET /robots.txt HTTP/1.1" 302 298 "-" "SeopultContentAnalyzer/1.0" "-"
213.248.32.214 - - [27/Dec/2013:06:24:29 +0400] "GET /robots.txt HTTP/1.1" 302 314 "-" "SeopultContentAnalyzer/1.0" "-"
213.248.32.214 - - [27/Dec/2013:06:24:30 +0400] "GET /robots.txt HTTP/1.1" 302 298 "-" "SeopultContentAnalyzer/1.0" "-"
208.43.225.84 - - [27/Dec/2013:06:24:30 +0400] "GET /catalog_6_406.html HTTP/1.1" 200 40279 "-" "Mozilla/5.0 (compatible; SiteExplorer/1.0b; +http://siteexplorer.info/)" "-"
37.187.56.9 - - [27/Dec/2013:06:24:35 +0400] "GET / HTTP/1.0" 302 306 "-" "" "-"
37.187.56.9 - - [27/Dec/2013:06:24:35 +0400] "GET / HTTP/1.0" 302 306 "-" "" "-"
208.43.255.25 - - [27/Dec/2013:06:24:35 +0400] "GET /robots.txt HTTP/1.1" 404 285 "-" "Mozilla/5.0 (compatible; MSIE 9.0; Windows NT 6.1; WOW64; Trident/5.0; chromeframe/19.0.1084.52)" "-"
37.187.56.9 - - [27/Dec/2013:06:24:35 +0400] "GET / HTTP/1.0" 302 306 "-" "" "-"
37.187.56.9 - - [27/Dec/2013:06:24:35 +0400] "GET / HTTP/1.0" 302 306 "-" "" "-"
37.187.56.9 - - [27/Dec/2013:06:24:35 +0400] "GET / HTTP/1.0" 302 306 "-" "" "-"
37.187.56.9 - - [27/Dec/2013:06:24:35 +0400] "GET / HTTP/1.0" 302 306 "-" "" "-"
37.187.56.9 - - [27/Dec/2013:06:24:36 +0400] "GET / HTTP/1.0" 302 306 "-" "" "-"
37.187.56.9 - - [27/Dec/2013:06:24:36 +0400] "GET / HTTP/1.0" 302 306 "-" "" "-"
37.187.56.9 - - [27/Dec/2013:06:24:36 +0400] "GET / HTTP/1.0" 302 306 "-" "" "-"
37.187.56.9 - - [27/Dec/2013:06:24:36 +0400] "GET / HTTP/1.0" 302 306 "-" "" "-"
208.43.255.25 - - [27/Dec/2013:06:24:40 +0400] "GET /new_country.php?id=4 HTTP/1.1" 200 4576 "-" "Mozilla/5.0 (compatible; MSIE 9.0; Windows NT 6.1; WOW64; Trident/5.0; chromeframe/19.0.1084.52)" "-"
208.43.225.84 - - [27/Dec/2013:06:24:43 +0400] "GET /catalog_6.html HTTP/1.1" 200 10013 "-" "Mozilla/5.0 (compatible; SiteExplorer/1.0b; +http://siteexplorer.info/)" "-"
5.149.248.86 - - [27/Dec/2013:06:24:44 +0400] "POST /update.php HTTP/1.1" 200 58 "-" "Opera/9.00 (Windows NT 5.1; U; ru)" "-"
208.43.255.25 - - [27/Dec/2013:06:24:50 +0400] "GET /new_country.php?id=3 HTTP/1.1" 200 4885 "-" "Mozilla/5.0 (compatible; MSIE 9.0; Windows NT 6.1; WOW64; Trident/5.0; chromeframe/19.0.1084.52)" "-"
178.154.163.30 - - [27/Dec/2013:06:24:51 +0400] "GET /robots.txt HTTP/1.1" 301 316 "-" "Mozilla/5.0 (compatible; YandexBot/3.0; +http://yandex.com/bots)" "-"
178.154.163.30 - - [27/Dec/2013:06:24:52 +0400] "GET /robots.txt HTTP/1.1" 200 94 "-" "Mozilla/5.0 (compatible; YandexBot/3.0; +http://yandex.com/bots)" "-"
178.154.163.30 - - [27/Dec/2013:06:24:52 +0400] "GET /robots.txt HTTP/1.1" 200 46 "-" "Mozilla/5.0 (compatible; YandexBot/3.0; +http://yandex.com/bots)" "-"
178.154.163.30 - - [27/Dec/2013:06:24:53 +0400] "GET / HTTP/1.1" 200 15856 "-" "Mozilla/5.0 (compatible; YandexBot/3.0; +http://yandex.com/bots)" "-"
208.43.225.84 - - [27/Dec/2013:06:24:53 +0400] "GET /article_9.html HTTP/1.1" 200 8098 "-" "Mozilla/5.0 (compatible; SiteExplorer/1.0b; +http://siteexplorer.info/)" "-"
178.154.163.30 - - [27/Dec/2013:06:24:53 +0400] "GET / HTTP/1.1" 301 306 "-" "Mozilla/5.0 (compatible; YandexBot/3.0; +http://yandex.com/bots)" "-"
178.154.163.30 - - [27/Dec/2013:06:24:57 +0400] "GET / HTTP/1.1" 200 15856 "-" "Mozilla/5.0 (compatible; YandexBot/3.0; +http://yandex.com/bots)" "-"
5.149.248.86 - - [27/Dec/2013:06:24:59 +0400] "POST /update.php HTTP/1.1" 200 58 "-" "Opera/9.00 (Windows NT 5.1; U; ru)" "-"
208.43.255.25 - - [27/Dec/2013:06:25:00 +0400] "GET /new_country.php?id=2 HTTP/1.1" 200 4510 "-" "Mozilla/5.0 (compatible; MSIE 9.0; Windows NT 6.1; WOW64; Trident/5.0; chromeframe/19.0.1084.52)" "-"
5.63.154.55 - - [27/Dec/2013:06:25:00 +0400] "POST /wp-cron.php?doing_wp_cron=1388111100.7986209392547607421875 HTTP/1.0" 302 300 "-" "WordPress/3.8; http://lady50plus.ru" "-"
66.249.78.15 - - [27/Dec/2013:06:25:00 +0400] "GET /%D0%B0-%D0%BD%D1%83-%D0%B5%D0%B5-%D1%8D%D1%82%D1%83-%D1%81%D1%82%D0%B0%D1%80%D0%BE%D1%81%D1%82%D1%8C/ HTTP/1.1" 200 218 "-" "Mozilla/5.0 (compatible; Googlebot/2.1; +http://www.google.com/bot.html)" "-"
208.43.225.84 - - [27/Dec/2013:06:25:04 +0400] "GET /article_8.html HTTP/1.1" 200 10543 "-" "Mozilla/5.0 (compatible; SiteExplorer/1.0b; +http://siteexplorer.info/)" "-"
208.43.255.30 - - [27/Dec/2013:06:25:04 +0400] "GET /robots.txt HTTP/1.1" 200 55 "-" "Mozilla/5.0 (compatible; MSIE 9.0; Windows NT 6.1; WOW64; Trident/5.0; chromeframe/19.0.1084.52)" "-"
208.43.255.30 - - [27/Dec/2013:06:25:09 +0400] "GET / HTTP/1.1" 200 11688 "-" "Mozilla/5.0 (compatible; MSIE 9.0; Windows NT 6.1; WOW64; Trident/5.0; chromeframe/19.0.1084.52)" "-"
208.43.255.25 - - [27/Dec/2013:06:25:10 +0400] "GET /new_country.php?id=10 HTTP/1.1" 200 4576 "-" "Mozilla/5.0 (compatible; MSIE 9.0; Windows NT 6.1; WOW64; Trident/5.0; chromeframe/19.0.1084.52)" "-"
5.63.154.55 - - [27/Dec/2013:06:25:11 +0400] "POST /wp-cron.php?doing_wp_cron=1388111111.1134879589080810546875 HTTP/1.0" 302 312 "-" "WordPress/3.5.1; http://vozrast-schastya.ru" "-"
193.105.154.237 - - [27/Dec/2013:06:25:11 +0400] "POST /wp-login.php HTTP/1.1" 200 3500 "http://vozrast-schastya.ru/wp-login.php" "Mozilla/5.0 (Windows NT 6.1; WOW64) AppleWebKit/535.19 (KHTML, like Gecko) Chrome/18.0.1025.152 Safari/535.19" "-"
208.43.225.84 - - [27/Dec/2013:06:25:14 +0400] "GET /article_34.html HTTP/1.1" 200 15169 "-" "Mozilla/5.0 (compatible; SiteExplorer/1.0b; +http://siteexplorer.info/)" "-"
208.43.255.25 - - [27/Dec/2013:06:25:20 +0400] "GET /new_country.php?id=1 HTTP/1.1" 200 5867 "-" "Mozilla/5.0 (compatible; MSIE 9.0; Windows NT 6.1; WOW64; Trident/5.0; chromeframe/19.0.1084.52)" "-"
157.55.35.40 - - [27/Dec/2013:06:25:23 +0400] "GET / HTTP/1.1" 200 14784 "-" "Mozilla/5.0 (compatible; bingbot/2.0; +http://www.bing.com/bingbot.htm)" "-"
208.43.225.84 - - [27/Dec/2013:06:25:29 +0400] "GET /article_27.html HTTP/1.1" 200 11338 "-" "Mozilla/5.0 (compatible; SiteExplorer/1.0b; +http://siteexplorer.info/)" "-"
208.43.255.25 - - [27/Dec/2013:06:25:31 +0400] "GET /index.php HTTP/1.1" 200 9277 "-" "Mozilla/5.0 (compatible; MSIE 9.0; Windows NT 6.1; WOW64; Trident/5.0; chromeframe/19.0.1084.52)" "-"
93.115.84.195 - - [27/Dec/2013:06:25:31 +0400] "POST /wp-login.php HTTP/1.0" 200 207 "http://lady50plus.ru/wp-login.php" "Opera/9.80 (Windows NT 6.1; U; ru) Presto/2.8.131 Version/11.10" "-"
208.43.225.84 - - [27/Dec/2013:06:25:39 +0400] "GET /article_21.html HTTP/1.1" 200 9123 "-" "Mozilla/5.0 (compatible; SiteExplorer/1.0b; +http://siteexplorer.info/)" "-"
208.43.255.25 - - [27/Dec/2013:06:25:41 +0400] "GET /details.php?id=999 HTTP/1.1" 200 9929 "-" "Mozilla/5.0 (compatible; MSIE 9.0; Windows NT 6.1; WOW64; Trident/5.0; chromeframe/19.0.1084.52)" "-"
5.149.248.86 - - [27/Dec/2013:06:25:41 +0400] "POST /update.php HTTP/1.1" 200 58 "-" "Opera/9.00 (Windows NT 5.1; U; ru)" "-"
184.22.136.110 - - [27/Dec/2013:06:25:45 +0400] "POST /wp-login.php HTTP/1.0" 200 207 "-" "Mozilla/5.0 (compatible; MSIE 10.0; Windows NT 6.1; WOW64; Trident/6.0)" "-"
5.63.154.55 - - [27/Dec/2013:06:25:48 +0400] "POST /wp-cron.php?doing_wp_cron=1388111148.2616140842437744140625 HTTP/1.0" 302 298 "-" "WordPress/3.4.2; http://prof-emck.ru" "-"
193.105.154.237 - - [27/Dec/2013:06:25:48 +0400] "POST /wp-login.php HTTP/1.1" 200 3806 "http://prof-emck.ru/wp-login.php" "Mozilla/5.0 (Windows NT 6.1; WOW64) AppleWebKit/535.19 (KHTML, like Gecko) Chrome/18.0.1025.152 Safari/535.19" "-"
208.43.225.84 - - [27/Dec/2013:06:25:50 +0400] "GET /article_20.html HTTP/1.1" 200 9128 "-" "Mozilla/5.0 (compatible; SiteExplorer/1.0b; +http://siteexplorer.info/)" "-"
93.115.84.195 - - [27/Dec/2013:06:25:54 +0400] "POST /wp-login.php HTTP/1.0" 200 3488 "http://vozrast-schastya.ru/wp-login.php" "Opera/9.80 (Windows NT 6.1; U; ru) Presto/2.8.131 Version/11.10" "-"
208.43.255.26 - - [27/Dec/2013:06:25:54 +0400] "GET /details.php?id=996 HTTP/1.1" 200 15756 "-" "Mozilla/5.0 (compatible; MSIE 9.0; Windows NT 6.1; WOW64; Trident/5.0; chromeframe/19.0.1084.52)" "-"
5.149.248.86 - - [27/Dec/2013:06:25:58 +0400] "POST /update.php HTTP/1.1" 200 58 "-" "Opera/9.00 (Windows NT 5.1; U; ru)" "-"
208.43.225.84 - - [27/Dec/2013:06:26:00 +0400] "GET / HTTP/1.1" 200 36873 "-" "Mozilla/5.0 (compatible; SiteExplorer/1.0b; +http://siteexplorer.info/)" "-"
195.54.213.174 - - [27/Dec/2013:06:26:01 +0400] "GET / HTTP/1.1" 200 901 "" "Mozilla/5.0 (compatible; statdom.ru/Bot; +http://statdom.ru/bot.html)" "-"
66.249.78.81 - - [27/Dec/2013:06:26:04 +0400] "GET /stancija-progreva-betona-ktpto.php HTTP/1.1" 200 21873 "-" "Mozilla/5.0 (iPhone; CPU iPhone OS 6_0 like Mac OS X) AppleWebKit/536.26 (KHTML, like Gecko) Version/6.0 Mobile/10A5376e Safari/8536.25 (compatible; Googlebot-Mobile/2.1; +http://www.google.com/bot.html)" "-"
208.43.255.26 - - [27/Dec/2013:06:26:05 +0400] "GET /details.php?id=994 HTTP/1.1" 200 39545 "-" "Mozilla/5.0 (compatible; MSIE 9.0; Windows NT 6.1; WOW64; Trident/5.0; chromeframe/19.0.1084.52)" "-"
131.253.24.12 - - [27/Dec/2013:06:26:08 +0400] "GET /robots.txt HTTP/1.1" 200 42 "-" "msnbot-media/1.1 (+http://search.msn.com/msnbot.htm)" "-"
195.54.213.174 - - [27/Dec/2013:06:26:13 +0400] "GET /favicon.ico HTTP/1.1" 404 283 "" "Mozilla/5.0 (compatible; statdom.ru/Bot; +http://statdom.ru/bot.html)" "-"
208.43.255.26 - - [27/Dec/2013:06:26:15 +0400] "GET /details.php?id=987 HTTP/1.1" 200 25524 "-" "Mozilla/5.0 (compatible; MSIE 9.0; Windows NT 6.1; WOW64; Trident/5.0; chromeframe/19.0.1084.52)" "-"
208.43.255.26 - - [27/Dec/2013:06:26:25 +0400] "GET /details.php?id=986 HTTP/1.1" 200 19082 "-" "Mozilla/5.0 (compatible; MSIE 9.0; Windows NT 6.1; WOW64; Trident/5.0; chromeframe/19.0.1084.52)" "-"
208.43.255.26 - - [27/Dec/2013:06:26:35 +0400] "GET /details.php?id=978 HTTP/1.1" 200 22678 "-" "Mozilla/5.0 (compatible; MSIE 9.0; Windows NT 6.1; WOW64; Trident/5.0; chromeframe/19.0.1084.52)" "-"
5.149.248.86 - - [27/Dec/2013:06:26:40 +0400] "POST /update.php HTTP/1.1" 200 58 "-" "Opera/9.00 (Windows NT 5.1; U; ru)" "-"
208.43.255.26 - - [27/Dec/2013:06:26:45 +0400] "GET /details.php?id=976 HTTP/1.1" 200 9530 "-" "Mozilla/5.0 (compatible; MSIE 9.0; Windows NT 6.1; WOW64; Trident/5.0; chromeframe/19.0.1084.52)" "-"
208.43.255.26 - - [27/Dec/2013:06:26:56 +0400] "GET /details.php?id=975 HTTP/1.1" 200 28226 "-" "Mozilla/5.0 (compatible; MSIE 9.0; Windows NT 6.1; WOW64; Trident/5.0; chromeframe/19.0.1084.52)" "-"
5.149.248.86 - - [27/Dec/2013:06:27:00 +0400] "POST /update.php HTTP/1.1" 200 58 "-" "Opera/9.00 (Windows NT 5.1; U; ru)" "-"
208.43.255.26 - - [27/Dec/2013:06:27:06 +0400] "GET /details.php?id=971 HTTP/1.1" 200 17477 "-" "Mozilla/5.0 (compatible; MSIE 9.0; Windows NT 6.1; WOW64; Trident/5.0; chromeframe/19.0.1084.52)" "-"
5.10.83.14 - - [27/Dec/2013:06:27:13 +0400] "GET /event/2013/01/27/month/all/all/1 HTTP/1.1" 200 55162 "-" "Mozilla/5.0 (compatible; AhrefsBot/5.0; +http://ahrefs.com/robot/)" "-"
208.43.255.26 - - [27/Dec/2013:06:27:16 +0400] "GET /details.php?id=970 HTTP/1.1" 200 66059 "-" "Mozilla/5.0 (compatible; MSIE 9.0; Windows NT 6.1; WOW64; Trident/5.0; chromeframe/19.0.1084.52)" "-"
208.43.255.26 - - [27/Dec/2013:06:27:26 +0400] "GET /details.php?id=969 HTTP/1.1" 200 16586 "-" "Mozilla/5.0 (compatible; MSIE 9.0; Windows NT 6.1; WOW64; Trident/5.0; chromeframe/19.0.1084.52)" "-"
95.108.129.207 - - [27/Dec/2013:06:27:34 +0400] "GET / HTTP/1.1" 200 10747 "-" "Mozilla/5.0 (compatible; YandexMetrika/2.0; +http://yandex.com/bots mon1)" "-"
208.43.255.27 - - [27/Dec/2013:06:27:36 +0400] "GET /details.php?id=968 HTTP/1.1" 200 16624 "-" "Mozilla/5.0 (compatible; MSIE 9.0; Windows NT 6.1; WOW64; Trident/5.0; chromeframe/19.0.1084.52)" "-"
5.149.248.86 - - [27/Dec/2013:06:27:41 +0400] "POST /update.php HTTP/1.1" 200 58 "-" "Opera/9.00 (Windows NT 5.1; U; ru)" "-"
208.43.255.27 - - [27/Dec/2013:06:27:46 +0400] "GET /details.php?id=965 HTTP/1.1" 200 23717 "-" "Mozilla/5.0 (compatible; MSIE 9.0; Windows NT 6.1; WOW64; Trident/5.0; chromeframe/19.0.1084.52)" "-"
5.10.83.14 - - [27/Dec/2013:06:27:52 +0400] "GET /event/2012/09/23/day/ HTTP/1.1" 200 51150 "-" "Mozilla/5.0 (compatible; AhrefsBot/5.0; +http://ahrefs.com/robot/)" "-"
66.249.78.17 - - [27/Dec/2013:06:27:57 +0400] "GET /news_2.php HTTP/1.1" 200 13351 "-" "Mozilla/5.0 (compatible; Googlebot/2.1; +http://www.google.com/bot.html)" "-"
208.43.255.27 - - [27/Dec/2013:06:27:58 +0400] "GET /details.php?id=944 HTTP/1.1" 200 51321 "-" "Mozilla/5.0 (compatible; MSIE 9.0; Windows NT 6.1; WOW64; Trident/5.0; chromeframe/19.0.1084.52)" "-"
5.149.248.86 - - [27/Dec/2013:06:28:00 +0400] "POST /update.php HTTP/1.1" 200 58 "-" "Opera/9.00 (Windows NT 5.1; U; ru)" "-"
208.43.255.27 - - [27/Dec/2013:06:28:07 +0400] "GET /details.php?id=941 HTTP/1.1" 200 17426 "-" "Mozilla/5.0 (compatible; MSIE 9.0; Windows NT 6.1; WOW64; Trident/5.0; chromeframe/19.0.1084.52)" "-"
184.22.136.110 - - [27/Dec/2013:06:28:19 +0400] "GET /user HTTP/1.0" 200 29991 "-" "Mozilla/5.0 (Windows; U; Windows NT 6.1; rv:2.2) Gecko/20110201" "-"
184.22.136.110 - - [27/Dec/2013:06:28:20 +0400] "POST /user HTTP/1.0" 200 30362 "http://LIGATANCEV.ru/user" "Mozilla/5.0 (Windows; U; Windows NT 6.1; rv:2.2) Gecko/20110201" "-"
208.43.255.27 - - [27/Dec/2013:06:28:23 +0400] "GET /details.php?id=933 HTTP/1.1" 200 10042 "-" "Mozilla/5.0 (compatible; MSIE 9.0; Windows NT 6.1; WOW64; Trident/5.0; chromeframe/19.0.1084.52)" "-"
208.43.255.27 - - [27/Dec/2013:06:28:33 +0400] "GET /details.php?id=925 HTTP/1.1" 200 22271 "-" "Mozilla/5.0 (compatible; MSIE 9.0; Windows NT 6.1; WOW64; Trident/5.0; chromeframe/19.0.1084.52)" "-"
5.149.248.86 - - [27/Dec/2013:06:28:40 +0400] "POST /update.php HTTP/1.1" 200 58 "-" "Opera/9.00 (Windows NT 5.1; U; ru)" "-"
5.10.83.14 - - [27/Dec/2013:06:28:41 +0400] "GET /event/2012/07/24/week/ HTTP/1.1" 200 53885 "-" "Mozilla/5.0 (compatible; AhrefsBot/5.0; +http://ahrefs.com/robot/)" "-"
208.43.255.27 - - [27/Dec/2013:06:28:44 +0400] "GET /details.php?id=914 HTTP/1.1" 200 21119 "-" "Mozilla/5.0 (compatible; MSIE 9.0; Windows NT 6.1; WOW64; Trident/5.0; chromeframe/19.0.1084.52)" "-"
95.108.129.207 - - [27/Dec/2013:06:28:51 +0400] "GET / HTTP/1.1" 303 308 "-" "Mozilla/5.0 (compatible; YandexMetrika/2.0; +http://yandex.com/bots mon1)" "-"
95.108.129.207 - - [27/Dec/2013:06:28:51 +0400] "GET / HTTP/1.1" 200 49072 "-" "Mozilla/5.0 (compatible; YandexMetrika/2.0; +http://yandex.com/bots mon1)" "-"
95.25.214.155 - - [27/Dec/2013:06:28:55 +0400] "GET /eksklyuzivnye_dveri.html HTTP/1.1" 200 14500 "http://www.nikma-doors.ru/items.html" "Mozilla/5.0 (Windows NT 6.1; WOW64) AppleWebKit/537.36 (KHTML, like Gecko) Chrome/31.0.1650.63 Safari/537.36" "-"
95.25.214.155 - - [27/Dec/2013:06:28:56 +0400] "GET /js/jquery.chili-2.2.js HTTP/1.1" 404 304 "http://www.nikma-doors.ru/eksklyuzivnye_dveri.html" "Mozilla/5.0 (Windows NT 6.1; WOW64) AppleWebKit/537.36 (KHTML, like Gecko) Chrome/31.0.1650.63 Safari/537.36" "-"
95.25.214.155 - - [27/Dec/2013:06:28:56 +0400] "GET /js/chili/recipes.js HTTP/1.1" 404 301 "http://www.nikma-doors.ru/eksklyuzivnye_dveri.html" "Mozilla/5.0 (Windows NT 6.1; WOW64) AppleWebKit/537.36 (KHTML, like Gecko) Chrome/31.0.1650.63 Safari/537.36" "-"
5.149.248.86 - - [27/Dec/2013:06:28:59 +0400] "POST /update.php HTTP/1.1" 200 58 "-" "Opera/9.00 (Windows NT 5.1; U; ru)" "-"
5.10.83.14 - - [27/Dec/2013:06:29:04 +0400] "GET /event/2013/04/16/day/ HTTP/1.1" 200 50842 "-" "Mozilla/5.0 (compatible; AhrefsBot/5.0; +http://ahrefs.com/robot/)" "-"
95.25.214.155 - - [27/Dec/2013:06:29:06 +0400] "GET /img/overlay/close.png HTTP/1.1" 404 303 "http://www.nikma-doors.ru/eksklyuzivnye_dveri.html" "Mozilla/5.0 (Windows NT 6.1; WOW64) AppleWebKit/537.36 (KHTML, like Gecko) Chrome/31.0.1650.63 Safari/537.36" "-"
5.10.83.14 - - [27/Dec/2013:06:29:14 +0400] "GET /event/2013/05/02/day/ HTTP/1.1" 200 51049 "-" "Mozilla/5.0 (compatible; AhrefsBot/5.0; +http://ahrefs.com/robot/)" "-"
5.63.154.55 - - [27/Dec/2013:06:29:21 +0400] "POST /wp-cron.php?doing_wp_cron=1388111361.2820599079132080078125 HTTP/1.0" 302 304 "-" "WordPress/6142; http://vashdoktormc.ru" "-"
193.105.154.237 - - [27/Dec/2013:06:29:21 +0400] "POST /wp-login.php HTTP/1.1" 200 4548 "http://vashdoktormc.ru/wp-login.php" "Mozilla/5.0 (Windows NT 6.1; WOW64) AppleWebKit/535.19 (KHTML, like Gecko) Chrome/18.0.1025.152 Safari/535.19" "-"
5.10.83.14 - - [27/Dec/2013:06:29:26 +0400] "GET /event/2012/12/26/day/all/all/1 HTTP/1.1" 200 51479 "-" "Mozilla/5.0 (compatible; AhrefsBot/5.0; +http://ahrefs.com/robot/)" "-"
195.239.178.205 - - [27/Dec/2013:06:29:26 +0400] "GET / HTTP/1.0" 302 304 "-" "Mozilla/5.0 (compatible; Nigma.ru/3.0; crawler@nigma.ru)" "-"
5.149.248.86 - - [27/Dec/2013:06:29:40 +0400] "POST /update.php HTTP/1.1" 200 58 "-" "Opera/9.00 (Windows NT 5.1; U; ru)" "-"
5.10.83.14 - - [27/Dec/2013:06:29:42 +0400] "GET /event/2013/01/24/table/all/all/30 HTTP/1.1" 200 57264 "-" "Mozilla/5.0 (compatible; AhrefsBot/5.0; +http://ahrefs.com/robot/)" "-"
95.25.214.155 - - [27/Dec/2013:06:29:55 +0400] "GET /contact.php HTTP/1.1" 200 13046 "http://www.nikma-doors.ru/eksklyuzivnye_dveri.html" "Mozilla/5.0 (Windows NT 6.1; WOW64) AppleWebKit/537.36 (KHTML, like Gecko) Chrome/31.0.1650.63 Safari/537.36" "-"
95.25.214.155 - - [27/Dec/2013:06:29:55 +0400] "GET /js/jquery.chili-2.2.js HTTP/1.1" 404 304 "http://www.nikma-doors.ru/contact.php" "Mozilla/5.0 (Windows NT 6.1; WOW64) AppleWebKit/537.36 (KHTML, like Gecko) Chrome/31.0.1650.63 Safari/537.36" "-"
95.25.214.155 - - [27/Dec/2013:06:29:55 +0400] "GET /js/chili/recipes.js HTTP/1.1" 404 301 "http://www.nikma-doors.ru/contact.php" "Mozilla/5.0 (Windows NT 6.1; WOW64) AppleWebKit/537.36 (KHTML, like Gecko) Chrome/31.0.1650.63 Safari/537.36" "-"
95.25.214.155 - - [27/Dec/2013:06:29:55 +0400] "GET /kcaptcha?PHPSESSID=21af8cc742fc08213db30c44e90e1d76 HTTP/1.1" 301 370 "http://www.nikma-doors.ru/contact.php" "Mozilla/5.0 (Windows NT 6.1; WOW64) AppleWebKit/537.36 (KHTML, like Gecko) Chrome/31.0.1650.63 Safari/537.36" "-"
95.25.214.155 - - [27/Dec/2013:06:29:55 +0400] "GET /kcaptcha/?PHPSESSID=21af8cc742fc08213db30c44e90e1d76 HTTP/1.1" 200 4659 "http://www.nikma-doors.ru/contact.php" "Mozilla/5.0 (Windows NT 6.1; WOW64) AppleWebKit/537.36 (KHTML, like Gecko) Chrome/31.0.1650.63 Safari/537.36" "-"
5.149.248.86 - - [27/Dec/2013:06:30:00 +0400] "POST /update.php HTTP/1.1" 200 58 "-" "Opera/9.00 (Windows NT 5.1; U; ru)" "-"
192.95.17.138 - - [27/Dec/2013:06:30:37 +0400] "GET /phpBB3/ HTTP/1.1" 302 308 "http://33-health-life.ru/" "Mozilla/5.0 (iPod; CPU iPhone OS 6_1_3 like Mac OS X) AppleWebKit/536.26 (KHTML, like Gecko) Version/6.0 Mobile/10B329 Safari/8536.25" "-"
5.149.248.86 - - [27/Dec/2013:06:30:40 +0400] "POST /update.php HTTP/1.1" 200 58 "-" "Opera/9.00 (Windows NT 5.1; U; ru)" "-"
5.10.83.88 - - [27/Dec/2013:06:30:52 +0400] "GET /s-optimizmom-v-budushchee HTTP/1.1" 200 40470 "-" "Mozilla/5.0 (compatible; AhrefsBot/5.0; +http://ahrefs.com/robot/)" "-"
5.149.248.86 - - [27/Dec/2013:06:30:59 +0400] "POST /update.php HTTP/1.1" 200 58 "-" "Opera/9.00 (Windows NT 5.1; U; ru)" "-"
157.55.35.97 - - [27/Dec/2013:06:31:08 +0400] "GET /robots.txt HTTP/1.1" 200 91 "-" "Mozilla/5.0 (compatible; bingbot/2.0; +http://www.bing.com/bingbot.htm)" "-"
5.255.210.93 - - [27/Dec/2013:06:31:15 +0400] "GET / HTTP/1.1" 200 18700 "-" "Mozilla/5.0 (compatible; YandexMetrika/2.0; +http://yandex.com/bots mon3)" "-"
157.55.33.37 - - [27/Dec/2013:06:31:25 +0400] "GET / HTTP/1.1" 200 14571 "-" "Mozilla/5.0 (compatible; bingbot/2.0; +http://www.bing.com/bingbot.htm)" "-"
146.0.74.202 - - [27/Dec/2013:06:31:37 +0400] "GET /wp-login.php HTTP/1.1" 302 294 "-" "Mozilla/4.0" "-"
5.149.248.86 - - [27/Dec/2013:06:31:41 +0400] "POST /update.php HTTP/1.1" 200 58 "-" "Opera/9.00 (Windows NT 5.1; U; ru)" "-"
157.55.32.93 - - [27/Dec/2013:06:31:45 +0400] "GET /?q=node/196 HTTP/1.1" 200 26515 "-" "Mozilla/5.0 (compatible; bingbot/2.0; +http://www.bing.com/bingbot.htm)" "-"
66.249.78.29 - - [27/Dec/2013:06:31:48 +0400] "GET /detskie-shkafy-kupe.php HTTP/1.1" 200 11186 "-" "Mozilla/5.0 (iPhone; CPU iPhone OS 6_0 like Mac OS X) AppleWebKit/536.26 (KHTML, like Gecko) Version/6.0 Mobile/10A5376e Safari/8536.25 (compatible; Googlebot-Mobile/2.1; +http://www.google.com/bot.html)" "-"
65.55.215.45 - - [27/Dec/2013:06:31:52 +0400] "GET /robots.txt HTTP/1.1" 200 42 "-" "msnbot-media/1.1 (+http://search.msn.com/msnbot.htm)" "-"
217.23.1.79 - - [27/Dec/2013:06:32:01 +0400] "GET / HTTP/1.0" 302 302 "-" "-" "-"
217.23.1.79 - - [27/Dec/2013:06:32:01 +0400] "GET / HTTP/1.0" 302 310 "-" "-" "-"
217.23.1.79 - - [27/Dec/2013:06:32:01 +0400] "GET / HTTP/1.0" 302 292 "-" "-" "-"
217.23.1.79 - - [27/Dec/2013:06:32:01 +0400] "GET / HTTP/1.0" 302 300 "-" "-" "-"
217.23.1.79 - - [27/Dec/2013:06:32:02 +0400] "GET / HTTP/1.0" 302 298 "-" "-" "-"
217.23.1.79 - - [27/Dec/2013:06:32:02 +0400] "GET / HTTP/1.0" 302 306 "-" "-" "-"
217.23.1.79 - - [27/Dec/2013:06:32:02 +0400] "GET / HTTP/1.0" 302 374 "-" "-" "-"
217.23.1.79 - - [27/Dec/2013:06:32:02 +0400] "GET / HTTP/1.0" 302 382 "-" "-" "-"
217.23.1.79 - - [27/Dec/2013:06:32:02 +0400] "GET / HTTP/1.0" 302 304 "-" "-" "-"
217.23.1.79 - - [27/Dec/2013:06:32:02 +0400] "GET / HTTP/1.0" 302 312 "-" "-" "-"
5.149.248.86 - - [27/Dec/2013:06:32:02 +0400] "POST /update.php HTTP/1.1" 200 58 "-" "Opera/9.00 (Windows NT 5.1; U; ru)" "-"
5.10.83.14 - - [27/Dec/2013:06:32:22 +0400] "GET /node/3 HTTP/1.1" 200 53452 "-" "Mozilla/5.0 (compatible; AhrefsBot/5.0; +http://ahrefs.com/robot/)" "-"
184.22.136.110 - - [27/Dec/2013:06:32:29 +0400] "GET /user HTTP/1.0" 200 22913 "-" "Mozilla/5.0 (compatible; MSIE 9.0; Windows NT 6.0) Opera 12.14" "-"
184.22.136.110 - - [27/Dec/2013:06:32:31 +0400] "POST /user HTTP/1.0" 200 23174 "http://MAOU8-KLGD.ru/user" "Mozilla/5.0 (compatible; MSIE 9.0; Windows NT 6.0) Opera 12.14" "-"
37.140.141.29 - - [27/Dec/2013:06:32:33 +0400] "GET /img/c/28-medium.jpg HTTP/1.1" 503 8133 "-" "Mozilla/5.0 (compatible; YandexImages/3.0; +http://yandex.com/bots)" "-"
5.10.83.101 - - [27/Dec/2013:06:32:34 +0400] "GET /otvety-na-chasto-zadavaemye-voprosy-o-kvarcevom-kamne.php HTTP/1.1" 200 11817 "-" "Mozilla/5.0 (compatible; AhrefsBot/5.0; +http://ahrefs.com/robot/)" "-"
37.140.141.29 - - [27/Dec/2013:06:32:39 +0400] "GET /?q=sites/default/files/imagecache/55-75-gor/38987929.jpg HTTP/1.1" 200 1846 "-" "Mozilla/5.0 (compatible; YandexImages/3.0; +http://yandex.com/bots)" "-"
5.149.248.86 - - [27/Dec/2013:06:32:41 +0400] "POST /update.php HTTP/1.1" 200 58 "-" "Opera/9.00 (Windows NT 5.1; U; ru)" "-"
37.140.141.29 - - [27/Dec/2013:06:32:53 +0400] "GET /?q=sites/default/files/imagecache/600-155-slider-img/akva%20lt.jpg HTTP/1.1" 200 18473 "-" "Mozilla/5.0 (compatible; YandexImages/3.0; +http://yandex.com/bots)" "-"
5.149.248.86 - - [27/Dec/2013:06:32:59 +0400] "POST /update.php HTTP/1.1" 200 58 "-" "Opera/9.00 (Windows NT 5.1; U; ru)" "-"
65.55.215.73 - - [27/Dec/2013:06:33:02 +0400] "GET /robots.txt HTTP/1.1" 404 7636 "-" "msnbot-media/1.1 (+http://search.msn.com/msnbot.htm)" "-"
89.253.229.226 - - [27/Dec/2013:06:33:03 +0400] "GET /administrator/components/com_cropimage/admin.cropcanvas.php?cropimagedir=http://www.google.com/humans.txt? HTTP/1.1" 499 0 "http://tillid.ru/" "Mozilla/5.0 (Windows NT 5.1; rv:11.0) Gecko Firefox/11.0" "-"
89.253.229.226 - - [27/Dec/2013:06:33:04 +0400] "GET /administrator/components/com_dadamail/config.dadamail.php?GLOBALS[mosConfig_absolute_path]=http://www.google.com/humans.txt? HTTP/1.1" 499 0 "http://tillid.ru/" "Mozilla/5.0 (Windows NT 5.1; rv:11.0) Gecko Firefox/11.0" "-"
89.253.229.226 - - [27/Dec/2013:06:33:04 +0400] "GET /administrator/components/com_dbquery/classes/DBQ/admin/common.class.php?mosConfig_absolute_path=http://www.google.com/humans.txt? HTTP/1.1" 499 0 "http://tillid.ru/" "Mozilla/5.0 (Windows NT 5.1; rv:11.0) Gecko Firefox/11.0" "-"
89.253.229.226 - - [27/Dec/2013:06:33:04 +0400] "GET /administrator/components/com_events/admin.events.php?mosConfig_absolute_path=http://www.google.com/humans.txt? HTTP/1.1" 499 0 "http://tillid.ru/" "Mozilla/5.0 (Windows NT 5.1; rv:11.0) Gecko Firefox/11.0" "-"
89.253.229.226 - - [27/Dec/2013:06:33:04 +0400] "GET /administrator/components/com_extcalendar/admin_settings.php?CONFIG_EXT[ADMIN_PATH]=http://www.google.com/humans.txt? HTTP/1.1" 499 0 "http://tillid.ru/" "Mozilla/5.0 (Windows NT 5.1; rv:11.0) Gecko Firefox/11.0" "-"
178.154.163.30 - - [27/Dec/2013:06:33:04 +0400] "GET /2011-11-09-14-58-46/5?format=feed&type=atom HTTP/1.1" 303 355 "-" "Mozilla/5.0 (compatible; YandexBot/3.0; +http://yandex.com/bots)" "-"
89.253.229.226 - - [27/Dec/2013:06:33:04 +0400] "GET /administrator/components/com_extended_registration/admin.extended_registration.php?mosConfig_absolute_path=http://www.google.com/humans.txt? HTTP/1.1" 499 0 "http://tillid.ru/" "Mozilla/5.0 (Windows NT 5.1; rv:11.0) Gecko Firefox/11.0" "-"
89.253.229.226 - - [27/Dec/2013:06:33:05 +0400] "GET /administrator/components/com_feederator/includes/tmsp/add_tmsp.php?mosConfig_absolute_path=http://www.google.com/humans.txt? HTTP/1.1" 499 0 "http://tillid.ru/" "Mozilla/5.0 (Windows NT 5.1; rv:11.0) Gecko Firefox/11.0" "-"
178.154.163.30 - - [27/Dec/2013:06:33:05 +0400] "GET /robots.txt HTTP/1.1" 200 1621 "-" "Mozilla/5.0 (compatible; YandexBot/3.0; +http://yandex.com/bots)" "-"
89.253.229.226 - - [27/Dec/2013:06:33:05 +0400] "GET /administrator/components/com_feederator/includes/tmsp/edit_tmsp.php?mosConfig_absolute_path=http://www.google.com/humans.txt? HTTP/1.1" 499 0 "http://tillid.ru/" "Mozilla/5.0 (Windows NT 5.1; rv:11.0) Gecko Firefox/11.0" "-"
89.253.229.226 - - [27/Dec/2013:06:33:05 +0400] "GET /administrator/components/com_feederator/includes/tmsp/subscription.php?GLOBALS[mosConfig_absolute_path]=http://www.google.com/humans.txt? HTTP/1.1" 499 0 "http://tillid.ru/" "Mozilla/5.0 (Windows NT 5.1; rv:11.0) Gecko Firefox/11.0" "-"
89.253.229.226 - - [27/Dec/2013:06:33:05 +0400] "GET /administrator/components/com_feederator/includes/tmsp/tmsp.php?mosConfig_absolute_path=http://www.google.com/humans.txt? HTTP/1.1" 499 0 "http://tillid.ru/" "Mozilla/5.0 (Windows NT 5.1; rv:11.0) Gecko Firefox/11.0" "-"
89.253.229.226 - - [27/Dec/2013:06:33:05 +0400] "GET /image.php?url=http://www.google.com/humans.txt??? HTTP/1.1" 499 0 "http://tillid.ru/" "Mozilla/5.0 (Windows NT 5.1; rv:11.0) Gecko Firefox/11.0" "-"
199.30.20.60 - - [27/Dec/2013:06:33:09 +0400] "GET /robots.txt HTTP/1.1" 200 153 "-" "msnbot-media/1.1 (+http://search.msn.com/msnbot.htm)" "-"
199.30.20.60 - - [27/Dec/2013:06:33:10 +0400] "GET /wp-content/gallery/picture/10.jpg HTTP/1.1" 404 315 "-" "msnbot-media/1.1 (+http://search.msn.com/msnbot.htm)" "-"
5.10.83.67 - - [27/Dec/2013:06:33:16 +0400] "GET /kliker_trotuar_plitka.html HTTP/1.1" 200 7781 "-" "Mozilla/5.0 (compatible; AhrefsBot/5.0; +http://ahrefs.com/robot/)" "-"
37.140.141.29 - - [27/Dec/2013:06:33:23 +0400] "GET /?q=sites/default/files/imagecache/product/basket.jpg HTTP/1.1" 200 7048 "-" "Mozilla/5.0 (compatible; YandexImages/3.0; +http://yandex.com/bots)" "-"
5.63.154.55 - - [27/Dec/2013:06:33:34 +0400] "POST /wp-cron.php?doing_wp_cron=1388111614.9699909687042236328125 HTTP/1.0" 302 304 "-" "WordPress/844; http://vashdoktormc.ru" "-"
95.108.129.207 - - [27/Dec/2013:06:33:35 +0400] "GET / HTTP/1.1" 200 30505 "-" "Mozilla/5.0 (compatible; YandexMetrika/2.0; +http://yandex.com/bots mon1)" "-"
5.10.83.62 - - [27/Dec/2013:06:33:36 +0400] "GET /node/1504 HTTP/1.1" 200 26917 "-" "Mozilla/5.0 (compatible; AhrefsBot/5.0; +http://ahrefs.com/robot/)" "-"
5.149.248.86 - - [27/Dec/2013:06:33:45 +0400] "POST /update.php HTTP/1.1" 200 58 "-" "Opera/9.00 (Windows NT 5.1; U; ru)" "-"
5.255.210.93 - - [27/Dec/2013:06:33:50 +0400] "GET / HTTP/1.1" 200 10747 "-" "Mozilla/5.0 (compatible; YandexMetrika/2.0; +http://yandex.com/bots mon3)" "-"
46.105.59.74 - - [27/Dec/2013:06:33:51 +0400] "HEAD / HTTP/1.1" 200 0 "-" "Mozilla/5.0 (Windows NT 6.1; WOW64) AppleWebKit/537.36 (KHTML, like Gecko) Chrome/27.0.1453.116 Safari/537.36" "-"
37.140.141.29 - - [27/Dec/2013:06:33:54 +0400] "GET /?q=sites/default/files/imagecache/product/4953752_0.jpg HTTP/1.1" 200 12067 "-" "Mozilla/5.0 (compatible; YandexImages/3.0; +http://yandex.com/bots)" "-"
66.249.78.34 - - [27/Dec/2013:06:33:55 +0400] "GET /partners.html HTTP/1.1" 200 6309 "-" "Mozilla/5.0 (compatible; Googlebot/2.1; +http://www.google.com/bot.html)" "-"
5.149.248.86 - - [27/Dec/2013:06:33:59 +0400] "POST /update.php HTTP/1.1" 200 58 "-" "Opera/9.00 (Windows NT 5.1; U; ru)" "-"
5.63.154.55 - - [27/Dec/2013:06:34:01 +0400] "POST /wp-cron.php?doing_wp_cron=1388111641.0577878952026367187500 HTTP/1.0" 302 312 "-" "WordPress/3.5.1; http://vozrast-schastya.ru" "-"
193.105.154.237 - - [27/Dec/2013:06:34:01 +0400] "POST /wp-login.php HTTP/1.1" 200 3500 "http://vozrast-schastya.ru/wp-login.php" "Mozilla/5.0 (Windows NT 6.1; WOW64) AppleWebKit/535.19 (KHTML, like Gecko) Chrome/18.0.1025.152 Safari/535.19" "-"
37.140.141.29 - - [27/Dec/2013:06:34:15 +0400] "GET /?q=sites/default/files/imagecache/product/sw_lipka.jpg HTTP/1.1" 200 10946 "-" "Mozilla/5.0 (compatible; YandexImages/3.0; +http://yandex.com/bots)" "-"
5.255.210.93 - - [27/Dec/2013:06:34:15 +0400] "GET / HTTP/1.1" 303 308 "-" "Mozilla/5.0 (compatible; YandexMetrika/2.0; +http://yandex.com/bots mon3)" "-"
5.255.210.93 - - [27/Dec/2013:06:34:16 +0400] "GET / HTTP/1.1" 200 49072 "-" "Mozilla/5.0 (compatible; YandexMetrika/2.0; +http://yandex.com/bots mon3)" "-"
5.10.83.14 - - [27/Dec/2013:06:34:25 +0400] "GET /event/2012/08/31/list/ HTTP/1.1" 200 61569 "-" "Mozilla/5.0 (compatible; AhrefsBot/5.0; +http://ahrefs.com/robot/)" "-"
178.154.163.30 - - [27/Dec/2013:06:34:27 +0400] "GET /shopping-tury.html HTTP/1.1" 200 13387 "-" "Mozilla/5.0 (compatible; YandexBot/3.0; +http://yandex.com/bots)" "-"
178.154.163.30 - - [27/Dec/2013:06:34:28 +0400] "GET /drugie-lizingovye-programmy HTTP/1.1" 200 42746 "-" "Mozilla/5.0 (compatible; YandexBot/3.0; +http://yandex.com/bots)" "-"
178.154.163.30 - - [27/Dec/2013:06:34:28 +0400] "GET /robots.txt HTTP/1.1" 200 1794 "-" "Mozilla/5.0 (compatible; YandexBot/3.0; +http://yandex.com/bots)" "-"
178.154.163.30 - - [27/Dec/2013:06:34:29 +0400] "GET /mjagkie_jelementy_dlja_provedenija_konkursov.php HTTP/1.1" 200 10100 "-" "Mozilla/5.0 (compatible; YandexBot/3.0; +http://yandex.com/bots)" "-"
178.154.163.30 - - [27/Dec/2013:06:34:30 +0400] "GET /node/17 HTTP/1.1" 200 52158 "-" "Mozilla/5.0 (compatible; YandexBot/3.0; +http://yandex.com/bots)" "-"
178.154.163.30 - - [27/Dec/2013:06:34:30 +0400] "GET /formy-dlja-vypekanija.php HTTP/1.1" 200 13323 "-" "Mozilla/5.0 (compatible; YandexBot/3.0; +http://yandex.com/bots)" "-"
178.154.163.30 - - [27/Dec/2013:06:34:30 +0400] "GET /8kv.php HTTP/1.1" 200 11141 "-" "Mozilla/5.0 (compatible; YandexBot/3.0; +http://yandex.com/bots)" "-"
178.154.163.30 - - [27/Dec/2013:06:34:31 +0400] "GET /files/ms2.doc HTTP/1.1" 200 35840 "-" "Mozilla/5.0 (compatible; YandexBot/3.0; +http://yandex.com/bots)" "-"
178.154.163.30 - - [27/Dec/2013:06:34:31 +0400] "GET /?type=525&cat=21 HTTP/1.1" 200 19439 "-" "Mozilla/5.0 (compatible; YandexBot/3.0; +http://yandex.com/bots)" "-"
178.154.163.30 - - [27/Dec/2013:06:34:32 +0400] "GET /details.php?id=1014 HTTP/1.1" 200 16995 "-" "Mozilla/5.0 (compatible; YandexBot/3.0; +http://yandex.com/bots)" "-"
199.30.16.23 - - [27/Dec/2013:06:34:36 +0400] "GET /robots.txt HTTP/1.1" 200 65 "-" "msnbot-media/1.1 (+http://search.msn.com/msnbot.htm)" "-"
5.149.248.86 - - [27/Dec/2013:06:34:41 +0400] "POST /update.php HTTP/1.1" 200 58 "-" "Opera/9.00 (Windows NT 5.1; U; ru)" "-"
37.140.141.29 - - [27/Dec/2013:06:34:41 +0400] "GET /?q=sites/default/files/imagecache/600-155-slider-img/basket.jpg HTTP/1.1" 200 10296 "-" "Mozilla/5.0 (compatible; YandexImages/3.0; +http://yandex.com/bots)" "-"
5.10.83.52 - - [27/Dec/2013:06:34:42 +0400] "GET /oil/maslo-tm5-18-85w90-gl-5 HTTP/1.1" 200 47011 "-" "Mozilla/5.0 (compatible; AhrefsBot/5.0; +http://ahrefs.com/robot/)" "-"
5.63.154.55 - - [27/Dec/2013:06:34:45 +0400] "POST /wp-cron.php?doing_wp_cron=1388111685.7207980155944824218750 HTTP/1.0" 302 298 "-" "WordPress/3.4.2; http://prof-emck.ru" "-"
193.105.154.237 - - [27/Dec/2013:06:34:45 +0400] "POST /wp-login.php HTTP/1.1" 200 3812 "http://prof-emck.ru/wp-login.php" "Mozilla/5.0 (Windows NT 6.1; WOW64) AppleWebKit/535.19 (KHTML, like Gecko) Chrome/18.0.1025.152 Safari/535.19" "-"
5.149.248.86 - - [27/Dec/2013:06:34:59 +0400] "POST /update.php HTTP/1.1" 200 58 "-" "Opera/9.00 (Windows NT 5.1; U; ru)" "-"
5.10.83.40 - - [27/Dec/2013:06:35:12 +0400] "GET /otzyvy.php HTTP/1.1" 200 17010 "-" "Mozilla/5.0 (compatible; AhrefsBot/5.0; +http://ahrefs.com/robot/)" "-"
213.180.206.197 - - [27/Dec/2013:06:35:19 +0400] "GET / HTTP/1.1" 200 12776 "-" "Mozilla/5.0 (compatible; YandexMetrika/2.0; +http://yandex.com/bots mon2)" "-"
95.108.129.207 - - [27/Dec/2013:06:35:19 +0400] "GET / HTTP/1.1" 200 18715 "-" "Mozilla/5.0 (compatible; YandexMetrika/2.0; +http://yandex.com/bots mon1)" "-"
37.140.141.29 - - [27/Dec/2013:06:35:35 +0400] "GET /?q=sites/default/files/imagecache/gallery_assist-default-preview-550/IMG_5325.JPG HTTP/1.1" 200 47103 "-" "Mozilla/5.0 (compatible; YandexImages/3.0; +http://yandex.com/bots)" "-"
5.149.248.86 - - [27/Dec/2013:06:35:41 +0400] "POST /update.php HTTP/1.1" 200 58 "-" "Opera/9.00 (Windows NT 5.1; U; ru)" "-"
162.243.147.235 - - [27/Dec/2013:06:35:42 +0400] "GET / HTTP/1.1" 302 300 "-" "Wget/1.13.4 (linux-gnu)" "-"
178.154.163.30 - - [27/Dec/2013:06:35:43 +0400] "GET /node/77 HTTP/1.1" 200 50367 "-" "Mozilla/5.0 (compatible; YandexBot/3.0; +http://yandex.com/bots)" "-"
178.154.163.30 - - [27/Dec/2013:06:35:43 +0400] "GET /robots.txt HTTP/1.1" 404 291 "-" "Mozilla/5.0 (compatible; YandexBot/3.0; +http://yandex.com/bots)" "-"
199.30.20.113 - - [27/Dec/2013:06:35:43 +0400] "GET /robots.txt HTTP/1.1" 200 72 "-" "msnbot-media/1.1 (+http://search.msn.com/msnbot.htm)" "-"
37.140.141.29 - - [27/Dec/2013:06:35:48 +0400] "GET /?q=sites/default/files/imagecache/gallery_assist-default-preview-550/%20%D0%BA.jpg HTTP/1.1" 200 50640 "-" "Mozilla/5.0 (compatible; YandexImages/3.0; +http://yandex.com/bots)" "-"
5.63.154.55 - - [27/Dec/2013:06:35:51 +0400] "POST /wp-cron.php?doing_wp_cron HTTP/1.0" 302 294 "-" "WordPress/3.1.1; http://janneta.ru" "-"
5.10.83.26 - - [27/Dec/2013:06:35:51 +0400] "GET /?page_id=18 HTTP/1.1" 200 11017 "-" "Mozilla/5.0 (compatible; AhrefsBot/5.0; +http://ahrefs.com/robot/)" "-"
5.10.83.14 - - [27/Dec/2013:06:35:54 +0400] "GET /event/2012/11/07/week/all/all/1 HTTP/1.1" 200 52110 "-" "Mozilla/5.0 (compatible; AhrefsBot/5.0; +http://ahrefs.com/robot/)" "-"
5.149.248.86 - - [27/Dec/2013:06:35:58 +0400] "POST /update.php HTTP/1.1" 200 58 "-" "Opera/9.00 (Windows NT 5.1; U; ru)" "-"
37.140.141.29 - - [27/Dec/2013:06:35:58 +0400] "GET /?q=sites/default/files/imagecache/55-75-gor/dzherba-tunis2_1.jpg HTTP/1.1" 200 1725 "-" "Mozilla/5.0 (compatible; YandexImages/3.0; +http://yandex.com/bots)" "-"
5.10.83.14 - - [27/Dec/2013:06:36:01 +0400] "GET /event/2013/01/28/week/ HTTP/1.1" 200 51704 "-" "Mozilla/5.0 (compatible; AhrefsBot/5.0; +http://ahrefs.com/robot/)" "-"
37.140.141.29 - - [27/Dec/2013:06:36:11 +0400] "GET /?q=sites/default/files/imagecache/600-155-slider-img/img.jpg HTTP/1.1" 200 20135 "-" "Mozilla/5.0 (compatible; YandexImages/3.0; +http://yandex.com/bots)" "-"
65.55.215.80 - - [27/Dec/2013:06:36:29 +0400] "GET /robots.txt HTTP/1.1" 200 42 "-" "msnbot-media/1.1 (+http://search.msn.com/msnbot.htm)" "-"
37.140.141.29 - - [27/Dec/2013:06:36:33 +0400] "GET /?q=sites/default/files/imagecache/600-155-slider-img/03.jpg HTTP/1.1" 200 19556 "-" "Mozilla/5.0 (compatible; YandexImages/3.0; +http://yandex.com/bots)" "-"
5.149.248.86 - - [27/Dec/2013:06:36:41 +0400] "POST /update.php HTTP/1.1" 200 58 "-" "Opera/9.00 (Windows NT 5.1; U; ru)" "-"
199.30.20.50 - - [27/Dec/2013:06:36:41 +0400] "GET /robots.txt HTTP/1.1" 200 91 "-" "msnbot-media/1.1 (+http://search.msn.com/msnbot.htm)" "-"
66.249.78.37 - - [27/Dec/2013:06:36:53 +0400] "GET /lestnicy.html HTTP/1.1" 200 30952 "-" "Mozilla/5.0 (compatible; Googlebot/2.1; +http://www.google.com/bot.html)" "-"
5.149.248.86 - - [27/Dec/2013:06:36:59 +0400] "POST /update.php HTTP/1.1" 200 58 "-" "Opera/9.00 (Windows NT 5.1; U; ru)" "-"
37.140.141.29 - - [27/Dec/2013:06:37:02 +0400] "GET /?q=sites/default/files/imagecache/75-65-gor-tuor-img/IMG_5325.JPG HTTP/1.1" 200 2573 "-" "Mozilla/5.0 (compatible; YandexImages/3.0; +http://yandex.com/bots)" "-"
131.253.24.10 - - [27/Dec/2013:06:37:09 +0400] "GET /robots.txt HTTP/1.1" 200 98 "-" "msnbot-media/1.1 (+http://search.msn.com/msnbot.htm)" "-"
199.30.20.37 - - [27/Dec/2013:06:37:30 +0400] "GET /robots.txt HTTP/1.1" 200 42 "-" "msnbot-media/1.1 (+http://search.msn.com/msnbot.htm)" "-"
66.249.78.54 - - [27/Dec/2013:06:37:32 +0400] "GET /robots.txt HTTP/1.1" 404 283 "-" "Mozilla/5.0 (compatible; Googlebot/2.1; +http://www.google.com/bot.html)" "-"
66.249.78.54 - - [27/Dec/2013:06:37:32 +0400] "GET /poleznie_statii.php HTTP/1.1" 200 7419 "-" "Mozilla/5.0 (iPhone; CPU iPhone OS 6_0 like Mac OS X) AppleWebKit/536.26 (KHTML, like Gecko) Version/6.0 Mobile/10A5376e Safari/8536.25 (compatible; Googlebot-Mobile/2.1; +http://www.google.com/bot.html)" "-"
5.149.248.86 - - [27/Dec/2013:06:37:43 +0400] "POST /update.php HTTP/1.1" 200 58 "-" "Opera/9.00 (Windows NT 5.1; U; ru)" "-"
178.154.163.30 - - [27/Dec/2013:06:37:46 +0400] "GET /node/106 HTTP/1.1" 200 49703 "-" "Mozilla/5.0 (compatible; YandexBot/3.0; +http://yandex.com/bots)" "-"
68.180.224.172 - - [27/Dec/2013:06:37:49 +0400] "GET /robots.txt HTTP/1.1" 302 292 "-" "User-Agent: Mozilla/5.0 (compatible; Yahoo! Slurp; http://help.yahoo.com/help/us/ysearch/slurp" "-"
68.180.224.172 - - [27/Dec/2013:06:37:50 +0400] "GET /oil/elektrolit-kislotnyyi HTTP/1.1" 302 292 "-" "Mozilla/5.0 (compatible; Yahoo! Slurp; http://help.yahoo.com/help/us/ysearch/slurp)" "68.180.224.169"
5.10.83.14 - - [27/Dec/2013:06:37:54 +0400] "GET /event/2013/11/21/list/ HTTP/1.1" 200 50311 "-" "Mozilla/5.0 (compatible; AhrefsBot/5.0; +http://ahrefs.com/robot/)" "-"
5.63.154.55 - - [27/Dec/2013:06:37:57 +0400] "POST /wp-cron.php?doing_wp_cron HTTP/1.0" 302 294 "-" "WordPress/3.1.1; http://janneta.ru" "-"
178.186.8.29 - - [27/Dec/2013:06:37:57 +0400] "GET / HTTP/1.1" 200 36873 "http://yandex.ru/clck/jsredir?from=yandex.ru%3Byandsearch%3Bweb%3B%3B&text=%D0%B8%D0%B7%D0%B3%D0%BE%D1%82%D0%BE%D0%B2%D0%BB%D0%B5%D0%BD%D0%B8%D0%B5%20%20%D0%BC%D0%BE%D0%B5%D0%BA%20%D0%B8%20%D1%81%D1%82%D0%BE%D0%BB%D0%B5%D1%88%D0%BD%D0%B8%D1%86%20%D0%B8%D0%B7%20%D0%B8%D1%81%D0%BA%D1%83%D1%81%D1%81%D1%82%D0%B2%D0%B5%D0%BD%D0%BD%D0%BE%D0%B3%D0%BE%20%D0%BA%D0%B0%D0%BC%D0%BD%D1%8F%20%D1%81%D0%BC%D0%BE%D1%82%D1%80%D0%B5%D1%82%D1%8C%20%D0%B2%D0%B8%D0%B4%D0%B5%D0%BE&uuid=&state=AiuY0DBWFJ4ePaEse6rgeAjgs2pI3DW99KUdgowt9XuqNdDF6BypVgTnQPBu_1umrZCtn0Q_nGEfPBUQtkmrrlvLyosnORv2aakVnBRvkeK3I6zDvtl72vkdvj9ZnecTGHtwfcIncaZSjaGxYOI52nw8sNcXQWDT-BRwGRoSveVVwlJsViSZrk-INvILbt-a0j6Gc_DWbQlWPFjkDbiivJeFGE31lHBGaQmYNmzKvmEOLfhl_dGFSHjA_ZlMNdOVk1_GjyzmyXG-xyjKp0t4jgC1NzFaNf_IVs3eMnFoZ9v1wNoKleIlUQ&data=UlNrNmk5WktYejR0eWJFYk1Ldmtxc0dGUGtkVDdBcVNNcjFGX005UGtPaFFWcENJeDQ5YXNtVWQxa01NbnE2bF9WSFZ3cjhIMVVzb01YbTBnbkQ2Ti1LTVcyalNJb2F3REozaGpxV3RVdDg&b64e=2&sign=c8b9c5f42d7db0d53bd67a02e7b7c385&keyno=0&l10n=ru&mc=4.851889925064217" "Mozilla/5.0 (Windows NT 6.1) AppleWebKit/537.36 (KHTML, like Gecko) Chrome/31.0.1650.63 Safari/537.36 OPR/18.0.1284.68" "-"
37.9.53.103 - - [27/Dec/2013:06:37:58 +0400] "POST /wp-login.php HTTP/1.0" 200 4390 "janneta.ru/wp-login.php" "Mozilla/5.0 (Windows NT 6.1; rv:19.0) Gecko/20100101 Firefox/19.0" "-"
5.63.154.55 - - [27/Dec/2013:06:38:00 +0400] "POST /wp-cron.php?doing_wp_cron=1388111880.8208448886871337890625 HTTP/1.0" 302 300 "-" "WordPress/3.8; http://lady50plus.ru" "-"
54.200.155.134 - - [27/Dec/2013:06:38:00 +0400] "GET /wp-login.php HTTP/1.1" 200 218 "-" "Mozilla/5.0 (Windows NT 6.1; WOW64) AppleWebKit/535.19 (KHTML, like Gecko) Chrome/18.0.1025.151 Safari/535.19" "-"
5.149.248.86 - - [27/Dec/2013:06:38:01 +0400] "POST /update.php HTTP/1.1" 200 58 "-" "Opera/9.00 (Windows NT 5.1; U; ru)" "-"
54.200.155.134 - - [27/Dec/2013:06:38:01 +0400] "POST /wp-login.php HTTP/1.1" 200 243 "-" "Mozilla/5.0 (Windows NT 6.1; WOW64) AppleWebKit/535.19 (KHTML, like Gecko) Chrome/18.0.1025.151 Safari/535.19" "-"
157.55.35.97 - - [27/Dec/2013:06:38:03 +0400] "GET /information.html HTTP/1.1" 304 0 "-" "Mozilla/5.0 (compatible; bingbot/2.0; +http://www.bing.com/bingbot.htm)" "-"
178.186.8.29 - - [27/Dec/2013:06:38:04 +0400] "GET /images/favicon.ico HTTP/1.1" 200 894 "-" "Mozilla/5.0 (Windows NT 6.1) AppleWebKit/537.36 (KHTML, like Gecko) Chrome/31.0.1650.63 Safari/537.36 OPR/18.0.1284.68" "-"
5.10.83.46 - - [27/Dec/2013:06:38:31 +0400] "GET /dizaynerskie_5.php HTTP/1.1" 200 8040 "-" "Mozilla/5.0 (compatible; AhrefsBot/5.0; +http://ahrefs.com/robot/)" "-"
5.149.248.86 - - [27/Dec/2013:06:38:43 +0400] "POST /update.php HTTP/1.1" 200 58 "-" "Opera/9.00 (Windows NT 5.1; U; ru)" "-"
199.30.20.57 - - [27/Dec/2013:06:38:45 +0400] "GET /robots.txt HTTP/1.1" 404 7636 "-" "msnbot-media/1.1 (+http://search.msn.com/msnbot.htm)" "-"
5.63.154.55 - - [27/Dec/2013:06:38:45 +0400] "POST /wp-cron.php?doing_wp_cron=1388111925.3775539398193359375000 HTTP/1.0" 302 304 "-" "WordPress/5587; http://vashdoktormc.ru" "-"
193.105.154.237 - - [27/Dec/2013:06:38:45 +0400] "POST /wp-login.php HTTP/1.1" 200 4542 "http://vashdoktormc.ru/wp-login.php" "Mozilla/5.0 (Windows NT 6.1; WOW64) AppleWebKit/535.19 (KHTML, like Gecko) Chrome/18.0.1025.152 Safari/535.19" "-"
37.140.141.29 - - [27/Dec/2013:06:38:47 +0400] "GET /?q=sites/default/files/imagecache/55-75-gor/de1e143e2bb3846cddb3c97c50e54ac0.jpg HTTP/1.1" 200 1941 "-" "Mozilla/5.0 (compatible; YandexImages/3.0; +http://yandex.com/bots)" "-"
5.10.83.62 - - [27/Dec/2013:06:38:57 +0400] "GET /sites/default/files/%D1%87%D0%B5%D1%82%D0%B2%D0%B5%D1%80%D0%B3%20.docx HTTP/1.1" 200 15985 "-" "Mozilla/5.0 (compatible; AhrefsBot/5.0; +http://ahrefs.com/robot/)" "-"
5.149.248.86 - - [27/Dec/2013:06:38:59 +0400] "POST /update.php HTTP/1.1" 200 58 "-" "Opera/9.00 (Windows NT 5.1; U; ru)" "-"
5.10.83.88 - - [27/Dec/2013:06:38:59 +0400] "GET /novosti-lizinga?page=5 HTTP/1.1" 200 45974 "-" "Mozilla/5.0 (compatible; AhrefsBot/5.0; +http://ahrefs.com/robot/)" "-"
37.140.141.29 - - [27/Dec/2013:06:39:02 +0400] "GET /?q=sites/default/files/imagecache/600-155-slider-img/coast-of-paraiso_-dominican-republic1.jpg HTTP/1.1" 200 17963 "-" "Mozilla/5.0 (compatible; YandexImages/3.0; +http://yandex.com/bots)" "-"
5.149.248.86 - - [27/Dec/2013:06:39:40 +0400] "POST /update.php HTTP/1.1" 200 58 "-" "Opera/9.00 (Windows NT 5.1; U; ru)" "-"
66.249.78.22 - - [27/Dec/2013:06:39:52 +0400] "GET /content/electrolux-eob-3430-cok?page=6 HTTP/1.1" 200 31795 "-" "Mozilla/5.0 (compatible; Googlebot/2.1; +http://www.google.com/bot.html)" "-"
5.149.248.86 - - [27/Dec/2013:06:39:58 +0400] "POST /update.php HTTP/1.1" 200 58 "-" "Opera/9.00 (Windows NT 5.1; U; ru)" "-"
37.140.141.29 - - [27/Dec/2013:06:40:09 +0400] "GET /?q=sites/default/files/imagecache/product_full/13067861971.jpg HTTP/1.1" 200 100064 "-" "Mozilla/5.0 (compatible; YandexImages/3.0; +http://yandex.com/bots)" "-"
95.108.129.207 - - [27/Dec/2013:06:40:33 +0400] "GET / HTTP/1.1" 200 36873 "-" "Mozilla/5.0 (compatible; YandexMetrika/2.0; +http://yandex.com/bots mon1)" "-"
37.140.141.29 - - [27/Dec/2013:06:40:36 +0400] "GET /?q=sites/default/files/imagecache/55-75-gor/03.jpg HTTP/1.1" 200 2057 "-" "Mozilla/5.0 (compatible; YandexImages/3.0; +http://yandex.com/bots)" "-"
5.149.248.86 - - [27/Dec/2013:06:40:40 +0400] "POST /update.php HTTP/1.1" 200 58 "-" "Opera/9.00 (Windows NT 5.1; U; ru)" "-"
66.249.78.22 - - [27/Dec/2013:06:40:47 +0400] "GET /content/electrolux-eob-3430-cok?page=2 HTTP/1.1" 200 31827 "-" "Mozilla/5.0 (compatible; Googlebot/2.1; +http://www.google.com/bot.html)" "-"
66.249.78.22 - - [27/Dec/2013:06:40:47 +0400] "GET /content/electrolux-eob-3430-cok?page=16 HTTP/1.1" 200 30251 "-" "Mozilla/5.0 (compatible; Googlebot/2.1; +http://www.google.com/bot.html)" "-"
66.249.78.22 - - [27/Dec/2013:06:40:48 +0400] "GET /content/electrolux-eob-3430-cok?page=3 HTTP/1.1" 200 31743 "-" "Mozilla/5.0 (compatible; Googlebot/2.1; +http://www.google.com/bot.html)" "-"
131.253.24.14 - - [27/Dec/2013:06:40:50 +0400] "GET /robots.txt HTTP/1.1" 404 7642 "-" "msnbot-media/1.1 (+http://search.msn.com/msnbot.htm)" "-"
37.140.141.29 - - [27/Dec/2013:06:40:50 +0400] "GET /?q=sites/default/files/imagecache/galleryformatter_slide/216%20%281%29.jpg HTTP/1.1" 200 43296 "-" "Mozilla/5.0 (compatible; YandexImages/3.0; +http://yandex.com/bots)" "-"
5.63.154.55 - - [27/Dec/2013:06:40:54 +0400] "POST /wp-cron.php?doing_wp_cron=1388112054.9797110557556152343750 HTTP/1.0" 302 304 "-" "WordPress/2764; http://vashdoktormc.ru" "-"
91.207.61.224 - - [27/Dec/2013:06:40:55 +0400] "POST /wp-login.php HTTP/1.0" 200 4478 "http://vashdoktormc.ru/wp-login.php" "Opera/9.80 (Windows NT 6.1; U; ru) Presto/2.8.131 Version/11.10" "-"
91.239.15.82 - - [27/Dec/2013:06:40:57 +0400] "GET /comment.php HTTP/1.0" 200 8754 "http://www.unast-klgd.ru/comment.php" "Opera/9.80 (Windows NT 6.1; WOW64) Presto/2.12.388 Version/12.10" "-"
91.239.15.82 - - [27/Dec/2013:06:40:57 +0400] "POST /comment.php HTTP/1.0" 200 8797 "http://www.unast-klgd.ru/comment.php" "Opera/9.80 (Windows NT 6.1; WOW64) Presto/2.12.388 Version/12.10" "-"
5.149.248.86 - - [27/Dec/2013:06:41:03 +0400] "POST /update.php HTTP/1.1" 200 58 "-" "Opera/9.00 (Windows NT 5.1; U; ru)" "-"
178.154.163.30 - - [27/Dec/2013:06:41:06 +0400] "GET /node/2 HTTP/1.1" 200 54560 "-" "Mozilla/5.0 (compatible; YandexBot/3.0; +http://yandex.com/bots)" "-"
199.30.20.76 - - [27/Dec/2013:06:41:10 +0400] "GET /robots.txt HTTP/1.1" 404 7642 "-" "msnbot-media/1.1 (+http://search.msn.com/msnbot.htm)" "-"
157.55.33.108 - - [27/Dec/2013:06:41:26 +0400] "GET / HTTP/1.1" 200 34068 "-" "Mozilla/5.0 (compatible; bingbot/2.0; +http://www.bing.com/bingbot.htm)" "-"
5.63.154.55 - - [27/Dec/2013:06:41:35 +0400] "POST /wp-cron.php?doing_wp_cron=1388112095.2840518951416015625000 HTTP/1.0" 302 312 "-" "WordPress/3.5.1; http://vozrast-schastya.ru" "-"
193.105.154.237 - - [27/Dec/2013:06:41:35 +0400] "POST /wp-login.php HTTP/1.1" 200 3500 "http://vozrast-schastya.ru/wp-login.php" "Mozilla/5.0 (Windows NT 6.1; WOW64) AppleWebKit/535.19 (KHTML, like Gecko) Chrome/18.0.1025.152 Safari/535.19" "-"
5.149.248.86 - - [27/Dec/2013:06:41:40 +0400] "POST /update.php HTTP/1.1" 200 58 "-" "Opera/9.00 (Windows NT 5.1; U; ru)" "-"
5.149.248.86 - - [27/Dec/2013:06:41:59 +0400] "POST /update.php HTTP/1.1" 200 58 "-" "Opera/9.00 (Windows NT 5.1; U; ru)" "-"
5.10.83.52 - - [27/Dec/2013:06:41:59 +0400] "GET /catalogue/oils/industrial/igp-38.html HTTP/1.1" 404 10109 "-" "Mozilla/5.0 (compatible; AhrefsBot/5.0; +http://ahrefs.com/robot/)" "-"
65.55.215.54 - - [27/Dec/2013:06:42:02 +0400] "GET /robots.txt HTTP/1.1" 200 98 "-" "msnbot-media/1.1 (+http://search.msn.com/msnbot.htm)" "-"
5.63.154.55 - - [27/Dec/2013:06:42:04 +0400] "POST /wp-cron.php?doing_wp_cron=1388112124.2582778930664062500000 HTTP/1.0" 302 298 "-" "WordPress/3.4.2; http://prof-emck.ru" "-"
193.105.154.237 - - [27/Dec/2013:06:42:04 +0400] "POST /wp-login.php HTTP/1.1" 200 3812 "http://prof-emck.ru/wp-login.php" "Mozilla/5.0 (Windows NT 6.1; WOW64) AppleWebKit/535.19 (KHTML, like Gecko) Chrome/18.0.1025.152 Safari/535.19" "-"
37.140.141.29 - - [27/Dec/2013:06:42:04 +0400] "GET /?q=sites/default/files/imagecache/product_full/dzherba-tunis2_1.jpg HTTP/1.1" 200 40018 "-" "Mozilla/5.0 (compatible; YandexImages/3.0; +http://yandex.com/bots)" "-"
5.10.83.8 - - [27/Dec/2013:06:42:09 +0400] "GET /lizing-avtomobiley-2 HTTP/1.1" 200 43644 "-" "Mozilla/5.0 (compatible; AhrefsBot/5.0; +http://ahrefs.com/robot/)" "-"
178.154.163.30 - - [27/Dec/2013:06:42:13 +0400] "GET /node/89 HTTP/1.1" 200 49707 "-" "Mozilla/5.0 (compatible; YandexBot/3.0; +http://yandex.com/bots)" "-"
37.140.141.29 - - [27/Dec/2013:06:42:15 +0400] "GET /?q=sites/default/files/imagecache/product_full/612457.jpg HTTP/1.1" 404 0 "-" "Mozilla/5.0 (compatible; YandexImages/3.0; +http://yandex.com/bots)" "-"
178.154.163.30 - - [27/Dec/2013:06:42:22 +0400] "GET /?q=sites/default/files/imagecache/galleryformatter_slide/World_France_St._Ulrich_France_022005_.jpg HTTP/1.1" 200 18874 "-" "Mozilla/5.0 (compatible; YandexImages/3.0; +http://yandex.com/bots)" "-"
31.221.71.132 - - [27/Dec/2013:06:42:37 +0400] "GET /administrator/index.php/ HTTP/1.1" 200 4629 "-" "Mozilla/5.0 (Windows NT 5.1) AppleWebKit/537.1 (KHTML, like Gecko) Chrome/24.0.1309.0 Safari/537.17" "-"
185.24.218.83 - - [27/Dec/2013:06:42:37 +0400] "POST /wp-login.php HTTP/1.0" 200 3794 "http://prof-emck.ru/wp-login.php" "Opera/9.80 (Windows NT 6.1; U; ru) Presto/2.8.131 Version/11.10" "-"
179.43.141.167 - - [27/Dec/2013:06:42:37 +0400] "GET /wp-content/wp.php HTTP/1.0" 302 306 "http://goldfish-svtl.ru/wp-content/wp.php" "Mozilla/4.0 (compatible; MSIE 6.0; Windows 98; Win 9x 4.90)" "-"
