66.249.78.210 - - [27/Dec/2013:03:22:07 +0400] "GET /event/2012/06/19/month HTTP/1.1" 200 53962 "-" "Mozilla/5.0 (compatible; Googlebot/2.1; +http://www.google.com/bot.html)" "-"
66.249.78.205 - - [27/Dec/2013:03:22:28 +0400] "GET / HTTP/1.1" 200 28369 "-" "Mozilla/5.0 (iPhone; CPU iPhone OS 6_0 like Mac OS X) AppleWebKit/536.26 (KHTML, like Gecko) Version/6.0 Mobile/10A5376e Safari/8536.25 (compatible; Googlebot-Mobile/2.1; +http://www.google.com/bot.html)" "-"
5.149.248.86 - - [27/Dec/2013:03:22:41 +0400] "POST /update.php HTTP/1.1" 200 58 "-" "Opera/9.00 (Windows NT 5.1; U; ru)" "-"
199.30.20.60 - - [27/Dec/2013:03:22:43 +0400] "GET /robots.txt HTTP/1.1" 200 42 "-" "msnbot-media/1.1 (+http://search.msn.com/msnbot.htm)" "-"
46.161.41.24 - - [27/Dec/2013:03:22:55 +0400] "GET / HTTP/1.1" 302 308 "-" "Mozilla/4.0 (compatible; MSIE 6.0; MSIE 5.5; Windows 95) Opera 7.03 [de]" "-"
199.30.20.71 - - [27/Dec/2013:03:22:58 +0400] "GET /robots.txt HTTP/1.1" 404 290 "-" "msnbot-media/1.1 (+http://search.msn.com/msnbot.htm)" "-"
5.149.248.86 - - [27/Dec/2013:03:22:59 +0400] "POST /update.php HTTP/1.1" 200 58 "-" "Opera/9.00 (Windows NT 5.1; U; ru)" "-"
149.210.156.137 - - [27/Dec/2013:03:23:00 +0400] "GET / HTTP/1.1" 301 304 "-" "Mozilla/5.0 (X11; Ubuntu; Linux x86_64; rv:20.0) Gecko/20100101 Firefox/20.0" "-"
149.210.156.137 - - [27/Dec/2013:03:23:01 +0400] "GET / HTTP/1.1" 200 13864 "-" "Mozilla/5.0 (X11; Ubuntu; Linux x86_64; rv:20.0) Gecko/20100101 Firefox/20.0" "-"
65.55.24.219 - - [27/Dec/2013:03:23:22 +0400] "GET / HTTP/1.1" 200 18700 "-" "Mozilla/5.0 (compatible; bingbot/2.0; +http://www.bing.com/bingbot.htm)" "-"
66.249.78.210 - - [27/Dec/2013:03:23:30 +0400] "GET /event/2012/06/19/ical/all/all/30 HTTP/1.1" 200 7331 "-" "Mozilla/5.0 (compatible; Googlebot/2.1; +http://www.google.com/bot.html)" "-"
66.249.78.125 - - [27/Dec/2013:03:23:30 +0400] "GET / HTTP/1.1" 303 308 "-" "Mozilla/5.0 (compatible; Googlebot/2.1; +http://www.google.com/bot.html)" "-"
5.10.83.14 - - [27/Dec/2013:03:23:33 +0400] "GET /event/2012/06/16/ical/all/all/30 HTTP/1.1" 200 5873 "-" "Mozilla/5.0 (compatible; AhrefsBot/5.0; +http://ahrefs.com/robot/)" "-"
95.108.129.207 - - [27/Dec/2013:03:23:33 +0400] "GET / HTTP/1.1" 303 308 "-" "Mozilla/5.0 (compatible; YandexMetrika/2.0; +http://yandex.com/bots mon1)" "-"
95.108.129.207 - - [27/Dec/2013:03:23:34 +0400] "GET / HTTP/1.1" 200 49072 "-" "Mozilla/5.0 (compatible; YandexMetrika/2.0; +http://yandex.com/bots mon1)" "-"
5.63.154.55 - - [27/Dec/2013:03:23:37 +0400] "POST /wp-cron.php?doing_wp_cron=1388100217.7484450340270996093750 HTTP/1.0" 302 312 "-" "WordPress/3.5.1; http://vozrast-schastya.ru" "-"
193.105.154.237 - - [27/Dec/2013:03:23:37 +0400] "POST /wp-login.php HTTP/1.1" 200 3500 "http://vozrast-schastya.ru/wp-login.php" "Mozilla/5.0 (Windows NT 6.1; WOW64) AppleWebKit/535.19 (KHTML, like Gecko) Chrome/18.0.1025.152 Safari/535.19" "-"
5.149.248.86 - - [27/Dec/2013:03:23:42 +0400] "POST /update.php HTTP/1.1" 200 58 "-" "Opera/9.00 (Windows NT 5.1; U; ru)" "-"
5.149.248.86 - - [27/Dec/2013:03:23:58 +0400] "POST /update.php HTTP/1.1" 200 58 "-" "Opera/9.00 (Windows NT 5.1; U; ru)" "-"
5.10.83.52 - - [27/Dec/2013:03:24:12 +0400] "GET /lubricant/solidol-zhirovoyi HTTP/1.1" 200 48587 "-" "Mozilla/5.0 (compatible; AhrefsBot/5.0; +http://ahrefs.com/robot/)" "-"
5.10.83.14 - - [27/Dec/2013:03:24:13 +0400] "GET /event/2012/07/15/day/ HTTP/1.1" 200 51415 "-" "Mozilla/5.0 (compatible; AhrefsBot/5.0; +http://ahrefs.com/robot/)" "-"
5.63.154.55 - - [27/Dec/2013:03:24:17 +0400] "POST /wp-cron.php?doing_wp_cron=1388100257.6492230892181396484375 HTTP/1.0" 302 298 "-" "WordPress/3.4.2; http://prof-emck.ru" "-"
193.105.154.237 - - [27/Dec/2013:03:24:17 +0400] "POST /wp-login.php HTTP/1.1" 200 3812 "http://prof-emck.ru/wp-login.php" "Mozilla/5.0 (Windows NT 6.1; WOW64) AppleWebKit/535.19 (KHTML, like Gecko) Chrome/18.0.1025.152 Safari/535.19" "-"
195.239.178.205 - - [27/Dec/2013:03:24:28 +0400] "GET / HTTP/1.0" 302 306 "-" "Mozilla/5.0 (compatible; Nigma.ru/3.0; crawler@nigma.ru)" "-"
5.63.154.55 - - [27/Dec/2013:03:24:37 +0400] "POST /wp-cron.php?doing_wp_cron=1388100277.8458690643310546875000 HTTP/1.0" 302 304 "-" "WordPress/3380; http://vashdoktormc.ru" "-"
95.108.129.207 - - [27/Dec/2013:03:24:38 +0400] "GET / HTTP/1.1" 200 30503 "-" "Mozilla/5.0 (compatible; YandexMetrika/2.0; +http://yandex.com/bots mon1)" "-"
199.30.20.29 - - [27/Dec/2013:03:24:38 +0400] "GET /robots.txt HTTP/1.1" 200 45 "-" "msnbot-media/1.1 (+http://search.msn.com/msnbot.htm)" "-"
5.149.248.86 - - [27/Dec/2013:03:24:41 +0400] "POST /update.php HTTP/1.1" 200 58 "-" "Opera/9.00 (Windows NT 5.1; U; ru)" "-"
5.149.248.86 - - [27/Dec/2013:03:24:58 +0400] "POST /update.php HTTP/1.1" 200 58 "-" "Opera/9.00 (Windows NT 5.1; U; ru)" "-"
5.63.154.55 - - [27/Dec/2013:03:25:02 +0400] "POST /wp-cron.php?doing_wp_cron HTTP/1.0" 302 294 "-" "WordPress/3.1.1; http://janneta.ru" "-"
66.249.78.210 - - [27/Dec/2013:03:25:03 +0400] "GET /event/2012/05/20/table/all/all/30 HTTP/1.1" 200 55890 "-" "Mozilla/5.0 (compatible; Googlebot/2.1; +http://www.google.com/bot.html)" "-"
91.207.61.224 - - [27/Dec/2013:03:25:04 +0400] "POST /wp-login.php HTTP/1.0" 200 4105 "http://janneta.ru/wp-login.php" "Opera/9.80 (Windows NT 6.1; U; ru) Presto/2.8.131 Version/11.10" "-"
95.108.129.207 - - [27/Dec/2013:03:25:39 +0400] "GET / HTTP/1.1" 200 10747 "-" "Mozilla/5.0 (compatible; YandexMetrika/2.0; +http://yandex.com/bots mon1)" "-"
5.149.248.86 - - [27/Dec/2013:03:25:42 +0400] "POST /update.php HTTP/1.1" 200 58 "-" "Opera/9.00 (Windows NT 5.1; U; ru)" "-"
5.255.210.93 - - [27/Dec/2013:03:25:46 +0400] "GET / HTTP/1.1" 303 308 "-" "Mozilla/5.0 (compatible; YandexMetrika/2.0; +http://yandex.com/bots mon3)" "-"
5.255.210.93 - - [27/Dec/2013:03:25:47 +0400] "GET / HTTP/1.1" 200 49072 "-" "Mozilla/5.0 (compatible; YandexMetrika/2.0; +http://yandex.com/bots mon3)" "-"
5.255.210.93 - - [27/Dec/2013:03:25:49 +0400] "GET / HTTP/1.1" 200 36873 "-" "Mozilla/5.0 (compatible; YandexMetrika/2.0; +http://yandex.com/bots mon3)" "-"
5.149.248.86 - - [27/Dec/2013:03:25:59 +0400] "POST /update.php HTTP/1.1" 200 58 "-" "Opera/9.00 (Windows NT 5.1; U; ru)" "-"
5.255.210.93 - - [27/Dec/2013:03:26:04 +0400] "GET / HTTP/1.1" 200 10747 "-" "Mozilla/5.0 (compatible; YandexMetrika/2.0; +http://yandex.com/bots mon3)" "-"
66.249.78.30 - - [27/Dec/2013:03:26:28 +0400] "GET /event/2013/12/27/day/ HTTP/1.1" 200 50869 "-" "Mozilla/5.0 (compatible; Googlebot/2.1; +http://www.google.com/bot.html)" "-"
66.249.78.63 - - [27/Dec/2013:03:26:29 +0400] "GET /robots.txt HTTP/1.1" 200 527 "-" "Mozilla/5.0 (compatible; Googlebot/2.1; +http://www.google.com/bot.html)" "-"
5.63.154.55 - - [27/Dec/2013:03:26:29 +0400] "POST /wp-cron.php?doing_wp_cron=1388100389.6573219299316406250000 HTTP/1.0" 302 304 "-" "WordPress/9621; http://vashdoktormc.ru" "-"
66.249.78.63 - - [27/Dec/2013:03:26:29 +0400] "GET / HTTP/1.1" 301 0 "-" "Mozilla/5.0 (compatible; Googlebot/2.1; +http://www.google.com/bot.html)" "-"
66.249.78.235 - - [27/Dec/2013:03:26:30 +0400] "GET / HTTP/1.1" 200 30521 "-" "Mozilla/5.0 (compatible; Googlebot/2.1; +http://www.google.com/bot.html)" "-"
157.55.35.98 - - [27/Dec/2013:03:26:35 +0400] "GET /robots.txt HTTP/1.1" 404 286 "-" "Mozilla/5.0 (compatible; bingbot/2.0; +http://www.bing.com/bingbot.htm)" "-"
109.111.143.66 - - [27/Dec/2013:03:26:38 +0400] "GET /favicon.ico HTTP/1.1" 404 292 "-" "Mozilla/5.0 (Windows NT 6.1; Win64; x64; Trident/7.0; rv:11.0) like Gecko" "-"
5.149.248.86 - - [27/Dec/2013:03:26:40 +0400] "POST /update.php HTTP/1.1" 200 58 "-" "Opera/9.00 (Windows NT 5.1; U; ru)" "-"
195.239.178.205 - - [27/Dec/2013:03:26:48 +0400] "GET / HTTP/1.0" 302 304 "-" "Mozilla/5.0 (compatible; Nigma.ru/3.0; crawler@nigma.ru)" "-"
5.149.248.86 - - [27/Dec/2013:03:27:01 +0400] "POST /update.php HTTP/1.1" 200 58 "-" "Opera/9.00 (Windows NT 5.1; U; ru)" "-"
5.10.83.14 - - [27/Dec/2013:03:27:15 +0400] "GET /node/36 HTTP/1.1" 200 49692 "-" "Mozilla/5.0 (compatible; AhrefsBot/5.0; +http://ahrefs.com/robot/)" "-"
199.30.20.39 - - [27/Dec/2013:03:27:20 +0400] "GET /robots.txt HTTP/1.1" 200 98 "-" "msnbot-media/1.1 (+http://search.msn.com/msnbot.htm)" "-"
5.10.83.14 - - [27/Dec/2013:03:27:20 +0400] "GET /event/2012/10/08/ical/all/all/7 HTTP/1.1" 200 5221 "-" "Mozilla/5.0 (compatible; AhrefsBot/5.0; +http://ahrefs.com/robot/)" "-"
157.55.34.178 - - [27/Dec/2013:03:27:22 +0400] "GET / HTTP/1.1" 200 49072 "-" "Mozilla/5.0 (compatible; bingbot/2.0; +http://www.bing.com/bingbot.htm)" "-"
5.10.83.14 - - [27/Dec/2013:03:27:23 +0400] "GET /event/2013/06/12/day HTTP/1.1" 200 51337 "-" "Mozilla/5.0 (compatible; AhrefsBot/5.0; +http://ahrefs.com/robot/)" "-"
5.149.248.86 - - [27/Dec/2013:03:27:40 +0400] "POST /update.php HTTP/1.1" 200 58 "-" "Opera/9.00 (Windows NT 5.1; U; ru)" "-"
5.149.248.86 - - [27/Dec/2013:03:27:59 +0400] "POST /update.php HTTP/1.1" 200 58 "-" "Opera/9.00 (Windows NT 5.1; U; ru)" "-"
5.63.154.55 - - [27/Dec/2013:03:28:01 +0400] "POST /wp-cron.php?doing_wp_cron=1388100480.9971230030059814453125 HTTP/1.0" 302 304 "-" "WordPress/1994; http://vashdoktormc.ru" "-"
193.105.154.237 - - [27/Dec/2013:03:28:01 +0400] "POST /wp-login.php HTTP/1.1" 200 4548 "http://vashdoktormc.ru/wp-login.php" "Mozilla/5.0 (Windows NT 6.1; WOW64) AppleWebKit/535.19 (KHTML, like Gecko) Chrome/18.0.1025.152 Safari/535.19" "-"
199.30.20.22 - - [27/Dec/2013:03:28:05 +0400] "GET /robots.txt HTTP/1.1" 200 42 "-" "msnbot-media/1.1 (+http://search.msn.com/msnbot.htm)" "-"
66.249.78.30 - - [27/Dec/2013:03:28:10 +0400] "GET /event/2013/12/27/week/ HTTP/1.1" 200 51688 "-" "Mozilla/5.0 (compatible; Googlebot/2.1; +http://www.google.com/bot.html)" "-"
66.249.78.72 - - [27/Dec/2013:03:28:11 +0400] "GET /article_8.html HTTP/1.1" 200 10536 "-" "Mozilla/5.0 (iPhone; CPU iPhone OS 6_0 like Mac OS X) AppleWebKit/536.26 (KHTML, like Gecko) Version/6.0 Mobile/10A5376e Safari/8536.25 (compatible; Googlebot-Mobile/2.1; +http://www.google.com/bot.html)" "-"
5.10.83.14 - - [27/Dec/2013:03:28:15 +0400] "GET /node/82 HTTP/1.1" 200 50215 "-" "Mozilla/5.0 (compatible; AhrefsBot/5.0; +http://ahrefs.com/robot/)" "-"
178.154.224.118 - - [27/Dec/2013:03:28:17 +0400] "GET / HTTP/1.1" 303 308 "-" "Mozilla/5.0 (compatible; YandexMetrika/2.0; +http://yandex.com/bots" "-"
178.154.224.118 - - [27/Dec/2013:03:28:18 +0400] "GET / HTTP/1.1" 200 49088 "-" "Mozilla/5.0 (compatible; YandexMetrika/2.0; +http://yandex.com/bots" "-"
5.10.83.14 - - [27/Dec/2013:03:28:18 +0400] "GET /node/186 HTTP/1.1" 200 49275 "-" "Mozilla/5.0 (compatible; AhrefsBot/5.0; +http://ahrefs.com/robot/)" "-"
5.149.248.86 - - [27/Dec/2013:03:28:40 +0400] "POST /update.php HTTP/1.1" 200 58 "-" "Opera/9.00 (Windows NT 5.1; U; ru)" "-"
5.10.83.88 - - [27/Dec/2013:03:28:48 +0400] "GET /lizing-oborudovaniya-v-sankt-peterburge HTTP/1.1" 200 40604 "-" "Mozilla/5.0 (compatible; AhrefsBot/5.0; +http://ahrefs.com/robot/)" "-"
5.10.83.103 - - [27/Dec/2013:03:28:58 +0400] "GET /gallery.php?page=15&count=17 HTTP/1.1" 200 30367 "-" "Mozilla/5.0 (compatible; AhrefsBot/5.0; +http://ahrefs.com/robot/)" "-"
5.149.248.86 - - [27/Dec/2013:03:28:58 +0400] "POST /update.php HTTP/1.1" 200 58 "-" "Opera/9.00 (Windows NT 5.1; U; ru)" "-"
66.249.78.71 - - [27/Dec/2013:03:29:26 +0400] "GET /seriynogo_proizvodstva_foto2.php HTTP/1.1" 200 21453 "-" "Mozilla/5.0 (compatible; Googlebot/2.1; +http://www.google.com/bot.html)" "-"
66.249.78.30 - - [27/Dec/2013:03:29:28 +0400] "GET /event/2013/12/27/list/ HTTP/1.1" 200 50502 "-" "Mozilla/5.0 (compatible; Googlebot/2.1; +http://www.google.com/bot.html)" "-"
5.149.248.86 - - [27/Dec/2013:03:29:42 +0400] "POST /update.php HTTP/1.1" 200 58 "-" "Opera/9.00 (Windows NT 5.1; U; ru)" "-"
195.239.178.205 - - [27/Dec/2013:03:29:47 +0400] "GET / HTTP/1.0" 301 302 "-" "Mozilla/5.0 (compatible; Nigma.ru/3.0; crawler@nigma.ru)" "-"
195.239.178.205 - - [27/Dec/2013:03:29:48 +0400] "GET / HTTP/1.0" 200 13737 "-" "Mozilla/5.0 (compatible; Nigma.ru/3.0; crawler@nigma.ru)" "-"
95.167.1.246 - - [27/Dec/2013:03:29:50 +0400] "GET /spravochnik.php HTTP/1.1" 200 25762 "http://yandex.ru/clck/jsredir?from=yandex.ru%3Byandsearch%3Bweb%3B%3B&text=%D0%B4%D0%B5%D0%BF%D0%B0%D1%80%D1%82%D0%B0%D0%BC%D0%B5%D0%BD%D1%82%20%D0%B7%D0%B0%D0%B3%D1%81%20%D0%BA%D0%B0%D0%BB%D0%B8%D0%BD%D0%B8%D0%BD%D0%B3%D1%80%D0%B0%D0%B4%D1%81%D0%BA%D0%BE%D0%B9%20%D0%BE%D0%B1%D0%BB%D0%B0%D1%81%D1%82%D0%B8&uuid=&state=AiuY0DBWFJ4ePaEse6rgeAjgs2pI3DW99KUdgowt9Xs7e_DEZHQ5W95_yvpQttK3Zw6jxxjh6xxauEbtcLk1oWORcNDFBA9CKWuhuCSIdnlRFoY_oQfKl_z6G7sfINC-RcfMyESjxLeT97Rr6pHiakfhzT6XjTTFmZ1mgRj8uqqI01J56Yg9nL7v90LQ7QgwDM_Ih532mMXoSDcZHZUxVaEOwz3Bqz5GUfhmSEQXflIGK6cMJxKK_xZFPa_meYPt--x543opQRR0--5baMBLoA&data=UlNrNmk5WktYejR0eWJFYk1Ldmtxc28xTkJMdjZ2Z3VFZlBNVnRRUmtfRXRSdFRSUmdxSFdaYTFzZkpkQ01WWnJmWEhaRHllSUxhclVUcTQ0cHdpTmFDTUFzZzdDX0RKNWFLRmdxem5DODBCbG9vcnN2dVB0dw&b64e=2&sign=2515142e860712dc083c7b8f14c982f1&keyno=0&l10n=ru&mc=3.77850207357611" "Mozilla/5.0 (Windows NT 5.1) AppleWebKit/537.36 (KHTML, like Gecko) Chrome/28.0.1500.95 YaBrowser/13.10.1500.9323 Safari/537.36" "-"
95.167.1.246 - - [27/Dec/2013:03:29:51 +0400] "GET /script.js HTTP/1.1" 404 285 "http://www.eseni.ru/spravochnik.php" "Mozilla/5.0 (Windows NT 5.1) AppleWebKit/537.36 (KHTML, like Gecko) Chrome/28.0.1500.95 YaBrowser/13.10.1500.9323 Safari/537.36" "-"
95.167.1.246 - - [27/Dec/2013:03:29:51 +0400] "GET /css/spacer.gif HTTP/1.1" 404 290 "http://www.eseni.ru/spravochnik.php" "Mozilla/5.0 (Windows NT 5.1) AppleWebKit/537.36 (KHTML, like Gecko) Chrome/28.0.1500.95 YaBrowser/13.10.1500.9323 Safari/537.36" "-"
95.167.1.246 - - [27/Dec/2013:03:29:51 +0400] "GET /css/BlockHeader.png HTTP/1.1" 404 295 "http://www.eseni.ru/spravochnik.php" "Mozilla/5.0 (Windows NT 5.1) AppleWebKit/537.36 (KHTML, like Gecko) Chrome/28.0.1500.95 YaBrowser/13.10.1500.9323 Safari/537.36" "-"
95.167.1.246 - - [27/Dec/2013:03:29:52 +0400] "GET /favicon.ico HTTP/1.1" 404 287 "-" "Mozilla/5.0 (Windows NT 5.1) AppleWebKit/537.36 (KHTML, like Gecko) Chrome/28.0.1500.95 YaBrowser/13.10.1500.9323 Safari/537.36" "-"
5.149.248.86 - - [27/Dec/2013:03:29:59 +0400] "POST /update.php HTTP/1.1" 200 58 "-" "Opera/9.00 (Windows NT 5.1; U; ru)" "-"
5.63.154.55 - - [27/Dec/2013:03:30:05 +0400] "POST /wp-cron.php?doing_wp_cron HTTP/1.0" 302 294 "-" "WordPress/3.1.1; http://janneta.ru" "-"
37.9.53.103 - - [27/Dec/2013:03:30:06 +0400] "POST /wp-login.php HTTP/1.0" 200 4390 "janneta.ru/wp-login.php" "Mozilla/5.0 (Windows NT 6.1; rv:19.0) Gecko/20100101 Firefox/19.0" "-"
95.167.1.246 - - [27/Dec/2013:03:30:21 +0400] "GET /favicon.ico HTTP/1.1" 404 287 "-" "Mozilla/5.0 (Windows NT 5.1) AppleWebKit/537.36 (KHTML, like Gecko) Chrome/28.0.1500.95 YaBrowser/13.10.1500.9323 Safari/537.36" "-"
95.167.1.246 - - [27/Dec/2013:03:30:26 +0400] "GET /favicon.ico HTTP/1.1" 404 287 "-" "Mozilla/5.0 (Windows NT 5.1) AppleWebKit/537.36 (KHTML, like Gecko) Chrome/28.0.1500.95 YaBrowser/13.10.1500.9323 Safari/537.36" "-"
195.239.178.205 - - [27/Dec/2013:03:30:33 +0400] "GET / HTTP/1.0" 302 294 "-" "Mozilla/5.0 (compatible; Nigma.ru/3.0; crawler@nigma.ru)" "-"
109.111.143.66 - - [27/Dec/2013:03:30:38 +0400] "GET /favicon.ico HTTP/1.1" 404 292 "-" "Mozilla/5.0 (Windows NT 6.1; Win64; x64; Trident/7.0; rv:11.0) like Gecko" "-"
199.30.20.80 - - [27/Dec/2013:03:30:38 +0400] "GET /robots.txt HTTP/1.1" 200 42 "-" "msnbot-media/1.1 (+http://search.msn.com/msnbot.htm)" "-"
5.149.248.86 - - [27/Dec/2013:03:30:41 +0400] "POST /update.php HTTP/1.1" 200 58 "-" "Opera/9.00 (Windows NT 5.1; U; ru)" "-"
199.30.16.6 - - [27/Dec/2013:03:30:41 +0400] "GET /robots.txt HTTP/1.1" 200 56 "-" "msnbot-media/1.1 (+http://search.msn.com/msnbot.htm)" "-"
5.63.154.55 - - [27/Dec/2013:03:30:53 +0400] "POST /wp-cron.php?doing_wp_cron=1388100653.8810369968414306640625 HTTP/1.0" 302 298 "-" "WordPress/3.4.2; http://prof-emck.ru" "-"
91.207.61.224 - - [27/Dec/2013:03:30:54 +0400] "POST /wp-login.php HTTP/1.0" 200 3742 "http://prof-emck.ru/wp-login.php" "Opera/9.80 (Windows NT 6.1; U; ru) Presto/2.8.131 Version/11.10" "-"
5.149.248.86 - - [27/Dec/2013:03:30:58 +0400] "POST /update.php HTTP/1.1" 200 58 "-" "Opera/9.00 (Windows NT 5.1; U; ru)" "-"
213.180.206.197 - - [27/Dec/2013:03:31:05 +0400] "GET / HTTP/1.1" 200 12761 "-" "Mozilla/5.0 (compatible; YandexMetrika/2.0; +http://yandex.com/bots mon2)" "-"
95.167.1.246 - - [27/Dec/2013:03:31:10 +0400] "GET /favicon.ico HTTP/1.1" 404 287 "-" "Mozilla/5.0 (Windows NT 5.1) AppleWebKit/537.36 (KHTML, like Gecko) Chrome/28.0.1500.95 YaBrowser/13.10.1500.9323 Safari/537.36" "-"
85.142.26.224 - - [27/Dec/2013:03:31:12 +0400] "HEAD / HTTP/1.1" 200 0 "-" "Mozilla/5.0 (X11; Linux x86_64) AppleWebKit/537.11 (KHTML, like Gecko) Chrome/23.0.1271.97 Safari/537.11" "-"
85.142.26.224 - - [27/Dec/2013:03:31:12 +0400] "GET / HTTP/1.1" 200 34000 "-" "Mozilla/5.0 (X11; Linux x86_64) AppleWebKit/537.11 (KHTML, like Gecko) Chrome/23.0.1271.97 Safari/537.11" "-"
95.167.1.246 - - [27/Dec/2013:03:31:16 +0400] "GET /favicon.ico HTTP/1.1" 404 287 "-" "Mozilla/5.0 (Windows NT 5.1) AppleWebKit/537.36 (KHTML, like Gecko) Chrome/28.0.1500.95 YaBrowser/13.10.1500.9323 Safari/537.36" "-"
5.10.83.14 - - [27/Dec/2013:03:31:28 +0400] "GET /event/2013/11/16/week/ HTTP/1.1" 200 51489 "-" "Mozilla/5.0 (compatible; AhrefsBot/5.0; +http://ahrefs.com/robot/)" "-"
157.55.36.36 - - [27/Dec/2013:03:31:33 +0400] "GET /robots.txt HTTP/1.1" 200 527 "-" "Mozilla/5.0 (compatible; bingbot/2.0; +http://www.bing.com/bingbot.htm)" "-"
46.45.28.41 - - [27/Dec/2013:03:31:36 +0400] "GET /forum.php%3Faction%3Ddpages/index/page:134 HTTP/1.1" 404 7636 "-" "Mozilla/5.0 (X11; U; Linux i686; en-US; rv:1.8.0.7) Gecko/20060928 (Debian|Debian-1.8.0.7-1) Epiphany/2.14" "-"
46.45.28.41 - - [27/Dec/2013:03:31:37 +0400] "GET /forum.php%3Faction%3Ddpages/index/page:134 HTTP/1.1" 404 7642 "-" "Mozilla/5.0 (X11; U; Linux i686; cs-CZ; rv:1.7.12) Gecko/20050929" "-"
46.45.28.41 - - [27/Dec/2013:03:31:37 +0400] "GET /forum.php%3Faction%3Ddpages/index/page:134 HTTP/1.1" 404 7636 "-" "Opera/9.80 (Windows NT 6.1; U; ru) Presto/2.8.131 Version/11.10" "-"
46.45.28.41 - - [27/Dec/2013:03:31:37 +0400] "GET /forum.php%3Faction%3Ddpages/index/page:134 HTTP/1.1" 404 7642 "-" "Opera/9.80 (Macintosh; Intel Mac OS X 10.6.7; U; ru) Presto/2.8.131 Version/11.10" "-"
46.45.28.41 - - [27/Dec/2013:03:31:37 +0400] "GET /forum.php%3Faction%3Ddpages/index/page:134 HTTP/1.1" 404 7642 "-" "Mozilla/5.0 (X11; U; Linux i686; en-US; rv:1.8.0.7) Gecko/20060928 (Debian|Debian-1.8.0.7-1) Epiphany/2.14" "-"
46.45.28.41 - - [27/Dec/2013:03:31:37 +0400] "GET /forum.php%3Faction%3Ddpages/index/page:134 HTTP/1.1" 404 7636 "-" "Opera/9.80 (Windows NT 6.1; U; ru) Presto/2.8.131 Version/11.10" "-"
5.149.248.86 - - [27/Dec/2013:03:31:43 +0400] "POST /update.php HTTP/1.1" 200 58 "-" "Opera/9.00 (Windows NT 5.1; U; ru)" "-"
66.249.78.30 - - [27/Dec/2013:03:31:58 +0400] "GET /event/2013/12/27/table/ HTTP/1.1" 200 55672 "-" "Mozilla/5.0 (compatible; Googlebot/2.1; +http://www.google.com/bot.html)" "-"
5.149.248.86 - - [27/Dec/2013:03:32:00 +0400] "POST /update.php HTTP/1.1" 200 58 "-" "Opera/9.00 (Windows NT 5.1; U; ru)" "-"
109.111.143.66 - - [27/Dec/2013:03:32:07 +0400] "GET /favicon.ico HTTP/1.1" 404 292 "-" "Mozilla/5.0 (Windows NT 6.1; Win64; x64; Trident/7.0; rv:11.0) like Gecko" "-"
199.30.20.88 - - [27/Dec/2013:03:32:14 +0400] "GET /robots.txt HTTP/1.1" 404 7642 "-" "msnbot-media/1.1 (+http://search.msn.com/msnbot.htm)" "-"
134.249.52.115 - - [27/Dec/2013:03:32:17 +0400] "GET /kategorii-tovarov/bytovaya-tekhnika/stiralnye-mashiny-s-sushkoi HTTP/1.1" 499 0 "http://ozporno.net/" "Mozilla/4.0 (compatible; MSIE 6.0; Windows NT 5.1; FREE; .NET CLR 1.1.4322)" "-"
134.249.52.115 - - [27/Dec/2013:03:32:18 +0400] "GET /kategorii-tovarov/bytovaya-tekhnika/stiralnye-mashiny-s-sushkoi HTTP/1.1" 200 8252 "http://ozporno.net/" "Mozilla/4.0 (compatible; MSIE 6.0; Windows NT 5.1; FREE; .NET CLR 1.1.4322)" "-"
134.249.52.115 - - [27/Dec/2013:03:32:19 +0400] "GET /kategorii-tovarov/bytovaya-tekhnika/stiralnye-mashiny-s-sushkoi HTTP/1.1" 200 19932 "http://ozporno.net/" "Mozilla/4.0 (compatible; MSIE 6.0; Windows NT 5.1; FREE; .NET CLR 1.1.4322)" "-"
5.10.83.14 - - [27/Dec/2013:03:32:24 +0400] "GET /event/2012/12/16/table/all/all/30 HTTP/1.1" 200 60090 "-" "Mozilla/5.0 (compatible; AhrefsBot/5.0; +http://ahrefs.com/robot/)" "-"
66.249.78.17 - - [27/Dec/2013:03:32:25 +0400] "GET /razvivajushhie_igry_dlja_detej.php HTTP/1.1" 200 9168 "-" "Mozilla/5.0 (compatible; Googlebot/2.1; +http://www.google.com/bot.html)" "-"
5.63.154.55 - - [27/Dec/2013:03:32:27 +0400] "POST /wp-cron.php?doing_wp_cron=1388100747.2089669704437255859375 HTTP/1.0" 302 312 "-" "WordPress/3.5.1; http://vozrast-schastya.ru" "-"
193.105.154.237 - - [27/Dec/2013:03:32:27 +0400] "POST /wp-login.php HTTP/1.1" 200 3500 "http://vozrast-schastya.ru/wp-login.php" "Mozilla/5.0 (Windows NT 6.1; WOW64) AppleWebKit/535.19 (KHTML, like Gecko) Chrome/18.0.1025.152 Safari/535.19" "-"
66.249.78.150 - - [27/Dec/2013:03:32:30 +0400] "GET /robots.txt HTTP/1.1" 200 1580 "-" "Mozilla/5.0 (compatible; Googlebot/2.1; +http://www.google.com/bot.html)" "-"
66.249.78.150 - - [27/Dec/2013:03:32:32 +0400] "GET /user/register HTTP/1.1" 200 28004 "-" "Mozilla/5.0 (compatible; Googlebot/2.1; +http://www.google.com/bot.html)" "-"
5.149.248.86 - - [27/Dec/2013:03:32:41 +0400] "POST /update.php HTTP/1.1" 200 58 "-" "Opera/9.00 (Windows NT 5.1; U; ru)" "-"
95.167.1.246 - - [27/Dec/2013:03:32:47 +0400] "GET /favicon.ico HTTP/1.1" 404 287 "-" "Mozilla/5.0 (Windows NT 5.1) AppleWebKit/537.36 (KHTML, like Gecko) Chrome/28.0.1500.95 YaBrowser/13.10.1500.9323 Safari/537.36" "-"
95.167.1.246 - - [27/Dec/2013:03:32:51 +0400] "GET /favicon.ico HTTP/1.1" 404 287 "-" "Mozilla/5.0 (Windows NT 5.1) AppleWebKit/537.36 (KHTML, like Gecko) Chrome/28.0.1500.95 YaBrowser/13.10.1500.9323 Safari/537.36" "-"
5.149.248.86 - - [27/Dec/2013:03:33:00 +0400] "POST /update.php HTTP/1.1" 200 58 "-" "Opera/9.00 (Windows NT 5.1; U; ru)" "-"
5.63.154.55 - - [27/Dec/2013:03:33:07 +0400] "POST /wp-cron.php?doing_wp_cron=1388100787.1107060909271240234375 HTTP/1.0" 302 298 "-" "WordPress/3.4.2; http://prof-emck.ru" "-"
193.105.154.237 - - [27/Dec/2013:03:33:07 +0400] "POST /wp-login.php HTTP/1.1" 200 3812 "http://prof-emck.ru/wp-login.php" "Mozilla/5.0 (Windows NT 6.1; WOW64) AppleWebKit/535.19 (KHTML, like Gecko) Chrome/18.0.1025.152 Safari/535.19" "-"
5.63.154.55 - - [27/Dec/2013:03:33:14 +0400] "POST /wp-cron.php?doing_wp_cron HTTP/1.0" 302 294 "-" "WordPress/3.1.1; http://janneta.ru" "-"
184.22.136.110 - - [27/Dec/2013:03:33:15 +0400] "POST /wp-login.php HTTP/1.0" 200 4067 "-" "Mozilla/5.0 (compatible; MSIE 10.6; Windows NT 6.1; Trident/5.0; InfoPath.2; SLCC1; .NET CLR 3.0.4506.2152; .NET CLR 3.5.30729; .NET CLR 2.0.50727) 3gpp-gba UNTRUSTED/1.0" "-"
5.10.83.38 - - [27/Dec/2013:03:33:15 +0400] "GET /tovary-dlja-doma.php HTTP/1.1" 200 22717 "-" "Mozilla/5.0 (compatible; AhrefsBot/5.0; +http://ahrefs.com/robot/)" "-"
81.209.177.140 - - [27/Dec/2013:03:33:17 +0400] "GET /robots.txt HTTP/1.1" 302 300 "-" "netEstate NE Crawler (+http://www.website-datenbank.de/)" "-"
91.147.9.169 - - [27/Dec/2013:03:33:18 +0400] "GET /script.js HTTP/1.1" 404 285 "http://www.eseni.ru/pravila_povedenija_na_pohoronah.php" "Mozilla/5.0 (Linux; Android 4.3; ru-ru; SAMSUNG GT-I9500 Build/JSS15J) AppleWebKit/537.36 (KHTML, like Gecko) Version/1.5 Chrome/28.0.1500.94 Mobile Safari/537.36" "-"
91.147.9.169 - - [27/Dec/2013:03:33:19 +0400] "GET /pravila_povedenija_na_pohoronah.php HTTP/1.1" 200 16818 "https://www.google.ru/" "Mozilla/5.0 (Linux; Android 4.3; ru-ru; SAMSUNG GT-I9500 Build/JSS15J) AppleWebKit/537.36 (KHTML, like Gecko) Version/1.5 Chrome/28.0.1500.94 Mobile Safari/537.36" "-"
178.154.163.30 - - [27/Dec/2013:03:33:21 +0400] "GET /new_products.php HTTP/1.1" 200 13364 "-" "Mozilla/5.0 (compatible; YandexBot/3.0; +http://yandex.com/bots)" "-"
81.209.177.202 - - [27/Dec/2013:03:33:23 +0400] "GET / HTTP/1.1" 302 300 "-" "netEstate NE Crawler (+http://www.website-datenbank.de/)" "-"
81.209.177.202 - - [27/Dec/2013:03:33:38 +0400] "GET / HTTP/1.1" 302 300 "-" "netEstate NE Crawler (+http://www.website-datenbank.de/)" "-"
5.149.248.86 - - [27/Dec/2013:03:33:41 +0400] "POST /update.php HTTP/1.1" 200 58 "-" "Opera/9.00 (Windows NT 5.1; U; ru)" "-"
46.45.28.41 - - [27/Dec/2013:03:33:46 +0400] "GET /forum.php%3Faction%3Ddpages/index/page:134 HTTP/1.1" 404 7642 "-" "Mozilla/5.0 (Macintosh; I; Intel Mac OS X 10_6_7; ru-ru) AppleWebKit/534.31+ (KHTML, like Gecko) Version/5.0.5 Safari/533.21.1" "-"
46.45.28.41 - - [27/Dec/2013:03:33:46 +0400] "GET /forum.php%3Faction%3Ddpages/index/page:134 HTTP/1.1" 404 7636 "-" "Mozilla/5.0 (Windows; U; Windows NT 5.1; en-US) AppleWebKit/532.5 (KHTML, like Gecko) Chrome/4.0.249.78 Safari/532.5" "-"
46.45.28.41 - - [27/Dec/2013:03:33:46 +0400] "GET /forum.php%3Faction%3Ddpages/index/page:134 HTTP/1.1" 404 7642 "-" "Mozilla/5.0 (Windows; I; Windows NT 5.1; ru; rv:1.9.2.13) Gecko/20100101 Firefox/4.0" "-"
46.45.28.41 - - [27/Dec/2013:03:33:46 +0400] "GET /forum.php%3Faction%3Ddpages/index/page:134 HTTP/1.1" 404 7642 "-" "Mozilla/5.0 (X11; U; Linux i686; cs-CZ; rv:1.7.12) Gecko/20050929" "-"
46.45.28.41 - - [27/Dec/2013:03:33:46 +0400] "GET /forum.php%3Faction%3Ddpages/index/page:134 HTTP/1.1" 404 7642 "-" "Mozilla/5.0 (Windows; U; Windows NT 5.1; en-US) AppleWebKit/532.5 (KHTML, like Gecko) Chrome/4.0.249.78 Safari/532.5" "-"
46.45.28.41 - - [27/Dec/2013:03:33:46 +0400] "GET /forum.php%3Faction%3Ddpages/index/page:134 HTTP/1.1" 404 7642 "-" "Mozilla/5.0 (Windows; U; Windows NT 5.1; en-US) AppleWebKit/532.5 (KHTML, like Gecko) Chrome/4.0.249.78 Safari/532.5" "-"
91.147.9.169 - - [27/Dec/2013:03:33:52 +0400] "GET /css/spacer.gif HTTP/1.1" 404 290 "http://www.eseni.ru/pravila_povedenija_na_pohoronah.php" "Mozilla/5.0 (Linux; Android 4.3; ru-ru; SAMSUNG GT-I9500 Build/JSS15J) AppleWebKit/537.36 (KHTML, like Gecko) Version/1.5 Chrome/28.0.1500.94 Mobile Safari/537.36" "-"
91.147.9.169 - - [27/Dec/2013:03:33:52 +0400] "GET /css/BlockHeader.png HTTP/1.1" 404 295 "http://www.eseni.ru/pravila_povedenija_na_pohoronah.php" "Mozilla/5.0 (Linux; Android 4.3; ru-ru; SAMSUNG GT-I9500 Build/JSS15J) AppleWebKit/537.36 (KHTML, like Gecko) Version/1.5 Chrome/28.0.1500.94 Mobile Safari/537.36" "-"
5.10.83.52 - - [27/Dec/2013:03:33:53 +0400] "GET /oil/maslo-sintoil-super-10w40-sjcf-4 HTTP/1.1" 200 46728 "-" "Mozilla/5.0 (compatible; AhrefsBot/5.0; +http://ahrefs.com/robot/)" "-"
66.249.78.123 - - [27/Dec/2013:03:33:56 +0400] "GET /cveti.php HTTP/1.1" 200 10347 "-" "Mozilla/5.0 (iPhone; CPU iPhone OS 6_0 like Mac OS X) AppleWebKit/536.26 (KHTML, like Gecko) Version/6.0 Mobile/10A5376e Safari/8536.25 (compatible; Googlebot-Mobile/2.1; +http://www.google.com/bot.html)" "-"
5.149.248.86 - - [27/Dec/2013:03:33:58 +0400] "POST /update.php HTTP/1.1" 200 58 "-" "Opera/9.00 (Windows NT 5.1; U; ru)" "-"
178.255.215.64 - - [27/Dec/2013:03:34:00 +0400] "GET /robots.txt HTTP/1.1" 200 65 "-" "Mozilla/5.0 (compatible; Exabot/3.0; +http://www.exabot.com/go/robot)" "-"
178.255.215.64 - - [27/Dec/2013:03:34:00 +0400] "GET /konteynery.php HTTP/1.1" 200 19538 "-" "Mozilla/5.0 (compatible; Exabot/3.0; +http://www.exabot.com/go/robot)" "-"
66.249.78.30 - - [27/Dec/2013:03:34:08 +0400] "GET /event/2013/12/27/month/ HTTP/1.1" 200 54000 "-" "Mozilla/5.0 (compatible; Googlebot/2.1; +http://www.google.com/bot.html)" "-"
157.56.93.42 - - [27/Dec/2013:03:34:13 +0400] "GET /robots.txt HTTP/1.1" 200 46 "-" "Mozilla/5.0 (compatible; bingbot/2.0; +http://www.bing.com/bingbot.htm)" "-"
199.30.20.64 - - [27/Dec/2013:03:34:38 +0400] "GET /robots.txt HTTP/1.1" 404 294 "-" "msnbot-media/1.1 (+http://search.msn.com/msnbot.htm)" "-"
5.10.83.94 - - [27/Dec/2013:03:34:39 +0400] "GET /alloc_commercial.php HTTP/1.1" 200 27083 "-" "Mozilla/5.0 (compatible; AhrefsBot/5.0; +http://ahrefs.com/robot/)" "-"
5.149.248.86 - - [27/Dec/2013:03:34:40 +0400] "POST /update.php HTTP/1.1" 200 58 "-" "Opera/9.00 (Windows NT 5.1; U; ru)" "-"
5.10.83.103 - - [27/Dec/2013:03:34:40 +0400] "GET /tex_karelia.php HTTP/1.1" 200 15662 "-" "Mozilla/5.0 (compatible; AhrefsBot/5.0; +http://ahrefs.com/robot/)" "-"
178.154.163.30 - - [27/Dec/2013:03:34:42 +0400] "GET /jazz_modern_1.html HTTP/1.1" 200 7727 "-" "Mozilla/5.0 (compatible; YandexBot/3.0; +http://yandex.com/bots)" "-"
178.154.163.30 - - [27/Dec/2013:03:34:43 +0400] "GET /dogovory-kupli-prodazhy.php HTTP/1.1" 200 20058 "-" "Mozilla/5.0 (compatible; YandexBot/3.0; +http://yandex.com/bots)" "-"
178.154.163.30 - - [27/Dec/2013:03:34:43 +0400] "GET /garderobnye-komnaty-v-kaliningrade.php HTTP/1.1" 200 11366 "-" "Mozilla/5.0 (compatible; YandexBot/3.0; +http://yandex.com/bots)" "-"
178.154.163.30 - - [27/Dec/2013:03:34:44 +0400] "GET /kachalki-na-pruzhine.php HTTP/1.1" 200 27485 "-" "Mozilla/5.0 (compatible; YandexBot/3.0; +http://yandex.com/bots)" "-"
178.154.163.30 - - [27/Dec/2013:03:34:44 +0400] "GET /sportivnye-ploshhadki.php HTTP/1.1" 200 19623 "-" "Mozilla/5.0 (compatible; YandexBot/3.0; +http://yandex.com/bots)" "-"
178.154.163.30 - - [27/Dec/2013:03:34:45 +0400] "GET /2kv.php HTTP/1.1" 200 11442 "-" "Mozilla/5.0 (compatible; YandexBot/3.0; +http://yandex.com/bots)" "-"
178.154.163.30 - - [27/Dec/2013:03:34:45 +0400] "GET /lizing-vse-vklyucheno HTTP/1.1" 200 43705 "-" "Mozilla/5.0 (compatible; YandexBot/3.0; +http://yandex.com/bots)" "-"
5.63.154.55 - - [27/Dec/2013:03:34:46 +0400] "POST /wp-cron.php?doing_wp_cron=1388100886.1985149383544921875000 HTTP/1.0" 302 304 "-" "WordPress/5270; http://vashdoktormc.ru" "-"
178.154.163.30 - - [27/Dec/2013:03:34:46 +0400] "GET /diagnostika/uzi/uzi HTTP/1.1" 200 26800 "-" "Mozilla/5.0 (compatible; YandexBot/3.0; +http://yandex.com/bots)" "-"
178.154.163.30 - - [27/Dec/2013:03:34:47 +0400] "GET /shestiklinki.html HTTP/1.1" 200 10801 "-" "Mozilla/5.0 (compatible; YandexBot/3.0; +http://yandex.com/bots)" "-"
178.154.163.30 - - [27/Dec/2013:03:34:47 +0400] "GET /taxonomy/term/77/all HTTP/1.1" 200 35592 "-" "Mozilla/5.0 (compatible; YandexBot/3.0; +http://yandex.com/bots)" "-"
178.154.163.30 - - [27/Dec/2013:03:34:47 +0400] "GET /?q=taxonomy/term/42 HTTP/1.1" 200 18751 "-" "Mozilla/5.0 (compatible; YandexBot/3.0; +http://yandex.com/bots)" "-"
5.63.154.55 - - [27/Dec/2013:03:34:48 +0400] "POST /wp-cron.php?doing_wp_cron HTTP/1.0" 302 294 "-" "WordPress/3.1.1; http://janneta.ru" "-"
178.154.163.30 - - [27/Dec/2013:03:34:48 +0400] "GET /dilleri HTTP/1.1" 303 315 "-" "Mozilla/5.0 (compatible; YandexBot/3.0; +http://yandex.com/bots)" "-"
178.154.163.30 - - [27/Dec/2013:03:34:49 +0400] "GET /details.php?id=810 HTTP/1.1" 200 13024 "-" "Mozilla/5.0 (compatible; YandexBot/3.0; +http://yandex.com/bots)" "-"
178.154.163.30 - - [27/Dec/2013:03:34:49 +0400] "GET /?attachment_id=536 HTTP/1.1" 200 8593 "-" "Mozilla/5.0 (compatible; YandexBot/3.0; +http://yandex.com/bots)" "-"
178.154.163.30 - - [27/Dec/2013:03:34:50 +0400] "GET /event/2012/09/04/day/all/all/1 HTTP/1.1" 200 51180 "-" "Mozilla/5.0 (compatible; YandexBot/3.0; +http://yandex.com/bots)" "-"
178.154.163.30 - - [27/Dec/2013:03:34:50 +0400] "GET /user/register?destination=node/233%23comment-form HTTP/1.1" 200 23534 "-" "Mozilla/5.0 (compatible; YandexBot/3.0; +http://yandex.com/bots)" "-"
5.10.83.14 - - [27/Dec/2013:03:34:51 +0400] "GET /event/2013/03/23/week/ HTTP/1.1" 200 52863 "-" "Mozilla/5.0 (compatible; AhrefsBot/5.0; +http://ahrefs.com/robot/)" "-"
178.154.163.30 - - [27/Dec/2013:03:34:52 +0400] "GET /?attachment_id=535 HTTP/1.1" 200 8600 "-" "Mozilla/5.0 (compatible; YandexBot/3.0; +http://yandex.com/bots)" "-"
5.10.83.88 - - [27/Dec/2013:03:34:57 +0400] "GET /novosti-lizinga?page=4 HTTP/1.1" 200 45772 "-" "Mozilla/5.0 (compatible; AhrefsBot/5.0; +http://ahrefs.com/robot/)" "-"
5.149.248.86 - - [27/Dec/2013:03:34:58 +0400] "POST /update.php HTTP/1.1" 200 58 "-" "Opera/9.00 (Windows NT 5.1; U; ru)" "-"
31.41.216.150 - - [27/Dec/2013:03:34:59 +0400] "GET /phpbb3/posting.php?mode=post&f=2 HTTP/1.0" 404 299 "http://33-health-life.ru/phpbb3/posting.php?mode=post&f=2" "Mozilla/5.0 (Windows NT 5.1; rv:12.0) Gecko/20100101 Firefox/12.0" "-"
31.41.216.150 - - [27/Dec/2013:03:34:59 +0400] "GET / HTTP/1.0" 200 12529 "http://33-health-life.ru/" "Mozilla/5.0 (Windows NT 5.1; rv:12.0) Gecko/20100101 Firefox/12.0" "-"
31.41.216.150 - - [27/Dec/2013:03:34:59 +0400] "GET /phpBB3/ HTTP/1.0" 503 2007 "http://33-health-life.ru/phpBB3/" "Mozilla/5.0 (Windows NT 5.1; rv:12.0) Gecko/20100101 Firefox/12.0" "-"
31.41.216.150 - - [27/Dec/2013:03:34:59 +0400] "GET /phpBB3/index.php HTTP/1.0" 503 2007 "http://33-health-life.ru/index.php" "Mozilla/5.0 (Windows NT 5.1; rv:12.0) Gecko/20100101 Firefox/12.0" "-"
66.249.78.30 - - [27/Dec/2013:03:35:19 +0400] "GET /event/2013/12/27/ical/all/all HTTP/1.1" 200 184 "-" "Mozilla/5.0 (compatible; Googlebot/2.1; +http://www.google.com/bot.html)" "-"
66.249.78.148 - - [27/Dec/2013:03:35:24 +0400] "GET /?page_id=787 HTTP/1.1" 200 15266 "-" "Mozilla/5.0 (compatible; Googlebot/2.1; +http://www.google.com/bot.html)" "-"
5.149.248.86 - - [27/Dec/2013:03:35:41 +0400] "POST /update.php HTTP/1.1" 200 58 "-" "Opera/9.00 (Windows NT 5.1; U; ru)" "-"
5.149.248.86 - - [27/Dec/2013:03:35:57 +0400] "POST /update.php HTTP/1.1" 200 58 "-" "Opera/9.00 (Windows NT 5.1; U; ru)" "-"
5.10.83.14 - - [27/Dec/2013:03:36:03 +0400] "GET /event/2012/08/25/table/ HTTP/1.1" 200 59419 "-" "Mozilla/5.0 (compatible; AhrefsBot/5.0; +http://ahrefs.com/robot/)" "-"
5.10.83.52 - - [27/Dec/2013:03:36:10 +0400] "GET /oil/maslo-lyuks-sae-10w40-api-sgsd HTTP/1.1" 200 48252 "-" "Mozilla/5.0 (compatible; AhrefsBot/5.0; +http://ahrefs.com/robot/)" "-"
199.30.28.164 - - [27/Dec/2013:03:36:19 +0400] "GET /robots.txt HTTP/1.1" 200 42 "-" "msnbot-media/1.1 (+http://search.msn.com/msnbot.htm)" "-"
66.249.78.30 - - [27/Dec/2013:03:36:26 +0400] "GET /event/2013/12/26/day/all/all/1 HTTP/1.1" 200 50901 "-" "Mozilla/5.0 (compatible; Googlebot/2.1; +http://www.google.com/bot.html)" "-"
5.10.83.14 - - [27/Dec/2013:03:36:26 +0400] "GET /taxonomy/term/45/0/feed HTTP/1.1" 200 11445 "-" "Mozilla/5.0 (compatible; AhrefsBot/5.0; +http://ahrefs.com/robot/)" "-"
5.149.248.86 - - [27/Dec/2013:03:36:41 +0400] "POST /update.php HTTP/1.1" 200 58 "-" "Opera/9.00 (Windows NT 5.1; U; ru)" "-"
134.249.52.115 - - [27/Dec/2013:03:36:45 +0400] "GET /gardener-services/ HTTP/1.1" 200 6110 "http://ozporno.net/" "Mozilla/4.0 (compatible; MSIE 6.0; Windows NT 5.1; SV1; MRA 4.6 (build 01425); MRSPUTNIK 1, 5, 0, 19 SW)" "-"
134.249.52.115 - - [27/Dec/2013:03:36:45 +0400] "GET /gardener-services/ HTTP/1.1" 200 6110 "http://ozporno.net/" "Mozilla/4.0 (compatible; MSIE 6.0; Windows NT 5.1; SV1; MRA 4.6 (build 01425); MRSPUTNIK 1, 5, 0, 19 SW)" "-"
134.249.52.115 - - [27/Dec/2013:03:36:46 +0400] "GET /gardener-services/ HTTP/1.1" 200 6104 "http://ozporno.net/" "Mozilla/4.0 (compatible; MSIE 6.0; Windows NT 5.1; SV1; MRA 4.6 (build 01425); MRSPUTNIK 1, 5, 0, 19 SW)" "-"
5.10.83.62 - - [27/Dec/2013:03:36:46 +0400] "GET /sites/default/files/formater-custom/IMG_3862.JPG HTTP/1.1" 404 239 "-" "Mozilla/5.0 (compatible; AhrefsBot/5.0; +http://ahrefs.com/robot/)" "-"
5.63.154.55 - - [27/Dec/2013:03:36:50 +0400] "POST /wp-cron.php?doing_wp_cron=1388101010.9227650165557861328125 HTTP/1.0" 302 304 "-" "WordPress/3626; http://vashdoktormc.ru" "-"
193.105.154.237 - - [27/Dec/2013:03:36:51 +0400] "POST /wp-login.php HTTP/1.1" 200 4548 "http://vashdoktormc.ru/wp-login.php" "Mozilla/5.0 (Windows NT 6.1; WOW64) AppleWebKit/535.19 (KHTML, like Gecko) Chrome/18.0.1025.152 Safari/535.19" "-"
5.149.248.86 - - [27/Dec/2013:03:37:00 +0400] "POST /update.php HTTP/1.1" 200 58 "-" "Opera/9.00 (Windows NT 5.1; U; ru)" "-"
5.63.154.55 - - [27/Dec/2013:03:37:21 +0400] "POST /wp-cron.php?doing_wp_cron=1388101040.9602129459381103515625 HTTP/1.0" 302 300 "-" "WordPress/3.8; http://lady50plus.ru" "-"
184.22.136.110 - - [27/Dec/2013:03:37:21 +0400] "POST /wp-login.php HTTP/1.0" 200 207 "-" "Mozilla/5.0 (X11; CrOS i686 4319.74.0) AppleWebKit/537.36 (KHTML, like Gecko) Chrome/29.0.1547.57 Safari/537.36" "-"
5.149.248.86 - - [27/Dec/2013:03:37:41 +0400] "POST /update.php HTTP/1.1" 200 58 "-" "Opera/9.00 (Windows NT 5.1; U; ru)" "-"
5.149.248.86 - - [27/Dec/2013:03:37:59 +0400] "POST /update.php HTTP/1.1" 200 58 "-" "Opera/9.00 (Windows NT 5.1; U; ru)" "-"
66.249.78.30 - - [27/Dec/2013:03:38:22 +0400] "GET /event/2013/11/27/table/all/all/30 HTTP/1.1" 200 55535 "-" "Mozilla/5.0 (compatible; Googlebot/2.1; +http://www.google.com/bot.html)" "-"
66.249.78.68 - - [27/Dec/2013:03:38:23 +0400] "GET /details.php?id=950 HTTP/1.1" 200 1326 "-" "Mozilla/5.0 (compatible; Googlebot/2.1; +http://www.google.com/bot.html)" "-"
46.182.30.45 - - [27/Dec/2013:03:38:23 +0400] "GET /oil/maslo-tnk-gidravlik-hlp-46 HTTP/1.1" 200 56615 "-" "Mozilla/5.0 (Windows; U; Windows NT 5.1; en-US; rv:1.8.1.13) Gecko/20080311 Firefox/2.0.0.13" "-"
5.149.248.86 - - [27/Dec/2013:03:38:40 +0400] "POST /update.php HTTP/1.1" 200 58 "-" "Opera/9.00 (Windows NT 5.1; U; ru)" "-"
66.249.75.154 - - [27/Dec/2013:03:39:00 +0400] "GET /tribune/ HTTP/1.1" 200 47656 "-" "DoCoMo/2.0 N905i(c100;TB;W24H16) (compatible; Googlebot-Mobile/2.1; +http://www.google.com/bot.html)" "-"
5.149.248.86 - - [27/Dec/2013:03:39:00 +0400] "POST /update.php HTTP/1.1" 200 58 "-" "Opera/9.00 (Windows NT 5.1; U; ru)" "-"
134.249.52.115 - - [27/Dec/2013:03:39:01 +0400] "GET / HTTP/1.1" 200 8480 "http://dreambonus.ru/" "Mozilla/4.0 (compatible; MSIE 6.0; America Online Browser 1.1; rev1.2; Windows NT 5.1; SV1; .NET CLR 1.1.4322)" "-"
134.249.52.115 - - [27/Dec/2013:03:39:01 +0400] "GET / HTTP/1.1" 200 8480 "http://dreambonus.ru/" "Mozilla/4.0 (compatible; MSIE 6.0; America Online Browser 1.1; rev1.2; Windows NT 5.1; SV1; .NET CLR 1.1.4322)" "-"
134.249.52.115 - - [27/Dec/2013:03:39:01 +0400] "GET / HTTP/1.1" 200 7912 "http://dreambonus.ru/" "Mozilla/4.0 (compatible; MSIE 6.0; America Online Browser 1.1; rev1.2; Windows NT 5.1; SV1; .NET CLR 1.1.4322)" "-"
5.10.83.62 - - [27/Dec/2013:03:39:09 +0400] "GET /node/53 HTTP/1.1" 200 25448 "-" "Mozilla/5.0 (compatible; AhrefsBot/5.0; +http://ahrefs.com/robot/)" "-"
213.180.206.197 - - [27/Dec/2013:03:39:15 +0400] "GET / HTTP/1.1" 200 12188 "-" "Mozilla/5.0 (compatible; YandexMetrika/2.0; +http://yandex.com/bots mon2)" "-"
188.226.55.83 - - [27/Dec/2013:03:39:17 +0400] "GET /favicon.ico HTTP/1.1" 404 288 "-" "Mozilla/5.0 (Windows NT 6.1; WOW64) AppleWebKit/537.36 (KHTML, like Gecko) Chrome/31.0.1650.57 Safari/537.36 OPR/18.0.1284.49 (Edition Yx)" "-"
178.154.163.30 - - [27/Dec/2013:03:39:24 +0400] "GET /node/3?page=1 HTTP/1.1" 200 37207 "-" "Mozilla/5.0 (compatible; YandexBot/3.0; +http://yandex.com/bots)" "-"
157.55.33.249 - - [27/Dec/2013:03:39:28 +0400] "GET /category.php?id_category=10&p=2 HTTP/1.1" 503 8140 "-" "Mozilla/5.0 (compatible; bingbot/2.0; +http://www.bing.com/bingbot.htm)" "-"
66.249.78.182 - - [27/Dec/2013:03:39:31 +0400] "GET /robots.txt HTTP/1.1" 200 1580 "-" "Mozilla/5.0 (compatible; Googlebot/2.1; +http://www.google.com/bot.html)" "-"
188.226.55.83 - - [27/Dec/2013:03:39:32 +0400] "-" 400 0 "-" "-" "-"
178.154.163.30 - - [27/Dec/2013:03:39:35 +0400] "GET /node/90 HTTP/1.1" 200 24998 "-" "Mozilla/5.0 (compatible; YandexBot/3.0; +http://yandex.com/bots)" "-"
66.249.78.50 - - [27/Dec/2013:03:39:40 +0400] "GET /robots.txt HTTP/1.1" 200 138 "-" "Mozilla/5.0 (compatible; Googlebot/2.1; +http://www.google.com/bot.html)" "-"
66.249.78.50 - - [27/Dec/2013:03:39:40 +0400] "GET / HTTP/1.1" 200 10747 "-" "Mozilla/5.0 (iPhone; CPU iPhone OS 6_0 like Mac OS X) AppleWebKit/536.26 (KHTML, like Gecko) Version/6.0 Mobile/10A5376e Safari/8536.25 (compatible; Googlebot-Mobile/2.1; +http://www.google.com/bot.html)" "-"
5.149.248.86 - - [27/Dec/2013:03:39:40 +0400] "POST /update.php HTTP/1.1" 200 58 "-" "Opera/9.00 (Windows NT 5.1; U; ru)" "-"
213.238.175.50 - - [27/Dec/2013:03:39:51 +0400] "GET /administrator/index.php?option=com_login HTTP/1.1" 302 298 "-" "Mozilla/4.0" "-"
5.149.248.86 - - [27/Dec/2013:03:39:59 +0400] "POST /update.php HTTP/1.1" 200 58 "-" "Opera/9.00 (Windows NT 5.1; U; ru)" "-"
195.239.178.205 - - [27/Dec/2013:03:40:01 +0400] "GET / HTTP/1.0" 302 306 "-" "Mozilla/5.0 (compatible; Nigma.ru/3.0; crawler@nigma.ru)" "-"
188.190.99.21 - - [27/Dec/2013:03:40:04 +0400] "GET /wp-login.php HTTP/1.1" 301 326 "-" "Mozilla/5.0 (Windows NT 6.1) AppleWebKit/537.1 (KHTML, like Gecko) Chrome/24.0.1309.0 Safari/537.17" "-"
184.22.136.110 - - [27/Dec/2013:03:40:07 +0400] "GET /user HTTP/1.0" 200 29991 "-" "Mozilla/5.0 (Windows NT 6.0; rv:2.0) Gecko/20100101 Firefox/4.0 Opera 12.14" "-"
184.22.136.110 - - [27/Dec/2013:03:40:09 +0400] "POST /user HTTP/1.0" 200 30352 "http://LIGATANCEV.ru/user" "Mozilla/5.0 (Windows NT 6.0; rv:2.0) Gecko/20100101 Firefox/4.0 Opera 12.14" "-"
188.190.99.21 - - [27/Dec/2013:03:40:19 +0400] "GET /wp-login.php HTTP/1.1" 404 294 "-" "Mozilla/5.0 (Windows NT 6.1) AppleWebKit/537.1 (KHTML, like Gecko) Chrome/24.0.1309.0 Safari/537.17" "-"
195.239.178.205 - - [27/Dec/2013:03:40:22 +0400] "GET / HTTP/1.0" 302 304 "-" "Mozilla/5.0 (compatible; Nigma.ru/3.0; crawler@nigma.ru)" "-"
188.190.99.21 - - [27/Dec/2013:03:40:31 +0400] "GET /administrator/ HTTP/1.1" 301 328 "-" "Mozilla/5.0 (Windows NT 6.1) AppleWebKit/537.1 (KHTML, like Gecko) Chrome/24.0.1309.0 Safari/537.17" "-"
5.149.248.86 - - [27/Dec/2013:03:40:41 +0400] "POST /update.php HTTP/1.1" 200 58 "-" "Opera/9.00 (Windows NT 5.1; U; ru)" "-"
188.190.99.21 - - [27/Dec/2013:03:40:44 +0400] "GET /administrator/ HTTP/1.1" 404 296 "-" "Mozilla/5.0 (Windows NT 6.1) AppleWebKit/537.1 (KHTML, like Gecko) Chrome/24.0.1309.0 Safari/537.17" "-"
188.190.99.21 - - [27/Dec/2013:03:40:54 +0400] "GET /admin.php HTTP/1.1" 301 323 "-" "Mozilla/5.0 (Windows NT 6.1) AppleWebKit/537.1 (KHTML, like Gecko) Chrome/24.0.1309.0 Safari/537.17" "-"
199.30.20.78 - - [27/Dec/2013:03:40:55 +0400] "GET /robots.txt HTTP/1.1" 200 42 "-" "msnbot-media/1.1 (+http://search.msn.com/msnbot.htm)" "-"
65.55.215.59 - - [27/Dec/2013:03:40:56 +0400] "GET /robots.txt HTTP/1.1" 404 7642 "-" "msnbot-media/1.1 (+http://search.msn.com/msnbot.htm)" "-"
5.149.248.86 - - [27/Dec/2013:03:40:58 +0400] "POST /update.php HTTP/1.1" 200 58 "-" "Opera/9.00 (Windows NT 5.1; U; ru)" "-"
5.63.154.55 - - [27/Dec/2013:03:41:17 +0400] "POST /wp-cron.php?doing_wp_cron=1388101277.3675310611724853515625 HTTP/1.0" 302 312 "-" "WordPress/3.5.1; http://vozrast-schastya.ru" "-"
193.105.154.237 - - [27/Dec/2013:03:41:17 +0400] "POST /wp-login.php HTTP/1.1" 200 3500 "http://vozrast-schastya.ru/wp-login.php" "Mozilla/5.0 (Windows NT 6.1; WOW64) AppleWebKit/535.19 (KHTML, like Gecko) Chrome/18.0.1025.152 Safari/535.19" "-"
66.249.78.30 - - [27/Dec/2013:03:41:18 +0400] "GET /event/2013/12/27/ical/all/all/30 HTTP/1.1" 200 184 "-" "Mozilla/5.0 (compatible; Googlebot/2.1; +http://www.google.com/bot.html)" "-"
66.249.78.29 - - [27/Dec/2013:03:41:21 +0400] "GET /vstraivaemaya-mebel.php HTTP/1.1" 200 13384 "-" "Mozilla/5.0 (compatible; Googlebot/2.1; +http://www.google.com/bot.html)" "-"
5.149.248.86 - - [27/Dec/2013:03:41:42 +0400] "POST /update.php HTTP/1.1" 200 58 "-" "Opera/9.00 (Windows NT 5.1; U; ru)" "-"
65.55.215.80 - - [27/Dec/2013:03:41:49 +0400] "GET /robots.txt HTTP/1.1" 200 94 "-" "msnbot-media/1.1 (+http://search.msn.com/msnbot.htm)" "-"
5.63.154.55 - - [27/Dec/2013:03:41:57 +0400] "POST /wp-cron.php?doing_wp_cron=1388101317.3624050617218017578125 HTTP/1.0" 302 298 "-" "WordPress/3.4.2; http://prof-emck.ru" "-"
193.105.154.237 - - [27/Dec/2013:03:41:58 +0400] "POST /wp-login.php HTTP/1.1" 200 3812 "http://prof-emck.ru/wp-login.php" "Mozilla/5.0 (Windows NT 6.1; WOW64) AppleWebKit/535.19 (KHTML, like Gecko) Chrome/18.0.1025.152 Safari/535.19" "-"
5.149.248.86 - - [27/Dec/2013:03:42:00 +0400] "POST /update.php HTTP/1.1" 200 58 "-" "Opera/9.00 (Windows NT 5.1; U; ru)" "-"
188.190.99.21 - - [27/Dec/2013:03:42:20 +0400] "GET /wp-login.php HTTP/1.1" 404 292 "-" "Mozilla/5.0 (Windows NT 6.1) AppleWebKit/537.1 (KHTML, like Gecko) Chrome/24.0.1290.1 Safari/537.13" "-"
188.190.99.21 - - [27/Dec/2013:03:42:20 +0400] "GET /administrator/ HTTP/1.1" 404 294 "-" "Mozilla/5.0 (Windows NT 6.1) AppleWebKit/537.1 (KHTML, like Gecko) Chrome/24.0.1290.1 Safari/537.13" "-"
188.190.99.21 - - [27/Dec/2013:03:42:21 +0400] "GET /admin.php HTTP/1.1" 404 289 "-" "Mozilla/5.0 (Windows NT 6.1) AppleWebKit/537.1 (KHTML, like Gecko) Chrome/24.0.1290.1 Safari/537.13" "-"
5.10.83.14 - - [27/Dec/2013:03:42:23 +0400] "GET /event/2012/09/21/month/all/all/1 HTTP/1.1" 200 57987 "-" "Mozilla/5.0 (compatible; AhrefsBot/5.0; +http://ahrefs.com/robot/)" "-"
5.10.83.52 - - [27/Dec/2013:03:42:34 +0400] "GET /catalogue/oils/motor/m-8g2.html HTTP/1.1" 404 10103 "-" "Mozilla/5.0 (compatible; AhrefsBot/5.0; +http://ahrefs.com/robot/)" "-"
5.149.248.86 - - [27/Dec/2013:03:42:39 +0400] "POST /update.php HTTP/1.1" 200 58 "-" "Opera/9.00 (Windows NT 5.1; U; ru)" "-"
66.249.78.30 - - [27/Dec/2013:03:42:49 +0400] "GET /event/2013/12/20/week/all/all/1 HTTP/1.1" 200 51720 "-" "Mozilla/5.0 (compatible; Googlebot/2.1; +http://www.google.com/bot.html)" "-"
5.149.248.86 - - [27/Dec/2013:03:42:59 +0400] "POST /update.php HTTP/1.1" 200 58 "-" "Opera/9.00 (Windows NT 5.1; U; ru)" "-"
5.10.83.14 - - [27/Dec/2013:03:43:20 +0400] "GET /event/2013/02/08/ical/all/all/30 HTTP/1.1" 200 1851 "-" "Mozilla/5.0 (compatible; AhrefsBot/5.0; +http://ahrefs.com/robot/)" "-"
195.239.178.205 - - [27/Dec/2013:03:43:29 +0400] "GET / HTTP/1.0" 302 306 "-" "Mozilla/5.0 (compatible; Nigma.ru/3.0; crawler@nigma.ru)" "-"
85.142.26.224 - - [27/Dec/2013:03:43:30 +0400] "HEAD / HTTP/1.1" 301 0 "-" "Mozilla/5.0 (X11; Linux x86_64) AppleWebKit/537.11 (KHTML, like Gecko) Chrome/23.0.1271.97 Safari/537.11" "-"
85.142.26.224 - - [27/Dec/2013:03:43:30 +0400] "HEAD / HTTP/1.1" 200 0 "-" "Mozilla/5.0 (X11; Linux x86_64) AppleWebKit/537.11 (KHTML, like Gecko) Chrome/23.0.1271.97 Safari/537.11" "-"
85.142.26.224 - - [27/Dec/2013:03:43:30 +0400] "GET / HTTP/1.1" 200 13849 "-" "Mozilla/5.0 (X11; Linux x86_64) AppleWebKit/537.11 (KHTML, like Gecko) Chrome/23.0.1271.97 Safari/537.11" "-"
5.10.83.14 - - [27/Dec/2013:03:43:33 +0400] "GET /event/2012/08/30/month HTTP/1.1" 200 56765 "-" "Mozilla/5.0 (compatible; AhrefsBot/5.0; +http://ahrefs.com/robot/)" "-"
199.30.20.98 - - [27/Dec/2013:03:43:35 +0400] "GET /robots.txt HTTP/1.1" 200 42 "-" "msnbot-media/1.1 (+http://search.msn.com/msnbot.htm)" "-"
199.30.16.27 - - [27/Dec/2013:03:43:39 +0400] "GET /robots.txt HTTP/1.1" 200 45 "-" "msnbot-media/1.1 (+http://search.msn.com/msnbot.htm)" "-"
5.149.248.86 - - [27/Dec/2013:03:43:41 +0400] "POST /update.php HTTP/1.1" 200 58 "-" "Opera/9.00 (Windows NT 5.1; U; ru)" "-"
5.149.248.86 - - [27/Dec/2013:03:44:00 +0400] "POST /update.php HTTP/1.1" 200 58 "-" "Opera/9.00 (Windows NT 5.1; U; ru)" "-"
199.30.20.31 - - [27/Dec/2013:03:44:15 +0400] "GET /robots.txt HTTP/1.1" 200 42 "-" "msnbot-media/1.1 (+http://search.msn.com/msnbot.htm)" "-"
66.249.78.37 - - [27/Dec/2013:03:44:19 +0400] "GET /karelia.html HTTP/1.1" 200 16371 "-" "Mozilla/5.0 (compatible; Googlebot/2.1; +http://www.google.com/bot.html)" "-"
184.22.136.110 - - [27/Dec/2013:03:44:19 +0400] "GET /user HTTP/1.0" 200 22913 "-" "Mozilla/5.0 (X11; U; Linux i686; en-US; rv:1.9a3pre) Gecko/20070330" "-"
184.22.136.110 - - [27/Dec/2013:03:44:21 +0400] "POST /user HTTP/1.0" 200 23164 "http://MAOU8-KLGD.ru/user" "Mozilla/5.0 (X11; U; Linux i686; en-US; rv:1.9a3pre) Gecko/20070330" "-"
95.167.1.246 - - [27/Dec/2013:03:44:37 +0400] "GET /favicon.ico HTTP/1.1" 404 287 "-" "Mozilla/5.0 (Windows NT 5.1) AppleWebKit/537.36 (KHTML, like Gecko) Chrome/28.0.1500.95 YaBrowser/13.10.1500.9323 Safari/537.36" "-"
5.149.248.86 - - [27/Dec/2013:03:44:41 +0400] "POST /update.php HTTP/1.1" 200 58 "-" "Opera/9.00 (Windows NT 5.1; U; ru)" "-"
95.167.1.246 - - [27/Dec/2013:03:44:43 +0400] "GET /favicon.ico HTTP/1.1" 404 287 "-" "Mozilla/5.0 (Windows NT 5.1) AppleWebKit/537.36 (KHTML, like Gecko) Chrome/28.0.1500.95 YaBrowser/13.10.1500.9323 Safari/537.36" "-"
91.123.195.136 - - [27/Dec/2013:03:44:56 +0400] "GET / HTTP/1.0" 301 306 "-" "Mozilla/5.0 (Windows NT 6.1; WOW64; rv:23.0) Gecko/20100101 Firefox/23.0" "-"
91.123.195.136 - - [27/Dec/2013:03:44:57 +0400] "GET / HTTP/1.0" 200 4966 "-" "Mozilla/5.0 (Windows NT 6.1; WOW64; rv:23.0) Gecko/20100101 Firefox/23.0" "-"
5.149.248.86 - - [27/Dec/2013:03:45:01 +0400] "POST /update.php HTTP/1.1" 200 58 "-" "Opera/9.00 (Windows NT 5.1; U; ru)" "-"
5.10.83.52 - - [27/Dec/2013:03:45:09 +0400] "GET /lubricant/smazka-transol-200 HTTP/1.1" 200 47915 "-" "Mozilla/5.0 (compatible; AhrefsBot/5.0; +http://ahrefs.com/robot/)" "-"
157.55.33.249 - - [27/Dec/2013:03:45:14 +0400] "GET /category.php?id_category=10&p=2 HTTP/1.0" 503 8120 "-" "Mozilla/5.0 (compatible; bingbot/2.0; +http://www.bing.com/bingbot.htm)" "-"
66.249.78.217 - - [27/Dec/2013:03:45:25 +0400] "GET /robots.txt HTTP/1.1" 404 290 "-" "Mozilla/5.0 (compatible; Googlebot/2.1; +http://www.google.com/bot.html)" "-"
66.249.78.217 - - [27/Dec/2013:03:45:25 +0400] "GET / HTTP/1.1" 200 6933 "-" "Mozilla/5.0 (iPhone; CPU iPhone OS 6_0 like Mac OS X) AppleWebKit/536.26 (KHTML, like Gecko) Version/6.0 Mobile/10A5376e Safari/8536.25 (compatible; Googlebot-Mobile/2.1; +http://www.google.com/bot.html)" "-"
5.10.83.14 - - [27/Dec/2013:03:45:35 +0400] "GET /event/2013/01/08/month/ HTTP/1.1" 200 55139 "-" "Mozilla/5.0 (compatible; AhrefsBot/5.0; +http://ahrefs.com/robot/)" "-"
5.149.248.86 - - [27/Dec/2013:03:45:40 +0400] "POST /update.php HTTP/1.1" 200 58 "-" "Opera/9.00 (Windows NT 5.1; U; ru)" "-"
5.63.154.55 - - [27/Dec/2013:03:45:40 +0400] "POST /wp-cron.php?doing_wp_cron=1388101540.6727640628814697265625 HTTP/1.0" 302 304 "-" "WordPress/8585; http://vashdoktormc.ru" "-"
